---
source: crates/dora-compiler/src/wasm/tests/conversion.rs
expression: op
snapshot_kind: text
---
module {
  func.func public @fib(%arg0: !llvm.ptr, %arg1: i64) -> i64 attributes {llvm.emit_c_interface} {
    %c1_i32 = arith.constant 1 : i32
    %0 = llvm.alloca %c1_i32 x i64 : (i32) -> !llvm.ptr
    llvm.store %arg1, %0 : i64, !llvm.ptr
    cf.br ^bb1
  ^bb1:  // pred: ^bb0
    %1 = llvm.load %0 : !llvm.ptr -> i64
    %c1_i64 = arith.constant 1 : i64
    %2 = arith.cmpi ule, %1, %c1_i64 : i64
    %3 = arith.extui %2 : i1 to i64
    %4 = arith.trunci %3 : i64 to i32
    %c0_i32 = arith.constant 0 : i32
    %5 = arith.cmpi ne, %4, %c0_i32 : i32
    cf.cond_br %5, ^bb3, ^bb4
  ^bb2(%6: i64):  // pred: ^bb5
    return %6 : i64
  ^bb3:  // pred: ^bb1
    %c1_i64_0 = arith.constant 1 : i64
    cf.br ^bb5(%c1_i64_0 : i64)
  ^bb4:  // pred: ^bb1
    %7 = llvm.load %0 : !llvm.ptr -> i64
    %c2_i64 = arith.constant 2 : i64
    %8 = arith.subi %7, %c2_i64 : i64
    %9 = call @fib(%arg0, %8) : (!llvm.ptr, i64) -> i64
    %10 = llvm.load %0 : !llvm.ptr -> i64
    %c1_i64_1 = arith.constant 1 : i64
    %11 = arith.subi %10, %c1_i64_1 : i64
    %12 = call @fib(%arg0, %11) : (!llvm.ptr, i64) -> i64
    %13 = arith.addi %9, %12 : i64
    cf.br ^bb5(%13 : i64)
  ^bb5(%14: i64):  // 2 preds: ^bb3, ^bb4
    cf.br ^bb2(%14 : i64)
  }
  func.func private @dora_fn_wasm_table_init(!llvm.ptr, i32, i32, i32, i32, i32)
  func.func private @dora_fn_wasm_table_copy(!llvm.ptr, i32, i32, i32, i32, i32)
  func.func private @dora_fn_wasm_table_fill(!llvm.ptr, i32, i32, !llvm.ptr, i32)
  func.func private @dora_fn_wasm_table_size(!llvm.ptr, i32) -> i32
  func.func private @dora_fn_wasm_table_get(!llvm.ptr, i32, i32) -> !llvm.ptr
  func.func private @dora_fn_wasm_table_set(!llvm.ptr, i32, i32, !llvm.ptr)
  func.func private @dora_fn_wasm_table_grow(!llvm.ptr, !llvm.ptr, i32, i32) -> i32
  func.func private @dora_fn_wasm_imported_table_size(!llvm.ptr, i32) -> i32
  func.func private @dora_fn_wasm_imported_table_get(!llvm.ptr, i32, i32) -> !llvm.ptr
  func.func private @dora_fn_wasm_imported_table_grow(!llvm.ptr, !llvm.ptr, i32, i32) -> i32
  func.func private @dora_fn_wasm_memory_init(!llvm.ptr, i32, i32, i32, i32, i32)
  func.func private @dora_fn_wasm_memory_size(!llvm.ptr, i32) -> i32
  func.func private @dora_fn_wasm_memory_grow(!llvm.ptr, i32, i32) -> i32
  func.func private @dora_fn_wasm_memory_copy(!llvm.ptr, i32, i32, i32, i32)
  func.func private @dora_fn_wasm_memory_fill(!llvm.ptr, i32, i32, i32, i32)
  func.func private @dora_fn_wasm_memory_notify(!llvm.ptr, i32, i32, i32) -> i32
  func.func private @dora_fn_wasm_memory_wait32(!llvm.ptr, i32, i32, i32, i64) -> i32
  func.func private @dora_fn_wasm_memory_wait64(!llvm.ptr, i32, i32, i64, i64) -> i32
  func.func private @dora_fn_wasm_imported_memory_size(!llvm.ptr, i32) -> i32
  func.func private @dora_fn_wasm_imported_memory_grow(!llvm.ptr, i32, i32) -> i32
  func.func private @dora_fn_wasm_imported_memory_copy(!llvm.ptr, i32, i32, i32, i32)
  func.func private @dora_fn_wasm_imported_memory_fill(!llvm.ptr, i32, i32, i32, i32)
  func.func private @dora_fn_wasm_imported_memory_notify(!llvm.ptr, i32, i32, i32) -> i32
  func.func private @dora_fn_wasm_imported_memory_wait32(!llvm.ptr, i32, i32, i32, i64) -> i32
  func.func private @dora_fn_wasm_imported_memory_wait64(!llvm.ptr, i32, i32, i64, i64) -> i32
  func.func private @dora_fn_wasm_func_ref(!llvm.ptr, i32) -> !llvm.ptr
  func.func private @dora_fn_wasm_data_drop(!llvm.ptr, i32)
  func.func private @dora_fn_wasm_elem_drop(!llvm.ptr, i32)
  func.func private @dora_fn_wasm_raise_trap(i32)
  func.func private @dora_fn_wasm_gas_limit() -> i64
}
