---
source: crates/dora-compiler/src/wasm/tests/conversion.rs
expression: op
snapshot_kind: text
---
module {
  func.func public @"break-bare"(%arg0: !llvm.ptr) -> i32 attributes {llvm.emit_c_interface} {
    cf.br ^bb1
  ^bb1:  // pred: ^bb0
    cf.br ^bb3
  ^bb2(%0: i32):  // pred: ^bb7
    return %0 : i32
  ^bb3:  // pred: ^bb1
    %c1_i32 = arith.constant 1 : i32
    %c0_i32 = arith.constant 0 : i32
    %1 = arith.cmpi ne, %c1_i32, %c0_i32 : i32
    cf.cond_br %1, ^bb4, ^bb5
  ^bb4:  // pred: ^bb3
    %c0_i32_0 = arith.constant 0 : i32
    cf.switch %c0_i32_0 : i32, [
      default: ^bb6
    ]
  ^bb5:  // pred: ^bb3
    llvm.unreachable
  ^bb6:  // pred: ^bb4
    %c1_i32_1 = arith.constant 1 : i32
    cf.switch %c1_i32_1 : i32, [
      default: ^bb7,
      0: ^bb7,
      1: ^bb7
    ]
  ^bb7:  // 3 preds: ^bb6, ^bb6, ^bb6
    %c19_i32 = arith.constant 19 : i32
    cf.br ^bb2(%c19_i32 : i32)
  }
  func.func private @dora_fn_wasm_table_init(!llvm.ptr, i32, i32, i32, i32, i32)
  func.func private @dora_fn_wasm_table_copy(!llvm.ptr, i32, i32, i32, i32, i32)
  func.func private @dora_fn_wasm_table_fill(!llvm.ptr, i32, i32, !llvm.ptr, i32)
  func.func private @dora_fn_wasm_table_size(!llvm.ptr, i32) -> i32
  func.func private @dora_fn_wasm_table_get(!llvm.ptr, i32, i32) -> !llvm.ptr
  func.func private @dora_fn_wasm_table_set(!llvm.ptr, i32, i32, !llvm.ptr)
  func.func private @dora_fn_wasm_table_grow(!llvm.ptr, !llvm.ptr, i32, i32) -> i32
  func.func private @dora_fn_wasm_imported_table_size(!llvm.ptr, i32) -> i32
  func.func private @dora_fn_wasm_imported_table_get(!llvm.ptr, i32, i32) -> !llvm.ptr
  func.func private @dora_fn_wasm_imported_table_grow(!llvm.ptr, !llvm.ptr, i32, i32) -> i32
  func.func private @dora_fn_wasm_memory_init(!llvm.ptr, i32, i32, i32, i32, i32)
  func.func private @dora_fn_wasm_memory_size(!llvm.ptr, i32) -> i32
  func.func private @dora_fn_wasm_memory_grow(!llvm.ptr, i32, i32) -> i32
  func.func private @dora_fn_wasm_memory_copy(!llvm.ptr, i32, i32, i32, i32)
  func.func private @dora_fn_wasm_memory_fill(!llvm.ptr, i32, i32, i32, i32)
  func.func private @dora_fn_wasm_memory_notify(!llvm.ptr, i32, i32, i32) -> i32
  func.func private @dora_fn_wasm_memory_wait32(!llvm.ptr, i32, i32, i32, i64) -> i32
  func.func private @dora_fn_wasm_memory_wait64(!llvm.ptr, i32, i32, i64, i64) -> i32
  func.func private @dora_fn_wasm_imported_memory_size(!llvm.ptr, i32) -> i32
  func.func private @dora_fn_wasm_imported_memory_grow(!llvm.ptr, i32, i32) -> i32
  func.func private @dora_fn_wasm_imported_memory_copy(!llvm.ptr, i32, i32, i32, i32)
  func.func private @dora_fn_wasm_imported_memory_fill(!llvm.ptr, i32, i32, i32, i32)
  func.func private @dora_fn_wasm_imported_memory_notify(!llvm.ptr, i32, i32, i32) -> i32
  func.func private @dora_fn_wasm_imported_memory_wait32(!llvm.ptr, i32, i32, i32, i64) -> i32
  func.func private @dora_fn_wasm_imported_memory_wait64(!llvm.ptr, i32, i32, i64, i64) -> i32
  func.func private @dora_fn_wasm_func_ref(!llvm.ptr, i32) -> !llvm.ptr
  func.func private @dora_fn_wasm_data_drop(!llvm.ptr, i32)
  func.func private @dora_fn_wasm_elem_drop(!llvm.ptr, i32)
  func.func private @dora_fn_wasm_raise_trap(i32)
}
