---
source: crates/dora-compiler/src/wasm/tests/code.rs
expression: op
snapshot_kind: text
---
module {
  func.func public @get(%arg0: !llvm.ptr, %arg1: i32) -> !llvm.ptr attributes {llvm.emit_c_interface} {
    %c1_i64 = arith.constant 1 : i64
    %0 = llvm.alloca %c1_i64 x i32 : (i64) -> !llvm.ptr
    llvm.store %arg1, %0 : i32, !llvm.ptr
    cf.br ^bb1
  ^bb1:  // pred: ^bb0
    %1 = llvm.load %0 : !llvm.ptr -> i32
    %c0_i32 = arith.constant 0 : i32
    %2 = call @dora_fn_wasm_table_get(%arg0, %c0_i32, %1) : (!llvm.ptr, i32, i32) -> !llvm.ptr
    %3 = llvm.bitcast %2 : !llvm.ptr to !llvm.ptr
    cf.br ^bb2(%3 : !llvm.ptr)
  ^bb2(%4: !llvm.ptr):  // pred: ^bb1
    return %4 : !llvm.ptr
  }
  func.func public @set(%arg0: !llvm.ptr, %arg1: i32, %arg2: !llvm.ptr) attributes {llvm.emit_c_interface} {
    %c1_i64 = arith.constant 1 : i64
    %0 = llvm.alloca %c1_i64 x i32 : (i64) -> !llvm.ptr
    llvm.store %arg1, %0 : i32, !llvm.ptr
    %c1_i64_0 = arith.constant 1 : i64
    %1 = llvm.alloca %c1_i64_0 x !llvm.ptr : (i64) -> !llvm.ptr
    llvm.store %arg2, %1 : !llvm.ptr, !llvm.ptr
    cf.br ^bb1
  ^bb1:  // pred: ^bb0
    %2 = llvm.load %0 : !llvm.ptr -> i32
    %3 = llvm.load %1 : !llvm.ptr -> !llvm.ptr
    %c0_i32 = arith.constant 0 : i32
    call @dora_fn_wasm_table_set(%arg0, %c0_i32, %2, %3) : (!llvm.ptr, i32, i32, !llvm.ptr) -> ()
    cf.br ^bb2
  ^bb2:  // pred: ^bb1
    return
  }
  func.func public @grow(%arg0: !llvm.ptr, %arg1: i32, %arg2: !llvm.ptr) -> i32 attributes {llvm.emit_c_interface} {
    %c1_i64 = arith.constant 1 : i64
    %0 = llvm.alloca %c1_i64 x i32 : (i64) -> !llvm.ptr
    llvm.store %arg1, %0 : i32, !llvm.ptr
    %c1_i64_0 = arith.constant 1 : i64
    %1 = llvm.alloca %c1_i64_0 x !llvm.ptr : (i64) -> !llvm.ptr
    llvm.store %arg2, %1 : !llvm.ptr, !llvm.ptr
    cf.br ^bb1
  ^bb1:  // pred: ^bb0
    %2 = llvm.load %1 : !llvm.ptr -> !llvm.ptr
    %3 = llvm.load %0 : !llvm.ptr -> i32
    %c0_i32 = arith.constant 0 : i32
    %4 = call @dora_fn_wasm_table_grow(%arg0, %2, %3, %c0_i32) : (!llvm.ptr, !llvm.ptr, i32, i32) -> i32
    cf.br ^bb2(%4 : i32)
  ^bb2(%5: i32):  // pred: ^bb1
    return %5 : i32
  }
  func.func public @"grow-abbrev"(%arg0: !llvm.ptr, %arg1: i32, %arg2: !llvm.ptr) -> i32 attributes {llvm.emit_c_interface} {
    %c1_i64 = arith.constant 1 : i64
    %0 = llvm.alloca %c1_i64 x i32 : (i64) -> !llvm.ptr
    llvm.store %arg1, %0 : i32, !llvm.ptr
    %c1_i64_0 = arith.constant 1 : i64
    %1 = llvm.alloca %c1_i64_0 x !llvm.ptr : (i64) -> !llvm.ptr
    llvm.store %arg2, %1 : !llvm.ptr, !llvm.ptr
    cf.br ^bb1
  ^bb1:  // pred: ^bb0
    %2 = llvm.load %1 : !llvm.ptr -> !llvm.ptr
    %3 = llvm.load %0 : !llvm.ptr -> i32
    %c0_i32 = arith.constant 0 : i32
    %4 = call @dora_fn_wasm_table_grow(%arg0, %2, %3, %c0_i32) : (!llvm.ptr, !llvm.ptr, i32, i32) -> i32
    cf.br ^bb2(%4 : i32)
  ^bb2(%5: i32):  // pred: ^bb1
    return %5 : i32
  }
  func.func public @size(%arg0: !llvm.ptr) -> i32 attributes {llvm.emit_c_interface} {
    cf.br ^bb1
  ^bb1:  // pred: ^bb0
    %c0_i32 = arith.constant 0 : i32
    %0 = call @dora_fn_wasm_table_size(%arg0, %c0_i32) : (!llvm.ptr, i32) -> i32
    cf.br ^bb2(%0 : i32)
  ^bb2(%1: i32):  // pred: ^bb1
    return %1 : i32
  }
  func.func private @dora_fn_wasm_table_init(!llvm.ptr, i32, i32, i32, i32, i32)
  func.func private @dora_fn_wasm_table_copy(!llvm.ptr, i32, i32, i32, i32, i32)
  func.func private @dora_fn_wasm_table_fill(!llvm.ptr, i32, i32, !llvm.ptr, i32)
  func.func private @dora_fn_wasm_table_size(!llvm.ptr, i32) -> i32
  func.func private @dora_fn_wasm_table_get(!llvm.ptr, i32, i32) -> !llvm.ptr
  func.func private @dora_fn_wasm_table_set(!llvm.ptr, i32, i32, !llvm.ptr)
  func.func private @dora_fn_wasm_table_grow(!llvm.ptr, !llvm.ptr, i32, i32) -> i32
  func.func private @dora_fn_wasm_imported_table_size(!llvm.ptr, i32) -> i32
  func.func private @dora_fn_wasm_imported_table_get(!llvm.ptr, i32, i32) -> !llvm.ptr
  func.func private @dora_fn_wasm_imported_table_grow(!llvm.ptr, !llvm.ptr, i32, i32) -> i32
  func.func private @dora_fn_wasm_memory_init(!llvm.ptr, i32, i32, i32, i32, i32)
  func.func private @dora_fn_wasm_memory_size(!llvm.ptr, i32) -> i32
  func.func private @dora_fn_wasm_memory_grow(!llvm.ptr, i32, i32) -> i32
  func.func private @dora_fn_wasm_memory_copy(!llvm.ptr, i32, i32, i32, i32)
  func.func private @dora_fn_wasm_memory_fill(!llvm.ptr, i32, i32, i32, i32)
  func.func private @dora_fn_wasm_memory_notify(!llvm.ptr, i32, i32, i32) -> i32
  func.func private @dora_fn_wasm_memory_wait32(!llvm.ptr, i32, i32, i32, i64) -> i32
  func.func private @dora_fn_wasm_memory_wait64(!llvm.ptr, i32, i32, i64, i64) -> i32
  func.func private @dora_fn_wasm_imported_memory_size(!llvm.ptr, i32) -> i32
  func.func private @dora_fn_wasm_imported_memory_grow(!llvm.ptr, i32, i32) -> i32
  func.func private @dora_fn_wasm_imported_memory_copy(!llvm.ptr, i32, i32, i32, i32)
  func.func private @dora_fn_wasm_imported_memory_fill(!llvm.ptr, i32, i32, i32, i32)
  func.func private @dora_fn_wasm_imported_memory_notify(!llvm.ptr, i32, i32, i32) -> i32
  func.func private @dora_fn_wasm_imported_memory_wait32(!llvm.ptr, i32, i32, i32, i64) -> i32
  func.func private @dora_fn_wasm_imported_memory_wait64(!llvm.ptr, i32, i32, i64, i64) -> i32
  func.func private @dora_fn_wasm_func_ref(!llvm.ptr, i32) -> !llvm.ptr
  func.func private @dora_fn_wasm_data_drop(!llvm.ptr, i32)
  func.func private @dora_fn_wasm_elem_drop(!llvm.ptr, i32)
  func.func private @dora_fn_wasm_raise_trap(i32)
}
