---
source: crates/dora-compiler/src/wasm/tests/conversion.rs
expression: op
snapshot_kind: text
---
module {
  func.func public @"as-select-first"(%arg0: !llvm.ptr, %arg1: i32, %arg2: i32) -> i32 attributes {llvm.emit_c_interface} {
    %c1_i64 = arith.constant 1 : i64
    %0 = llvm.alloca %c1_i64 x i32 : (i64) -> !llvm.ptr
    llvm.store %arg1, %0 : i32, !llvm.ptr
    %c1_i64_0 = arith.constant 1 : i64
    %1 = llvm.alloca %c1_i64_0 x i32 : (i64) -> !llvm.ptr
    llvm.store %arg2, %1 : i32, !llvm.ptr
    %2 = llvm.getelementptr %arg0[8] : (!llvm.ptr) -> !llvm.ptr, i8
    %3 = llvm.getelementptr %2[0] : (!llvm.ptr) -> !llvm.ptr, i8
    %4 = llvm.load %3 : !llvm.ptr -> !llvm.ptr
    cf.br ^bb1
  ^bb1:  // pred: ^bb0
    %c0_i32 = arith.constant 0 : i32
    %c0_i64 = arith.constant 0 : i64
    %5 = arith.extui %c0_i32 : i32 to i64
    %6 = arith.addi %5, %c0_i64 : i64
    %7 = llvm.getelementptr %4[%6] : (!llvm.ptr, i64) -> !llvm.ptr, i8
    %8 = llvm.load %7 : !llvm.ptr -> i32
    %9 = llvm.load %0 : !llvm.ptr -> i32
    %10 = llvm.load %1 : !llvm.ptr -> i32
    %c0_i32_1 = arith.constant 0 : i32
    %11 = arith.cmpi ne, %10, %c0_i32_1 : i32
    %12 = arith.select %11, %8, %9 : i32
    cf.br ^bb2(%12 : i32)
  ^bb2(%13: i32):  // pred: ^bb1
    return %13 : i32
  }
  func.func private @dora_fn_wasm_table_init(!llvm.ptr, i32, i32, i32, i32, i32)
  func.func private @dora_fn_wasm_table_copy(!llvm.ptr, i32, i32, i32, i32, i32)
  func.func private @dora_fn_wasm_table_fill(!llvm.ptr, i32, i32, !llvm.ptr, i32)
  func.func private @dora_fn_wasm_table_size(!llvm.ptr, i32) -> i32
  func.func private @dora_fn_wasm_table_get(!llvm.ptr, i32, i32) -> !llvm.ptr
  func.func private @dora_fn_wasm_table_set(!llvm.ptr, i32, i32, !llvm.ptr)
  func.func private @dora_fn_wasm_table_grow(!llvm.ptr, !llvm.ptr, i32, i32) -> i32
  func.func private @dora_fn_wasm_imported_table_size(!llvm.ptr, i32) -> i32
  func.func private @dora_fn_wasm_imported_table_get(!llvm.ptr, i32, i32) -> !llvm.ptr
  func.func private @dora_fn_wasm_imported_table_grow(!llvm.ptr, !llvm.ptr, i32, i32) -> i32
  func.func private @dora_fn_wasm_memory_init(!llvm.ptr, i32, i32, i32, i32, i32)
  func.func private @dora_fn_wasm_memory_size(!llvm.ptr, i32) -> i32
  func.func private @dora_fn_wasm_memory_grow(!llvm.ptr, i32, i32) -> i32
  func.func private @dora_fn_wasm_memory_copy(!llvm.ptr, i32, i32, i32, i32)
  func.func private @dora_fn_wasm_memory_fill(!llvm.ptr, i32, i32, i32, i32)
  func.func private @dora_fn_wasm_memory_notify(!llvm.ptr, i32, i32, i32) -> i32
  func.func private @dora_fn_wasm_memory_wait32(!llvm.ptr, i32, i32, i32, i64) -> i32
  func.func private @dora_fn_wasm_memory_wait64(!llvm.ptr, i32, i32, i64, i64) -> i32
  func.func private @dora_fn_wasm_imported_memory_size(!llvm.ptr, i32) -> i32
  func.func private @dora_fn_wasm_imported_memory_grow(!llvm.ptr, i32, i32) -> i32
  func.func private @dora_fn_wasm_imported_memory_copy(!llvm.ptr, i32, i32, i32, i32)
  func.func private @dora_fn_wasm_imported_memory_fill(!llvm.ptr, i32, i32, i32, i32)
  func.func private @dora_fn_wasm_imported_memory_notify(!llvm.ptr, i32, i32, i32) -> i32
  func.func private @dora_fn_wasm_imported_memory_wait32(!llvm.ptr, i32, i32, i32, i64) -> i32
  func.func private @dora_fn_wasm_imported_memory_wait64(!llvm.ptr, i32, i32, i64, i64) -> i32
  func.func private @dora_fn_wasm_func_ref(!llvm.ptr, i32) -> !llvm.ptr
  func.func private @dora_fn_wasm_data_drop(!llvm.ptr, i32)
  func.func private @dora_fn_wasm_elem_drop(!llvm.ptr, i32)
  func.func private @dora_fn_wasm_raise_trap(i32)
}
