---
source: crates/dora-compiler/src/wasm/tests/conversion.rs
expression: op
snapshot_kind: text
---
module {
  func.func @select(%arg0: !llvm.ptr, %arg1: i32, %arg2: i32, %arg3: i32) -> i32 {
    %c1_i64 = arith.constant 1 : i64
    %0 = llvm.alloca %c1_i64 x i32 : (i64) -> !llvm.ptr
    llvm.store %arg1, %0 : i32, !llvm.ptr
    %c1_i64_0 = arith.constant 1 : i64
    %1 = llvm.alloca %c1_i64_0 x i32 : (i64) -> !llvm.ptr
    llvm.store %arg2, %1 : i32, !llvm.ptr
    %c1_i64_1 = arith.constant 1 : i64
    %2 = llvm.alloca %c1_i64_1 x i32 : (i64) -> !llvm.ptr
    llvm.store %arg3, %2 : i32, !llvm.ptr
    %3 = llvm.load %0 : !llvm.ptr -> i32
    %4 = llvm.load %1 : !llvm.ptr -> i32
    %5 = llvm.load %2 : !llvm.ptr -> i32
    %c0_i32 = arith.constant 0 : i32
    %6 = arith.cmpi ne, %5, %c0_i32 : i32
    %7 = arith.select %6, %3, %4 : i32
    cf.br ^bb1(%7 : i32)
  ^bb1(%8: i32):  // pred: ^bb0
    return %8 : i32
  }
}
