---
source: crates/dora-compiler/src/wasm/tests/code.rs
expression: op
snapshot_kind: text
---
module {
  func.func @f0(%arg0: !llvm.ptr) -> f64 {
    %0 = llvm.getelementptr %arg0[16] : (!llvm.ptr) -> !llvm.ptr, i8
    %1 = llvm.getelementptr %0[0] : (!llvm.ptr) -> !llvm.ptr, !llvm.ptr
    %2 = llvm.load %1 : !llvm.ptr -> !llvm.ptr
    cf.br ^bb1
  ^bb1:  // pred: ^bb0
    %c1_i32 = arith.constant 1 : i32
    %c0_i64 = arith.constant 0 : i64
    %3 = arith.extui %c1_i32 : i32 to i64
    %4 = arith.addi %3, %c0_i64 : i64
    %5 = llvm.getelementptr %2[%4] : (!llvm.ptr, i64) -> !llvm.ptr, !llvm.ptr
    %6 = llvm.load %5 : !llvm.ptr -> f64
    cf.br ^bb2(%6 : f64)
  ^bb2(%7: f64):  // pred: ^bb1
    return %7 : f64
  }
  func.func @f1(%arg0: !llvm.ptr) -> i64 {
    %0 = llvm.getelementptr %arg0[16] : (!llvm.ptr) -> !llvm.ptr, i8
    %1 = llvm.getelementptr %0[0] : (!llvm.ptr) -> !llvm.ptr, !llvm.ptr
    %2 = llvm.load %1 : !llvm.ptr -> !llvm.ptr
    cf.br ^bb1
  ^bb1:  // pred: ^bb0
    %c1_i32 = arith.constant 1 : i32
    %c0_i64 = arith.constant 0 : i64
    %3 = arith.extui %c1_i32 : i32 to i64
    %4 = arith.addi %3, %c0_i64 : i64
    %5 = llvm.getelementptr %2[%4] : (!llvm.ptr, i64) -> !llvm.ptr, !llvm.ptr
    %6 = llvm.load %5 : !llvm.ptr -> i64
    cf.br ^bb2(%6 : i64)
  ^bb2(%7: i64):  // pred: ^bb1
    return %7 : i64
  }
  func.func @f2(%arg0: !llvm.ptr) {
    %0 = llvm.getelementptr %arg0[16] : (!llvm.ptr) -> !llvm.ptr, i8
    %1 = llvm.getelementptr %0[0] : (!llvm.ptr) -> !llvm.ptr, !llvm.ptr
    %2 = llvm.load %1 : !llvm.ptr -> !llvm.ptr
    cf.br ^bb1
  ^bb1:  // pred: ^bb0
    %c1_i32 = arith.constant 1 : i32
    %cst = arith.constant 9.2199943371342479E+18 : f64
    %c0_i64 = arith.constant 0 : i64
    %3 = arith.extui %c1_i32 : i32 to i64
    %4 = arith.addi %3, %c0_i64 : i64
    %5 = llvm.getelementptr %2[%4] : (!llvm.ptr, i64) -> !llvm.ptr, !llvm.ptr
    llvm.store %cst, %5 : f64, !llvm.ptr
    cf.br ^bb2
  ^bb2:  // pred: ^bb1
    return
  }
  func.func @f3(%arg0: !llvm.ptr) {
    %0 = llvm.getelementptr %arg0[16] : (!llvm.ptr) -> !llvm.ptr, i8
    %1 = llvm.getelementptr %0[0] : (!llvm.ptr) -> !llvm.ptr, !llvm.ptr
    %2 = llvm.load %1 : !llvm.ptr -> !llvm.ptr
    cf.br ^bb1
  ^bb1:  // pred: ^bb0
    %c1_i32 = arith.constant 1 : i32
    %c9219994337134247936_i64 = arith.constant 9219994337134247936 : i64
    %c0_i64 = arith.constant 0 : i64
    %3 = arith.extui %c1_i32 : i32 to i64
    %4 = arith.addi %3, %c0_i64 : i64
    %5 = llvm.getelementptr %2[%4] : (!llvm.ptr, i64) -> !llvm.ptr, !llvm.ptr
    llvm.store %c9219994337134247936_i64, %5 : i64, !llvm.ptr
    cf.br ^bb2
  ^bb2:  // pred: ^bb1
    return
  }
  func.func @f4(%arg0: !llvm.ptr) {
    %0 = llvm.getelementptr %arg0[16] : (!llvm.ptr) -> !llvm.ptr, i8
    %1 = llvm.getelementptr %0[0] : (!llvm.ptr) -> !llvm.ptr, !llvm.ptr
    %2 = llvm.load %1 : !llvm.ptr -> !llvm.ptr
    cf.br ^bb1
  ^bb1:  // pred: ^bb0
    %c1_i32 = arith.constant 1 : i32
    %c0_i64 = arith.constant 0 : i64
    %c0_i64_0 = arith.constant 0 : i64
    %3 = arith.extui %c1_i32 : i32 to i64
    %4 = arith.addi %3, %c0_i64_0 : i64
    %5 = llvm.getelementptr %2[%4] : (!llvm.ptr, i64) -> !llvm.ptr, !llvm.ptr
    llvm.store %c0_i64, %5 : i64, !llvm.ptr
    cf.br ^bb2
  ^bb2:  // pred: ^bb1
    return
  }
  func.func private @dora_fn_wasm_table_init(!llvm.ptr, i32, i32, i32, i32, i32)
  func.func private @dora_fn_wasm_table_fill(!llvm.ptr, i32, i32, !llvm.ptr, i32)
  func.func private @dora_fn_wasm_table_size(!llvm.ptr, i32) -> i32
  func.func private @dora_fn_wasm_table_get(!llvm.ptr, i32, i32) -> !llvm.ptr
  func.func private @dora_fn_wasm_table_set(!llvm.ptr, i32, i32, !llvm.ptr)
  func.func private @dora_fn_wasm_imported_table_size(!llvm.ptr, i32) -> i32
  func.func private @dora_fn_wasm_imported_table_get(!llvm.ptr, i32, i32) -> !llvm.ptr
  func.func private @dora_fn_wasm_imported_table_grow(!llvm.ptr, !llvm.ptr, i32, i32) -> i32
  func.func private @dora_fn_wasm_memory_init(!llvm.ptr, i32, i32, i32, i32, i32)
  func.func private @dora_fn_wasm_memory_fill(!llvm.ptr, i32, i32, i32, i32)
  func.func private @dora_fn_wasm_memory_notify(!llvm.ptr, i32, i32, i32) -> i32
  func.func private @dora_fn_wasm_memory_wait32(!llvm.ptr, i32, i32, i32, i64) -> i32
  func.func private @dora_fn_wasm_memory_wait64(!llvm.ptr, i32, i32, i64, i64) -> i32
  func.func private @dora_fn_wasm_imported_memory_copy(!llvm.ptr, i32, i32, i32, i32)
  func.func private @dora_fn_wasm_imported_memory_fill(!llvm.ptr, i32, i32, i32, i32)
  func.func private @dora_fn_wasm_imported_memory_notify(!llvm.ptr, i32, i32, i32) -> i32
  func.func private @dora_fn_wasm_imported_memory_wait32(!llvm.ptr, i32, i32, i32, i64) -> i32
  func.func private @dora_fn_wasm_imported_memory_wait64(!llvm.ptr, i32, i32, i64, i64) -> i32
  func.func private @dora_fn_wasm_func_ref(!llvm.ptr, i32) -> !llvm.ptr
  func.func private @dora_fn_wasm_data_drop(!llvm.ptr, i32)
  func.func private @dora_fn_wasm_elem_drop(!llvm.ptr, i32)
  func.func private @dora_fn_wasm_raise_trap(i32)
}
