---
source: crates/dora-compiler/src/wasm/tests/code.rs
expression: op
snapshot_kind: text
---
module {
  func.func @f0(%arg0: !llvm.ptr) -> i32 {
    %c5_i32 = arith.constant 5 : i32
    cf.br ^bb1(%c5_i32 : i32)
  ^bb1(%0: i32):  // pred: ^bb0
    return %0 : i32
  }
  func.func @f1(%arg0: !llvm.ptr) -> i32 {
    %c6_i32 = arith.constant 6 : i32
    cf.br ^bb1(%c6_i32 : i32)
  ^bb1(%0: i32):  // pred: ^bb0
    return %0 : i32
  }
  func.func @f2(%arg0: !llvm.ptr) -> i32 {
    %c7_i32 = arith.constant 7 : i32
    cf.br ^bb1(%c7_i32 : i32)
  ^bb1(%0: i32):  // pred: ^bb0
    return %0 : i32
  }
  func.func @f3(%arg0: !llvm.ptr) -> i32 {
    %c8_i32 = arith.constant 8 : i32
    cf.br ^bb1(%c8_i32 : i32)
  ^bb1(%0: i32):  // pred: ^bb0
    return %0 : i32
  }
  func.func @f4(%arg0: !llvm.ptr) -> i32 {
    %c9_i32 = arith.constant 9 : i32
    cf.br ^bb1(%c9_i32 : i32)
  ^bb1(%0: i32):  // pred: ^bb0
    return %0 : i32
  }
  func.func @f5(%arg0: !llvm.ptr) {
    %c7_i32 = arith.constant 7 : i32
    %c0_i32 = arith.constant 0 : i32
    %c4_i32 = arith.constant 4 : i32
    %c1_i32 = arith.constant 1 : i32
    %c0_i32_0 = arith.constant 0 : i32
    "wasm.table_init"(%c0_i32_0, %c1_i32, %c7_i32, %c0_i32, %c4_i32) : (i32, i32, i32, i32, i32) -> ()
    cf.br ^bb1
  ^bb1:  // pred: ^bb0
    return
  }
}
