---
source: crates/dora-compiler/src/wasm/tests/conversion.rs
expression: op
snapshot_kind: text
---
module {
  func.func @f0(%arg0: !llvm.ptr, %arg1: i32, %arg2: i32, %arg3: i32) -> i32 {
    %c1_i32 = arith.constant 1 : i32
    %0 = llvm.alloca %c1_i32 x i32 : (i32) -> !llvm.ptr
    llvm.store %arg1, %0 : i32, !llvm.ptr
    %c1_i32_0 = arith.constant 1 : i32
    %1 = llvm.alloca %c1_i32_0 x i32 : (i32) -> !llvm.ptr
    llvm.store %arg2, %1 : i32, !llvm.ptr
    %c1_i32_1 = arith.constant 1 : i32
    %2 = llvm.alloca %c1_i32_1 x i32 : (i32) -> !llvm.ptr
    llvm.store %arg3, %2 : i32, !llvm.ptr
    %c0_i32 = arith.constant 0 : i32
    %c1_i32_2 = arith.constant 1 : i32
    %3 = llvm.alloca %c1_i32_2 x i32 : (i32) -> !llvm.ptr
    llvm.store %c0_i32, %3 : i32, !llvm.ptr
    %c1_i32_3 = arith.constant 1 : i32
    %4 = llvm.alloca %c1_i32_3 x i32 : (i32) -> !llvm.ptr
    llvm.store %c0_i32, %4 : i32, !llvm.ptr
    %c1_i32_4 = arith.constant 1 : i32
    %5 = llvm.alloca %c1_i32_4 x i32 : (i32) -> !llvm.ptr
    llvm.store %c0_i32, %5 : i32, !llvm.ptr
    %c1_i32_5 = arith.constant 1 : i32
    %6 = llvm.alloca %c1_i32_5 x i32 : (i32) -> !llvm.ptr
    llvm.store %c0_i32, %6 : i32, !llvm.ptr
    %c1_i32_6 = arith.constant 1 : i32
    %7 = llvm.alloca %c1_i32_6 x i32 : (i32) -> !llvm.ptr
    llvm.store %c0_i32, %7 : i32, !llvm.ptr
    %c1_i32_7 = arith.constant 1 : i32
    %8 = llvm.alloca %c1_i32_7 x i32 : (i32) -> !llvm.ptr
    llvm.store %c0_i32, %8 : i32, !llvm.ptr
    %c1_i32_8 = arith.constant 1 : i32
    %9 = llvm.alloca %c1_i32_8 x i32 : (i32) -> !llvm.ptr
    llvm.store %c0_i32, %9 : i32, !llvm.ptr
    %c1_i32_9 = arith.constant 1 : i32
    %10 = llvm.alloca %c1_i32_9 x i32 : (i32) -> !llvm.ptr
    llvm.store %c0_i32, %10 : i32, !llvm.ptr
    %11 = llvm.getelementptr %arg0[40] : (!llvm.ptr) -> !llvm.ptr, i8
    %12 = llvm.getelementptr %11[0] : (!llvm.ptr) -> !llvm.ptr, i8
    %13 = llvm.load %12 : !llvm.ptr -> !llvm.ptr
    cf.br ^bb1
  ^bb1:  // pred: ^bb0
    %14 = llvm.load %2 : !llvm.ptr -> i32
    %c16_i32 = arith.constant 16 : i32
    %15 = arith.cmpi uge, %14, %c16_i32 : i32
    %16 = arith.extui %15 : i1 to i32
    %c0_i32_10 = arith.constant 0 : i32
    %17 = arith.cmpi ne, %16, %c0_i32_10 : i32
    cf.cond_br %17, ^bb4, ^bb5
  ^bb2(%18: i32):  // pred: ^bb22
    return %18 : i32
  ^bb3:  // 2 preds: ^bb5, ^bb11
    %19 = llvm.load %2 : !llvm.ptr -> i32
    %c0_i32_11 = arith.constant 0 : i32
    %20 = arith.cmpi eq, %19, %c0_i32_11 : i32
    %21 = arith.extui %20 : i1 to i32
    %c0_i32_12 = arith.constant 0 : i32
    %22 = arith.cmpi ne, %21, %c0_i32_12 : i32
    cf.cond_br %22, ^bb22, ^bb23
  ^bb4:  // pred: ^bb1
    %23 = llvm.load %0 : !llvm.ptr -> i32
    %c0_i32_13 = arith.constant 0 : i32
    %24 = llvm.load %0 : !llvm.ptr -> i32
    %25 = arith.subi %c0_i32_13, %24 : i32
    %c3_i32 = arith.constant 3 : i32
    %26 = arith.andi %25, %c3_i32 : i32
    llvm.store %26, %4 : i32, !llvm.ptr
    %27 = arith.addi %23, %26 : i32
    llvm.store %27, %5 : i32, !llvm.ptr
    %28 = llvm.load %4 : !llvm.ptr -> i32
    %c0_i32_14 = arith.constant 0 : i32
    %29 = arith.cmpi eq, %28, %c0_i32_14 : i32
    %30 = arith.extui %29 : i1 to i32
    %c0_i32_15 = arith.constant 0 : i32
    %31 = arith.cmpi ne, %30, %c0_i32_15 : i32
    cf.cond_br %31, ^bb6, ^bb7
  ^bb5:  // pred: ^bb1
    %32 = llvm.load %0 : !llvm.ptr -> i32
    llvm.store %32, %3 : i32, !llvm.ptr
    cf.br ^bb3
  ^bb6:  // 2 preds: ^bb4, ^bb8
    %33 = llvm.load %5 : !llvm.ptr -> i32
    %34 = llvm.load %2 : !llvm.ptr -> i32
    %35 = llvm.load %4 : !llvm.ptr -> i32
    %36 = arith.subi %34, %35 : i32
    llvm.store %36, %7 : i32, !llvm.ptr
    %c-4_i32 = arith.constant -4 : i32
    %37 = arith.andi %36, %c-4_i32 : i32
    llvm.store %37, %8 : i32, !llvm.ptr
    %38 = arith.addi %33, %37 : i32
    llvm.store %38, %3 : i32, !llvm.ptr
    %39 = llvm.load %1 : !llvm.ptr -> i32
    %40 = llvm.load %4 : !llvm.ptr -> i32
    %41 = arith.addi %39, %40 : i32
    llvm.store %41, %9 : i32, !llvm.ptr
    %c3_i32_16 = arith.constant 3 : i32
    %42 = arith.andi %41, %c3_i32_16 : i32
    %c0_i32_17 = arith.constant 0 : i32
    %43 = arith.cmpi eq, %42, %c0_i32_17 : i32
    %44 = arith.extui %43 : i1 to i32
    %c0_i32_18 = arith.constant 0 : i32
    %45 = arith.cmpi ne, %44, %c0_i32_18 : i32
    cf.cond_br %45, ^bb12, ^bb13
  ^bb7:  // pred: ^bb4
    %46 = llvm.load %0 : !llvm.ptr -> i32
    llvm.store %46, %3 : i32, !llvm.ptr
    %47 = llvm.load %1 : !llvm.ptr -> i32
    llvm.store %47, %6 : i32, !llvm.ptr
    cf.br ^bb9
  ^bb8:  // pred: ^bb10
    cf.br ^bb6
  ^bb9:  // 2 preds: ^bb7, ^bb9
    %48 = llvm.load %3 : !llvm.ptr -> i32
    %49 = llvm.load %6 : !llvm.ptr -> i32
    %c0_i64 = arith.constant 0 : i64
    %50 = arith.extui %49 : i32 to i64
    %51 = arith.addi %50, %c0_i64 : i64
    %52 = llvm.getelementptr %13[%51] : (!llvm.ptr, i64) -> !llvm.ptr, i8
    %53 = llvm.load volatile %52 {alignment = 1 : i64} : !llvm.ptr -> i8
    %54 = arith.extui %53 : i8 to i32
    %c0_i64_19 = arith.constant 0 : i64
    %55 = arith.extui %48 : i32 to i64
    %56 = arith.addi %55, %c0_i64_19 : i64
    %57 = llvm.getelementptr %13[%56] : (!llvm.ptr, i64) -> !llvm.ptr, i8
    %58 = arith.trunci %54 : i32 to i8
    llvm.store volatile %58, %57 {alignment = 1 : i64} : i8, !llvm.ptr
    %59 = llvm.load %6 : !llvm.ptr -> i32
    %c1_i32_20 = arith.constant 1 : i32
    %60 = arith.addi %59, %c1_i32_20 : i32
    llvm.store %60, %6 : i32, !llvm.ptr
    %61 = llvm.load %3 : !llvm.ptr -> i32
    %c1_i32_21 = arith.constant 1 : i32
    %62 = arith.addi %61, %c1_i32_21 : i32
    llvm.store %62, %3 : i32, !llvm.ptr
    %63 = llvm.load %5 : !llvm.ptr -> i32
    %64 = arith.cmpi ult, %62, %63 : i32
    %65 = arith.extui %64 : i1 to i32
    %c0_i32_22 = arith.constant 0 : i32
    %66 = arith.cmpi ne, %65, %c0_i32_22 : i32
    cf.cond_br %66, ^bb9, ^bb10
  ^bb10:  // pred: ^bb9
    cf.br ^bb8
  ^bb11:  // 4 preds: ^bb12, ^bb13, ^bb17, ^bb19
    %67 = llvm.load %7 : !llvm.ptr -> i32
    %c3_i32_23 = arith.constant 3 : i32
    %68 = arith.andi %67, %c3_i32_23 : i32
    llvm.store %68, %2 : i32, !llvm.ptr
    %69 = llvm.load %9 : !llvm.ptr -> i32
    %70 = llvm.load %8 : !llvm.ptr -> i32
    %71 = arith.addi %69, %70 : i32
    llvm.store %71, %1 : i32, !llvm.ptr
    cf.br ^bb3
  ^bb12:  // 2 preds: ^bb6, ^bb15
    %72 = llvm.load %8 : !llvm.ptr -> i32
    %c1_i32_24 = arith.constant 1 : i32
    %73 = arith.cmpi slt, %72, %c1_i32_24 : i32
    %74 = arith.extui %73 : i1 to i32
    %c0_i32_25 = arith.constant 0 : i32
    %75 = arith.cmpi ne, %74, %c0_i32_25 : i32
    cf.cond_br %75, ^bb11, ^bb18
  ^bb13:  // pred: ^bb6
    %76 = llvm.load %8 : !llvm.ptr -> i32
    %c1_i32_26 = arith.constant 1 : i32
    %77 = arith.cmpi slt, %76, %c1_i32_26 : i32
    %78 = arith.extui %77 : i1 to i32
    %c0_i32_27 = arith.constant 0 : i32
    %79 = arith.cmpi ne, %78, %c0_i32_27 : i32
    cf.cond_br %79, ^bb11, ^bb14
  ^bb14:  // pred: ^bb13
    %80 = llvm.load %9 : !llvm.ptr -> i32
    %c3_i32_28 = arith.constant 3 : i32
    %c31_i32 = arith.constant 31 : i32
    %81 = arith.cmpi ule, %c3_i32_28, %c31_i32 : i32
    %82 = scf.if %81 -> (i32) {
      %161 = arith.shli %80, %c3_i32_28 : i32
      scf.yield %161 : i32
    } else {
      %c0_i32_50 = arith.constant 0 : i32
      scf.yield %c0_i32_50 : i32
    }
    llvm.store %82, %6 : i32, !llvm.ptr
    %c24_i32 = arith.constant 24 : i32
    %83 = arith.andi %82, %c24_i32 : i32
    llvm.store %83, %2 : i32, !llvm.ptr
    %84 = llvm.load %9 : !llvm.ptr -> i32
    %c-4_i32_29 = arith.constant -4 : i32
    %85 = arith.andi %84, %c-4_i32_29 : i32
    llvm.store %85, %10 : i32, !llvm.ptr
    %c4_i32 = arith.constant 4 : i32
    %86 = arith.addi %85, %c4_i32 : i32
    llvm.store %86, %1 : i32, !llvm.ptr
    %c0_i32_30 = arith.constant 0 : i32
    %87 = llvm.load %6 : !llvm.ptr -> i32
    %88 = arith.subi %c0_i32_30, %87 : i32
    %c24_i32_31 = arith.constant 24 : i32
    %89 = arith.andi %88, %c24_i32_31 : i32
    llvm.store %89, %4 : i32, !llvm.ptr
    %90 = llvm.load %10 : !llvm.ptr -> i32
    %c0_i64_32 = arith.constant 0 : i64
    %91 = arith.extui %90 : i32 to i64
    %92 = arith.addi %91, %c0_i64_32 : i64
    %93 = llvm.getelementptr %13[%92] : (!llvm.ptr, i64) -> !llvm.ptr, i8
    %94 = llvm.load volatile %93 {alignment = 1 : i64} : !llvm.ptr -> i32
    llvm.store %94, %6 : i32, !llvm.ptr
    cf.br ^bb16
  ^bb15:  // no predecessors
    cf.br ^bb12
  ^bb16:  // 2 preds: ^bb14, ^bb16
    %95 = llvm.load %5 : !llvm.ptr -> i32
    %96 = llvm.load %6 : !llvm.ptr -> i32
    %97 = llvm.load %2 : !llvm.ptr -> i32
    %c31_i32_33 = arith.constant 31 : i32
    %98 = arith.cmpi ule, %97, %c31_i32_33 : i32
    %99 = scf.if %98 -> (i32) {
      %161 = arith.shrui %96, %97 : i32
      scf.yield %161 : i32
    } else {
      %c0_i32_50 = arith.constant 0 : i32
      scf.yield %c0_i32_50 : i32
    }
    %100 = llvm.load %1 : !llvm.ptr -> i32
    %c0_i64_34 = arith.constant 0 : i64
    %101 = arith.extui %100 : i32 to i64
    %102 = arith.addi %101, %c0_i64_34 : i64
    %103 = llvm.getelementptr %13[%102] : (!llvm.ptr, i64) -> !llvm.ptr, i8
    %104 = llvm.load volatile %103 {alignment = 1 : i64} : !llvm.ptr -> i32
    llvm.store %104, %6 : i32, !llvm.ptr
    %105 = llvm.load %4 : !llvm.ptr -> i32
    %c31_i32_35 = arith.constant 31 : i32
    %106 = arith.cmpi ule, %105, %c31_i32_35 : i32
    %107 = scf.if %106 -> (i32) {
      %161 = arith.shli %104, %105 : i32
      scf.yield %161 : i32
    } else {
      %c0_i32_50 = arith.constant 0 : i32
      scf.yield %c0_i32_50 : i32
    }
    %108 = arith.ori %99, %107 : i32
    %c0_i64_36 = arith.constant 0 : i64
    %109 = arith.extui %95 : i32 to i64
    %110 = arith.addi %109, %c0_i64_36 : i64
    %111 = llvm.getelementptr %13[%110] : (!llvm.ptr, i64) -> !llvm.ptr, i8
    llvm.store volatile %108, %111 {alignment = 1 : i64} : i32, !llvm.ptr
    %112 = llvm.load %1 : !llvm.ptr -> i32
    %c4_i32_37 = arith.constant 4 : i32
    %113 = arith.addi %112, %c4_i32_37 : i32
    llvm.store %113, %1 : i32, !llvm.ptr
    %114 = llvm.load %5 : !llvm.ptr -> i32
    %c4_i32_38 = arith.constant 4 : i32
    %115 = arith.addi %114, %c4_i32_38 : i32
    llvm.store %115, %5 : i32, !llvm.ptr
    %116 = llvm.load %3 : !llvm.ptr -> i32
    %117 = arith.cmpi ult, %115, %116 : i32
    %118 = arith.extui %117 : i1 to i32
    %c0_i32_39 = arith.constant 0 : i32
    %119 = arith.cmpi ne, %118, %c0_i32_39 : i32
    cf.cond_br %119, ^bb16, ^bb17
  ^bb17:  // pred: ^bb16
    cf.br ^bb11
  ^bb18:  // pred: ^bb12
    %120 = llvm.load %9 : !llvm.ptr -> i32
    llvm.store %120, %1 : i32, !llvm.ptr
    cf.br ^bb20
  ^bb19:  // pred: ^bb21
    cf.br ^bb11
  ^bb20:  // 2 preds: ^bb18, ^bb20
    %121 = llvm.load %5 : !llvm.ptr -> i32
    %122 = llvm.load %1 : !llvm.ptr -> i32
    %c0_i64_40 = arith.constant 0 : i64
    %123 = arith.extui %122 : i32 to i64
    %124 = arith.addi %123, %c0_i64_40 : i64
    %125 = llvm.getelementptr %13[%124] : (!llvm.ptr, i64) -> !llvm.ptr, i8
    %126 = llvm.load volatile %125 {alignment = 1 : i64} : !llvm.ptr -> i32
    %c0_i64_41 = arith.constant 0 : i64
    %127 = arith.extui %121 : i32 to i64
    %128 = arith.addi %127, %c0_i64_41 : i64
    %129 = llvm.getelementptr %13[%128] : (!llvm.ptr, i64) -> !llvm.ptr, i8
    llvm.store volatile %126, %129 {alignment = 1 : i64} : i32, !llvm.ptr
    %130 = llvm.load %1 : !llvm.ptr -> i32
    %c4_i32_42 = arith.constant 4 : i32
    %131 = arith.addi %130, %c4_i32_42 : i32
    llvm.store %131, %1 : i32, !llvm.ptr
    %132 = llvm.load %5 : !llvm.ptr -> i32
    %c4_i32_43 = arith.constant 4 : i32
    %133 = arith.addi %132, %c4_i32_43 : i32
    llvm.store %133, %5 : i32, !llvm.ptr
    %134 = llvm.load %3 : !llvm.ptr -> i32
    %135 = arith.cmpi ult, %133, %134 : i32
    %136 = arith.extui %135 : i1 to i32
    %c0_i32_44 = arith.constant 0 : i32
    %137 = arith.cmpi ne, %136, %c0_i32_44 : i32
    cf.cond_br %137, ^bb20, ^bb21
  ^bb21:  // pred: ^bb20
    cf.br ^bb19
  ^bb22:  // 2 preds: ^bb3, ^bb24
    %138 = llvm.load %0 : !llvm.ptr -> i32
    cf.br ^bb2(%138 : i32)
  ^bb23:  // pred: ^bb3
    %139 = llvm.load %3 : !llvm.ptr -> i32
    %140 = llvm.load %2 : !llvm.ptr -> i32
    %141 = arith.addi %139, %140 : i32
    llvm.store %141, %5 : i32, !llvm.ptr
    cf.br ^bb25
  ^bb24:  // pred: ^bb26
    cf.br ^bb22
  ^bb25:  // 2 preds: ^bb23, ^bb25
    %142 = llvm.load %3 : !llvm.ptr -> i32
    %143 = llvm.load %1 : !llvm.ptr -> i32
    %c0_i64_45 = arith.constant 0 : i64
    %144 = arith.extui %143 : i32 to i64
    %145 = arith.addi %144, %c0_i64_45 : i64
    %146 = llvm.getelementptr %13[%145] : (!llvm.ptr, i64) -> !llvm.ptr, i8
    %147 = llvm.load volatile %146 {alignment = 1 : i64} : !llvm.ptr -> i8
    %148 = arith.extui %147 : i8 to i32
    %c0_i64_46 = arith.constant 0 : i64
    %149 = arith.extui %142 : i32 to i64
    %150 = arith.addi %149, %c0_i64_46 : i64
    %151 = llvm.getelementptr %13[%150] : (!llvm.ptr, i64) -> !llvm.ptr, i8
    %152 = arith.trunci %148 : i32 to i8
    llvm.store volatile %152, %151 {alignment = 1 : i64} : i8, !llvm.ptr
    %153 = llvm.load %1 : !llvm.ptr -> i32
    %c1_i32_47 = arith.constant 1 : i32
    %154 = arith.addi %153, %c1_i32_47 : i32
    llvm.store %154, %1 : i32, !llvm.ptr
    %155 = llvm.load %3 : !llvm.ptr -> i32
    %c1_i32_48 = arith.constant 1 : i32
    %156 = arith.addi %155, %c1_i32_48 : i32
    llvm.store %156, %3 : i32, !llvm.ptr
    %157 = llvm.load %5 : !llvm.ptr -> i32
    %158 = arith.cmpi ult, %156, %157 : i32
    %159 = arith.extui %158 : i1 to i32
    %c0_i32_49 = arith.constant 0 : i32
    %160 = arith.cmpi ne, %159, %c0_i32_49 : i32
    cf.cond_br %160, ^bb25, ^bb26
  ^bb26:  // pred: ^bb25
    cf.br ^bb24
  }
  func.func @f1(%arg0: !llvm.ptr, %arg1: i32, %arg2: i32, %arg3: i32) -> i32 {
    %c1_i32 = arith.constant 1 : i32
    %0 = llvm.alloca %c1_i32 x i32 : (i32) -> !llvm.ptr
    llvm.store %arg1, %0 : i32, !llvm.ptr
    %c1_i32_0 = arith.constant 1 : i32
    %1 = llvm.alloca %c1_i32_0 x i32 : (i32) -> !llvm.ptr
    llvm.store %arg2, %1 : i32, !llvm.ptr
    %c1_i32_1 = arith.constant 1 : i32
    %2 = llvm.alloca %c1_i32_1 x i32 : (i32) -> !llvm.ptr
    llvm.store %arg3, %2 : i32, !llvm.ptr
    %c0_i32 = arith.constant 0 : i32
    %c1_i32_2 = arith.constant 1 : i32
    %3 = llvm.alloca %c1_i32_2 x i32 : (i32) -> !llvm.ptr
    llvm.store %c0_i32, %3 : i32, !llvm.ptr
    %c1_i32_3 = arith.constant 1 : i32
    %4 = llvm.alloca %c1_i32_3 x i32 : (i32) -> !llvm.ptr
    llvm.store %c0_i32, %4 : i32, !llvm.ptr
    %c1_i32_4 = arith.constant 1 : i32
    %5 = llvm.alloca %c1_i32_4 x i32 : (i32) -> !llvm.ptr
    llvm.store %c0_i32, %5 : i32, !llvm.ptr
    %6 = llvm.getelementptr %arg0[40] : (!llvm.ptr) -> !llvm.ptr, i8
    %7 = llvm.getelementptr %6[0] : (!llvm.ptr) -> !llvm.ptr, i8
    %8 = llvm.load %7 : !llvm.ptr -> !llvm.ptr
    cf.br ^bb1
  ^bb1:  // pred: ^bb0
    %c0_i32_5 = arith.constant 0 : i32
    llvm.store %c0_i32_5, %3 : i32, !llvm.ptr
    %9 = llvm.load %2 : !llvm.ptr -> i32
    %c0_i32_6 = arith.constant 0 : i32
    %10 = arith.cmpi eq, %9, %c0_i32_6 : i32
    %11 = arith.extui %10 : i1 to i32
    %c0_i32_7 = arith.constant 0 : i32
    %12 = arith.cmpi ne, %11, %c0_i32_7 : i32
    cf.cond_br %12, ^bb3, ^bb4
  ^bb2(%13: i32):  // pred: ^bb3
    return %13 : i32
  ^bb3:  // 3 preds: ^bb1, ^bb5, ^bb8
    %14 = llvm.load %3 : !llvm.ptr -> i32
    cf.br ^bb2(%14 : i32)
  ^bb4:  // pred: ^bb1
    cf.br ^bb7
  ^bb5:  // 2 preds: ^bb6, ^bb7
    %15 = llvm.load %4 : !llvm.ptr -> i32
    %16 = llvm.load %5 : !llvm.ptr -> i32
    %17 = arith.subi %15, %16 : i32
    llvm.store %17, %3 : i32, !llvm.ptr
    cf.br ^bb3
  ^bb6:  // no predecessors
    cf.br ^bb5
  ^bb7:  // 2 preds: ^bb4, ^bb9
    %18 = llvm.load %0 : !llvm.ptr -> i32
    %c0_i64 = arith.constant 0 : i64
    %19 = arith.extui %18 : i32 to i64
    %20 = arith.addi %19, %c0_i64 : i64
    %21 = llvm.getelementptr %8[%20] : (!llvm.ptr, i64) -> !llvm.ptr, i8
    %22 = llvm.load volatile %21 {alignment = 1 : i64} : !llvm.ptr -> i8
    %23 = arith.extui %22 : i8 to i32
    llvm.store %23, %4 : i32, !llvm.ptr
    %24 = llvm.load %1 : !llvm.ptr -> i32
    %c0_i64_8 = arith.constant 0 : i64
    %25 = arith.extui %24 : i32 to i64
    %26 = arith.addi %25, %c0_i64_8 : i64
    %27 = llvm.getelementptr %8[%26] : (!llvm.ptr, i64) -> !llvm.ptr, i8
    %28 = llvm.load volatile %27 {alignment = 1 : i64} : !llvm.ptr -> i8
    %29 = arith.extui %28 : i8 to i32
    llvm.store %29, %5 : i32, !llvm.ptr
    %30 = arith.cmpi eq, %23, %29 : i32
    %31 = arith.extui %30 : i1 to i32
    %c0_i32_9 = arith.constant 0 : i32
    %32 = arith.cmpi eq, %31, %c0_i32_9 : i32
    %33 = arith.extui %32 : i1 to i32
    %c0_i32_10 = arith.constant 0 : i32
    %34 = arith.cmpi ne, %33, %c0_i32_10 : i32
    cf.cond_br %34, ^bb5, ^bb8
  ^bb8:  // pred: ^bb7
    %35 = llvm.load %0 : !llvm.ptr -> i32
    %c1_i32_11 = arith.constant 1 : i32
    %36 = arith.addi %35, %c1_i32_11 : i32
    llvm.store %36, %0 : i32, !llvm.ptr
    %37 = llvm.load %1 : !llvm.ptr -> i32
    %c1_i32_12 = arith.constant 1 : i32
    %38 = arith.addi %37, %c1_i32_12 : i32
    llvm.store %38, %1 : i32, !llvm.ptr
    %39 = llvm.load %2 : !llvm.ptr -> i32
    %c-1_i32 = arith.constant -1 : i32
    %40 = arith.addi %39, %c-1_i32 : i32
    llvm.store %40, %2 : i32, !llvm.ptr
    %c0_i32_13 = arith.constant 0 : i32
    %41 = arith.cmpi eq, %40, %c0_i32_13 : i32
    %42 = arith.extui %41 : i1 to i32
    %c0_i32_14 = arith.constant 0 : i32
    %43 = arith.cmpi ne, %42, %c0_i32_14 : i32
    cf.cond_br %43, ^bb3, ^bb9
  ^bb9:  // pred: ^bb8
    cf.br ^bb7
  }
  func.func @f2(%arg0: !llvm.ptr, %arg1: i32, %arg2: i32, %arg3: i32) -> i32 {
    %c1_i32 = arith.constant 1 : i32
    %0 = llvm.alloca %c1_i32 x i32 : (i32) -> !llvm.ptr
    llvm.store %arg1, %0 : i32, !llvm.ptr
    %c1_i32_0 = arith.constant 1 : i32
    %1 = llvm.alloca %c1_i32_0 x i32 : (i32) -> !llvm.ptr
    llvm.store %arg2, %1 : i32, !llvm.ptr
    %c1_i32_1 = arith.constant 1 : i32
    %2 = llvm.alloca %c1_i32_1 x i32 : (i32) -> !llvm.ptr
    llvm.store %arg3, %2 : i32, !llvm.ptr
    cf.br ^bb1
  ^bb1:  // pred: ^bb0
    %3 = llvm.load %0 : !llvm.ptr -> i32
    %4 = llvm.load %1 : !llvm.ptr -> i32
    %5 = llvm.load %2 : !llvm.ptr -> i32
    %6 = call @f1(%arg0, %3, %4, %5) : (!llvm.ptr, i32, i32, i32) -> i32
    cf.br ^bb2(%6 : i32)
  ^bb2(%7: i32):  // pred: ^bb1
    return %7 : i32
  }
  func.func @f3(%arg0: !llvm.ptr, %arg1: i32, %arg2: i32, %arg3: i32) -> i32 {
    %c1_i32 = arith.constant 1 : i32
    %0 = llvm.alloca %c1_i32 x i32 : (i32) -> !llvm.ptr
    llvm.store %arg1, %0 : i32, !llvm.ptr
    %c1_i32_0 = arith.constant 1 : i32
    %1 = llvm.alloca %c1_i32_0 x i32 : (i32) -> !llvm.ptr
    llvm.store %arg2, %1 : i32, !llvm.ptr
    %c1_i32_1 = arith.constant 1 : i32
    %2 = llvm.alloca %c1_i32_1 x i32 : (i32) -> !llvm.ptr
    llvm.store %arg3, %2 : i32, !llvm.ptr
    cf.br ^bb1
  ^bb1:  // pred: ^bb0
    %3 = llvm.load %0 : !llvm.ptr -> i32
    %4 = llvm.load %1 : !llvm.ptr -> i32
    %5 = llvm.load %2 : !llvm.ptr -> i32
    %6 = call @f2(%arg0, %3, %4, %5) : (!llvm.ptr, i32, i32, i32) -> i32
    cf.br ^bb2(%6 : i32)
  ^bb2(%7: i32):  // pred: ^bb1
    return %7 : i32
  }
  func.func @f4(%arg0: !llvm.ptr, %arg1: i64, %arg2: i32, %arg3: i32) -> i32 {
    %c1_i32 = arith.constant 1 : i32
    %0 = llvm.alloca %c1_i32 x i64 : (i32) -> !llvm.ptr
    llvm.store %arg1, %0 : i64, !llvm.ptr
    %c1_i32_0 = arith.constant 1 : i32
    %1 = llvm.alloca %c1_i32_0 x i32 : (i32) -> !llvm.ptr
    llvm.store %arg2, %1 : i32, !llvm.ptr
    %c1_i32_1 = arith.constant 1 : i32
    %2 = llvm.alloca %c1_i32_1 x i32 : (i32) -> !llvm.ptr
    llvm.store %arg3, %2 : i32, !llvm.ptr
    %c0_i32 = arith.constant 0 : i32
    %c1_i32_2 = arith.constant 1 : i32
    %3 = llvm.alloca %c1_i32_2 x i32 : (i32) -> !llvm.ptr
    llvm.store %c0_i32, %3 : i32, !llvm.ptr
    %c1_i32_3 = arith.constant 1 : i32
    %4 = llvm.alloca %c1_i32_3 x i32 : (i32) -> !llvm.ptr
    llvm.store %c0_i32, %4 : i32, !llvm.ptr
    %c0_i64 = arith.constant 0 : i64
    %c1_i32_4 = arith.constant 1 : i32
    %5 = llvm.alloca %c1_i32_4 x i64 : (i32) -> !llvm.ptr
    llvm.store %c0_i64, %5 : i64, !llvm.ptr
    %c0_i32_5 = arith.constant 0 : i32
    %c1_i32_6 = arith.constant 1 : i32
    %6 = llvm.alloca %c1_i32_6 x i32 : (i32) -> !llvm.ptr
    llvm.store %c0_i32_5, %6 : i32, !llvm.ptr
    %c1_i32_7 = arith.constant 1 : i32
    %7 = llvm.alloca %c1_i32_7 x i32 : (i32) -> !llvm.ptr
    llvm.store %c0_i32_5, %7 : i32, !llvm.ptr
    %c1_i32_8 = arith.constant 1 : i32
    %8 = llvm.alloca %c1_i32_8 x i32 : (i32) -> !llvm.ptr
    llvm.store %c0_i32_5, %8 : i32, !llvm.ptr
    %9 = llvm.getelementptr %arg0[64] : (!llvm.ptr) -> !llvm.ptr, i8
    %10 = llvm.load %9 : !llvm.ptr -> !llvm.ptr
    %11 = llvm.getelementptr %arg0[40] : (!llvm.ptr) -> !llvm.ptr, i8
    %12 = llvm.getelementptr %11[0] : (!llvm.ptr) -> !llvm.ptr, i8
    %13 = llvm.load %12 : !llvm.ptr -> !llvm.ptr
    cf.br ^bb1
  ^bb1:  // pred: ^bb0
    %14 = llvm.load %10 : !llvm.ptr -> i32
    %c48_i32 = arith.constant 48 : i32
    %15 = arith.subi %14, %c48_i32 : i32
    llvm.store %15, %3 : i32, !llvm.ptr
    llvm.store %15, %10 : i32, !llvm.ptr
    %c39_i32 = arith.constant 39 : i32
    llvm.store %c39_i32, %4 : i32, !llvm.ptr
    %16 = llvm.load %0 : !llvm.ptr -> i64
    %c10000_i64 = arith.constant 10000 : i64
    %17 = arith.cmpi uge, %16, %c10000_i64 : i64
    %18 = arith.extui %17 : i1 to i64
    %19 = arith.trunci %18 : i64 to i32
    %c0_i32_9 = arith.constant 0 : i32
    %20 = arith.cmpi ne, %19, %c0_i32_9 : i32
    cf.cond_br %20, ^bb4, ^bb5
  ^bb2(%21: i32):  // pred: ^bb11
    return %21 : i32
  ^bb3:  // 2 preds: ^bb5, ^bb6
    %22 = llvm.load %5 : !llvm.ptr -> i64
    %23 = arith.trunci %22 : i64 to i32
    llvm.store %23, %6 : i32, !llvm.ptr
    %c99_i32 = arith.constant 99 : i32
    %24 = arith.cmpi ule, %23, %c99_i32 : i32
    %25 = arith.extui %24 : i1 to i32
    %c0_i32_10 = arith.constant 0 : i32
    %26 = arith.cmpi ne, %25, %c0_i32_10 : i32
    cf.cond_br %26, ^bb9, ^bb10
  ^bb4:  // pred: ^bb1
    %c39_i32_11 = arith.constant 39 : i32
    llvm.store %c39_i32_11, %4 : i32, !llvm.ptr
    cf.br ^bb7
  ^bb5:  // pred: ^bb1
    %27 = llvm.load %0 : !llvm.ptr -> i64
    llvm.store %27, %5 : i64, !llvm.ptr
    cf.br ^bb3
  ^bb6:  // pred: ^bb8
    cf.br ^bb3
  ^bb7:  // 2 preds: ^bb4, ^bb7
    %28 = llvm.load %3 : !llvm.ptr -> i32
    %c9_i32 = arith.constant 9 : i32
    %29 = arith.addi %28, %c9_i32 : i32
    %30 = llvm.load %4 : !llvm.ptr -> i32
    %31 = arith.addi %29, %30 : i32
    llvm.store %31, %6 : i32, !llvm.ptr
    %c-4_i32 = arith.constant -4 : i32
    %32 = arith.addi %31, %c-4_i32 : i32
    %33 = llvm.load %0 : !llvm.ptr -> i64
    %34 = llvm.load %0 : !llvm.ptr -> i64
    %c10000_i64_12 = arith.constant 10000 : i64
    %35 = arith.divui %34, %c10000_i64_12 : i64
    %c0_i64_13 = arith.constant 0 : i64
    %36 = arith.cmpi eq, %c10000_i64_12, %c0_i64_13 : i64
    %37 = arith.select %36, %c0_i64_13, %35 : i64
    llvm.store %37, %5 : i64, !llvm.ptr
    %c10000_i64_14 = arith.constant 10000 : i64
    %38 = arith.muli %37, %c10000_i64_14 : i64
    %39 = arith.subi %33, %38 : i64
    %40 = arith.trunci %39 : i64 to i32
    llvm.store %40, %7 : i32, !llvm.ptr
    %c65535_i32 = arith.constant 65535 : i32
    %41 = arith.andi %40, %c65535_i32 : i32
    %c100_i32 = arith.constant 100 : i32
    %42 = arith.divui %41, %c100_i32 : i32
    %c0_i32_15 = arith.constant 0 : i32
    %43 = arith.cmpi eq, %c100_i32, %c0_i32_15 : i32
    %44 = arith.select %43, %c0_i32_15, %42 : i32
    llvm.store %44, %8 : i32, !llvm.ptr
    %c1_i32_16 = arith.constant 1 : i32
    %c31_i32 = arith.constant 31 : i32
    %45 = arith.cmpi ule, %c1_i32_16, %c31_i32 : i32
    %46 = scf.if %45 -> (i32) {
      %147 = arith.shli %44, %c1_i32_16 : i32
      scf.yield %147 : i32
    } else {
      %c0_i32_51 = arith.constant 0 : i32
      scf.yield %c0_i32_51 : i32
    }
    %c1050004_i32 = arith.constant 1050004 : i32
    %47 = arith.addi %46, %c1050004_i32 : i32
    %c0_i64_17 = arith.constant 0 : i64
    %48 = arith.extui %47 : i32 to i64
    %49 = arith.addi %48, %c0_i64_17 : i64
    %50 = llvm.getelementptr %13[%49] : (!llvm.ptr, i64) -> !llvm.ptr, i8
    %51 = llvm.load volatile %50 {alignment = 1 : i64} : !llvm.ptr -> i16
    %52 = arith.extui %51 : i16 to i32
    %c0_i64_18 = arith.constant 0 : i64
    %53 = arith.extui %32 : i32 to i64
    %54 = arith.addi %53, %c0_i64_18 : i64
    %55 = llvm.getelementptr %13[%54] : (!llvm.ptr, i64) -> !llvm.ptr, i8
    %56 = arith.trunci %52 : i32 to i16
    llvm.store volatile %56, %55 {alignment = 1 : i64} : i16, !llvm.ptr
    %57 = llvm.load %6 : !llvm.ptr -> i32
    %c-2_i32 = arith.constant -2 : i32
    %58 = arith.addi %57, %c-2_i32 : i32
    %59 = llvm.load %7 : !llvm.ptr -> i32
    %60 = llvm.load %8 : !llvm.ptr -> i32
    %c100_i32_19 = arith.constant 100 : i32
    %61 = arith.muli %60, %c100_i32_19 : i32
    %62 = arith.subi %59, %61 : i32
    %c65535_i32_20 = arith.constant 65535 : i32
    %63 = arith.andi %62, %c65535_i32_20 : i32
    %c1_i32_21 = arith.constant 1 : i32
    %c31_i32_22 = arith.constant 31 : i32
    %64 = arith.cmpi ule, %c1_i32_21, %c31_i32_22 : i32
    %65 = scf.if %64 -> (i32) {
      %147 = arith.shli %63, %c1_i32_21 : i32
      scf.yield %147 : i32
    } else {
      %c0_i32_51 = arith.constant 0 : i32
      scf.yield %c0_i32_51 : i32
    }
    %c1050004_i32_23 = arith.constant 1050004 : i32
    %66 = arith.addi %65, %c1050004_i32_23 : i32
    %c0_i64_24 = arith.constant 0 : i64
    %67 = arith.extui %66 : i32 to i64
    %68 = arith.addi %67, %c0_i64_24 : i64
    %69 = llvm.getelementptr %13[%68] : (!llvm.ptr, i64) -> !llvm.ptr, i8
    %70 = llvm.load volatile %69 {alignment = 1 : i64} : !llvm.ptr -> i16
    %71 = arith.extui %70 : i16 to i32
    %c0_i64_25 = arith.constant 0 : i64
    %72 = arith.extui %58 : i32 to i64
    %73 = arith.addi %72, %c0_i64_25 : i64
    %74 = llvm.getelementptr %13[%73] : (!llvm.ptr, i64) -> !llvm.ptr, i8
    %75 = arith.trunci %71 : i32 to i16
    llvm.store volatile %75, %74 {alignment = 1 : i64} : i16, !llvm.ptr
    %76 = llvm.load %4 : !llvm.ptr -> i32
    %c-4_i32_26 = arith.constant -4 : i32
    %77 = arith.addi %76, %c-4_i32_26 : i32
    llvm.store %77, %4 : i32, !llvm.ptr
    %78 = llvm.load %0 : !llvm.ptr -> i64
    %c99999999_i64 = arith.constant 99999999 : i64
    %79 = arith.cmpi ugt, %78, %c99999999_i64 : i64
    %80 = arith.extui %79 : i1 to i64
    %81 = arith.trunci %80 : i64 to i32
    llvm.store %81, %6 : i32, !llvm.ptr
    %82 = llvm.load %5 : !llvm.ptr -> i64
    llvm.store %82, %0 : i64, !llvm.ptr
    %83 = llvm.load %6 : !llvm.ptr -> i32
    %c0_i32_27 = arith.constant 0 : i32
    %84 = arith.cmpi ne, %83, %c0_i32_27 : i32
    cf.cond_br %84, ^bb7, ^bb8
  ^bb8:  // pred: ^bb7
    cf.br ^bb6
  ^bb9:  // 2 preds: ^bb3, ^bb10
    %85 = llvm.load %6 : !llvm.ptr -> i32
    %c10_i32 = arith.constant 10 : i32
    %86 = arith.cmpi ult, %85, %c10_i32 : i32
    %87 = arith.extui %86 : i1 to i32
    %c0_i32_28 = arith.constant 0 : i32
    %88 = arith.cmpi ne, %87, %c0_i32_28 : i32
    cf.cond_br %88, ^bb12, ^bb13
  ^bb10:  // pred: ^bb3
    %89 = llvm.load %3 : !llvm.ptr -> i32
    %c9_i32_29 = arith.constant 9 : i32
    %90 = arith.addi %89, %c9_i32_29 : i32
    %91 = llvm.load %4 : !llvm.ptr -> i32
    %c-2_i32_30 = arith.constant -2 : i32
    %92 = arith.addi %91, %c-2_i32_30 : i32
    llvm.store %92, %4 : i32, !llvm.ptr
    %93 = arith.addi %90, %92 : i32
    %94 = llvm.load %5 : !llvm.ptr -> i64
    %95 = arith.trunci %94 : i64 to i32
    llvm.store %95, %6 : i32, !llvm.ptr
    %96 = llvm.load %6 : !llvm.ptr -> i32
    %c65535_i32_31 = arith.constant 65535 : i32
    %97 = arith.andi %96, %c65535_i32_31 : i32
    %c100_i32_32 = arith.constant 100 : i32
    %98 = arith.divui %97, %c100_i32_32 : i32
    %c0_i32_33 = arith.constant 0 : i32
    %99 = arith.cmpi eq, %c100_i32_32, %c0_i32_33 : i32
    %100 = arith.select %99, %c0_i32_33, %98 : i32
    llvm.store %100, %6 : i32, !llvm.ptr
    %c100_i32_34 = arith.constant 100 : i32
    %101 = arith.muli %100, %c100_i32_34 : i32
    %102 = arith.subi %95, %101 : i32
    %c65535_i32_35 = arith.constant 65535 : i32
    %103 = arith.andi %102, %c65535_i32_35 : i32
    %c1_i32_36 = arith.constant 1 : i32
    %c31_i32_37 = arith.constant 31 : i32
    %104 = arith.cmpi ule, %c1_i32_36, %c31_i32_37 : i32
    %105 = scf.if %104 -> (i32) {
      %147 = arith.shli %103, %c1_i32_36 : i32
      scf.yield %147 : i32
    } else {
      %c0_i32_51 = arith.constant 0 : i32
      scf.yield %c0_i32_51 : i32
    }
    %c1050004_i32_38 = arith.constant 1050004 : i32
    %106 = arith.addi %105, %c1050004_i32_38 : i32
    %c0_i64_39 = arith.constant 0 : i64
    %107 = arith.extui %106 : i32 to i64
    %108 = arith.addi %107, %c0_i64_39 : i64
    %109 = llvm.getelementptr %13[%108] : (!llvm.ptr, i64) -> !llvm.ptr, i8
    %110 = llvm.load volatile %109 {alignment = 1 : i64} : !llvm.ptr -> i16
    %111 = arith.extui %110 : i16 to i32
    %c0_i64_40 = arith.constant 0 : i64
    %112 = arith.extui %93 : i32 to i64
    %113 = arith.addi %112, %c0_i64_40 : i64
    %114 = llvm.getelementptr %13[%113] : (!llvm.ptr, i64) -> !llvm.ptr, i8
    %115 = arith.trunci %111 : i32 to i16
    llvm.store volatile %115, %114 {alignment = 1 : i64} : i16, !llvm.ptr
    cf.br ^bb9
  ^bb11:  // 2 preds: ^bb12, ^bb13
    %116 = llvm.load %2 : !llvm.ptr -> i32
    %117 = llvm.load %1 : !llvm.ptr -> i32
    cf.br ^bb2(%117 : i32)
  ^bb12:  // pred: ^bb9
    %118 = llvm.load %3 : !llvm.ptr -> i32
    %c9_i32_41 = arith.constant 9 : i32
    %119 = arith.addi %118, %c9_i32_41 : i32
    %120 = llvm.load %4 : !llvm.ptr -> i32
    %c-1_i32 = arith.constant -1 : i32
    %121 = arith.addi %120, %c-1_i32 : i32
    llvm.store %121, %4 : i32, !llvm.ptr
    %122 = arith.addi %119, %121 : i32
    %123 = llvm.load %6 : !llvm.ptr -> i32
    %c48_i32_42 = arith.constant 48 : i32
    %124 = arith.ori %123, %c48_i32_42 : i32
    %c0_i64_43 = arith.constant 0 : i64
    %125 = arith.extui %122 : i32 to i64
    %126 = arith.addi %125, %c0_i64_43 : i64
    %127 = llvm.getelementptr %13[%126] : (!llvm.ptr, i64) -> !llvm.ptr, i8
    %128 = arith.trunci %124 : i32 to i8
    llvm.store volatile %128, %127 {alignment = 1 : i64} : i8, !llvm.ptr
    cf.br ^bb11
  ^bb13:  // pred: ^bb9
    %129 = llvm.load %3 : !llvm.ptr -> i32
    %c9_i32_44 = arith.constant 9 : i32
    %130 = arith.addi %129, %c9_i32_44 : i32
    %131 = llvm.load %4 : !llvm.ptr -> i32
    %c-2_i32_45 = arith.constant -2 : i32
    %132 = arith.addi %131, %c-2_i32_45 : i32
    llvm.store %132, %4 : i32, !llvm.ptr
    %133 = arith.addi %130, %132 : i32
    %134 = llvm.load %6 : !llvm.ptr -> i32
    %c1_i32_46 = arith.constant 1 : i32
    %c31_i32_47 = arith.constant 31 : i32
    %135 = arith.cmpi ule, %c1_i32_46, %c31_i32_47 : i32
    %136 = scf.if %135 -> (i32) {
      %147 = arith.shli %134, %c1_i32_46 : i32
      scf.yield %147 : i32
    } else {
      %c0_i32_51 = arith.constant 0 : i32
      scf.yield %c0_i32_51 : i32
    }
    %c1050004_i32_48 = arith.constant 1050004 : i32
    %137 = arith.addi %136, %c1050004_i32_48 : i32
    %c0_i64_49 = arith.constant 0 : i64
    %138 = arith.extui %137 : i32 to i64
    %139 = arith.addi %138, %c0_i64_49 : i64
    %140 = llvm.getelementptr %13[%139] : (!llvm.ptr, i64) -> !llvm.ptr, i8
    %141 = llvm.load volatile %140 {alignment = 1 : i64} : !llvm.ptr -> i16
    %142 = arith.extui %141 : i16 to i32
    %c0_i64_50 = arith.constant 0 : i64
    %143 = arith.extui %133 : i32 to i64
    %144 = arith.addi %143, %c0_i64_50 : i64
    %145 = llvm.getelementptr %13[%144] : (!llvm.ptr, i64) -> !llvm.ptr, i8
    %146 = arith.trunci %142 : i32 to i16
    llvm.store volatile %146, %145 {alignment = 1 : i64} : i16, !llvm.ptr
    cf.br ^bb11
  }
  func.func private @dora_fn_wasm_table_init(!llvm.ptr, i32, i32, i32, i32, i32)
  func.func private @dora_fn_wasm_table_copy(!llvm.ptr, i32, i32, i32, i32, i32)
  func.func private @dora_fn_wasm_table_fill(!llvm.ptr, i32, i32, !llvm.ptr, i32)
  func.func private @dora_fn_wasm_table_size(!llvm.ptr, i32) -> i32
  func.func private @dora_fn_wasm_table_get(!llvm.ptr, i32, i32) -> !llvm.ptr
  func.func private @dora_fn_wasm_table_set(!llvm.ptr, i32, i32, !llvm.ptr)
  func.func private @dora_fn_wasm_table_grow(!llvm.ptr, !llvm.ptr, i32, i32) -> i32
  func.func private @dora_fn_wasm_imported_table_size(!llvm.ptr, i32) -> i32
  func.func private @dora_fn_wasm_imported_table_get(!llvm.ptr, i32, i32) -> !llvm.ptr
  func.func private @dora_fn_wasm_imported_table_grow(!llvm.ptr, !llvm.ptr, i32, i32) -> i32
  func.func private @dora_fn_wasm_memory_init(!llvm.ptr, i32, i32, i32, i32, i32)
  func.func private @dora_fn_wasm_memory_size(!llvm.ptr, i32) -> i32
  func.func private @dora_fn_wasm_memory_grow(!llvm.ptr, i32, i32) -> i32
  func.func private @dora_fn_wasm_memory_copy(!llvm.ptr, i32, i32, i32, i32)
  func.func private @dora_fn_wasm_memory_fill(!llvm.ptr, i32, i32, i32, i32)
  func.func private @dora_fn_wasm_memory_notify(!llvm.ptr, i32, i32, i32) -> i32
  func.func private @dora_fn_wasm_memory_wait32(!llvm.ptr, i32, i32, i32, i64) -> i32
  func.func private @dora_fn_wasm_memory_wait64(!llvm.ptr, i32, i32, i64, i64) -> i32
  func.func private @dora_fn_wasm_imported_memory_size(!llvm.ptr, i32) -> i32
  func.func private @dora_fn_wasm_imported_memory_grow(!llvm.ptr, i32, i32) -> i32
  func.func private @dora_fn_wasm_imported_memory_copy(!llvm.ptr, i32, i32, i32, i32)
  func.func private @dora_fn_wasm_imported_memory_fill(!llvm.ptr, i32, i32, i32, i32)
  func.func private @dora_fn_wasm_imported_memory_notify(!llvm.ptr, i32, i32, i32) -> i32
  func.func private @dora_fn_wasm_imported_memory_wait32(!llvm.ptr, i32, i32, i32, i64) -> i32
  func.func private @dora_fn_wasm_imported_memory_wait64(!llvm.ptr, i32, i32, i64, i64) -> i32
  func.func private @dora_fn_wasm_func_ref(!llvm.ptr, i32) -> !llvm.ptr
  func.func private @dora_fn_wasm_data_drop(!llvm.ptr, i32)
  func.func private @dora_fn_wasm_elem_drop(!llvm.ptr, i32)
  func.func private @dora_fn_wasm_raise_trap(i32)
  func.func private @dora_fn_wasm_gas_limit() -> i64
}
