---
source: crates/dora-compiler/src/dora/tests/operations.rs
expression: op
snapshot_kind: text
---
module {
  llvm.mlir.global internal @dora_global_memory_ptr() {addr_space = 0 : i32} : !llvm.ptr
  llvm.mlir.global internal @dora_global_memory_size() {addr_space = 0 : i32} : i64
  func.func private @dora_fn_nop()
  func.func private @dora_fn_tracing(!llvm.ptr, i8, i64, !llvm.ptr, !llvm.ptr)
  func.func private @dora_fn_write_result(!llvm.ptr, i64, i64, i64, i8)
  func.func private @dora_fn_is_static(!llvm.ptr) -> i8
  func.func private @dora_fn_exp(!llvm.ptr, !llvm.ptr, !llvm.ptr)
  func.func private @dora_fn_keccak256_hasher(!llvm.ptr, i64, i64, !llvm.ptr)
  func.func private @dora_fn_calldata(!llvm.ptr) -> !llvm.ptr
  func.func private @dora_fn_calldata_copy(!llvm.ptr, i64, !llvm.ptr, i64)
  func.func private @dora_fn_calldata_size(!llvm.ptr) -> i64
  func.func private @dora_fn_chainid(!llvm.ptr) -> i64
  func.func private @dora_fn_callvalue(!llvm.ptr, !llvm.ptr)
  func.func private @dora_fn_caller(!llvm.ptr, !llvm.ptr)
  func.func private @dora_fn_store_in_gasprice_ptr(!llvm.ptr, !llvm.ptr)
  func.func private @dora_fn_store_in_selfbalance_ptr(!llvm.ptr, !llvm.ptr) -> !llvm.ptr
  func.func private @dora_fn_store_in_blobbasefee_ptr(!llvm.ptr, !llvm.ptr)
  func.func private @dora_fn_store_in_gaslimit_ptr(!llvm.ptr, !llvm.ptr)
  func.func private @dora_fn_extend_memory(!llvm.ptr, i64) -> !llvm.ptr
  func.func private @dora_fn_code_copy(!llvm.ptr, !llvm.ptr, i64, i64)
  func.func private @dora_fn_sload(!llvm.ptr, !llvm.ptr, !llvm.ptr) -> !llvm.ptr
  func.func private @dora_fn_sstore(!llvm.ptr, !llvm.ptr, !llvm.ptr, i64) -> !llvm.ptr
  func.func private @dora_fn_append_log(!llvm.ptr, i64, i64)
  func.func private @dora_fn_append_log_with_one_topic(!llvm.ptr, i64, i64, !llvm.ptr)
  func.func private @dora_fn_append_log_with_two_topics(!llvm.ptr, i64, i64, !llvm.ptr, !llvm.ptr)
  func.func private @dora_fn_append_log_with_three_topics(!llvm.ptr, i64, i64, !llvm.ptr, !llvm.ptr, !llvm.ptr)
  func.func private @dora_fn_append_log_with_four_topics(!llvm.ptr, i64, i64, !llvm.ptr, !llvm.ptr, !llvm.ptr, !llvm.ptr)
  func.func private @dora_fn_origin(!llvm.ptr, !llvm.ptr)
  func.func private @dora_fn_coinbase(!llvm.ptr) -> !llvm.ptr
  func.func private @dora_fn_block_number(!llvm.ptr, !llvm.ptr)
  func.func private @dora_fn_extcodesize(!llvm.ptr, !llvm.ptr) -> !llvm.ptr
  func.func private @dora_fn_address(!llvm.ptr) -> !llvm.ptr
  func.func private @dora_fn_prevrando(!llvm.ptr, !llvm.ptr)
  func.func private @dora_fn_store_in_timestamp_ptr(!llvm.ptr, !llvm.ptr)
  func.func private @dora_fn_store_in_basefee_ptr(!llvm.ptr, !llvm.ptr)
  func.func private @dora_fn_call(!llvm.ptr, !llvm.ptr, !llvm.ptr, !llvm.ptr, i64, i64, i64, i64, i64, i8) -> !llvm.ptr
  func.func private @dora_fn_store_in_balance(!llvm.ptr, !llvm.ptr) -> !llvm.ptr
  func.func private @dora_fn_ext_code_copy(!llvm.ptr, !llvm.ptr, !llvm.ptr, i64, i64) -> !llvm.ptr
  func.func private @dora_fn_blob_hash(!llvm.ptr, !llvm.ptr)
  func.func private @dora_fn_block_hash(!llvm.ptr, !llvm.ptr) -> !llvm.ptr
  func.func private @dora_fn_ext_code_hash(!llvm.ptr, !llvm.ptr) -> !llvm.ptr
  func.func private @dora_fn_create(!llvm.ptr, i64, i64, !llvm.ptr, i64) -> !llvm.ptr
  func.func private @dora_fn_create2(!llvm.ptr, i64, i64, !llvm.ptr, i64, !llvm.ptr) -> !llvm.ptr
  func.func private @dora_fn_returndata_size(!llvm.ptr) -> i64
  func.func private @dora_fn_returndata_copy(!llvm.ptr, i64, !llvm.ptr, i64) -> !llvm.ptr
  func.func private @dora_fn_selfdestruct(!llvm.ptr, !llvm.ptr) -> !llvm.ptr
  func.func private @dora_fn_tload(!llvm.ptr, !llvm.ptr, !llvm.ptr)
  func.func private @dora_fn_tstore(!llvm.ptr, !llvm.ptr, !llvm.ptr)
  func.func public @main(%arg0: !llvm.ptr, %arg1: !llvm.ptr, %arg2: !llvm.ptr, %arg3: !llvm.ptr) -> i8 attributes {llvm.emit_c_interface} {
    %c0_i64 = arith.constant 0 : i64
    %0 = llvm.mlir.addressof @dora_global_memory_size : !llvm.ptr
    llvm.store %c0_i64, %0 : i64, !llvm.ptr
    cf.br ^bb5
  ^bb1(%1: i8):  // 7 preds: ^bb2, ^bb4, ^bb5, ^bb8, ^bb9, ^bb12, ^bb13
    %c0_i64_0 = arith.constant 0 : i64
    %2 = llvm.load %arg1 : !llvm.ptr -> i64
    call @dora_fn_write_result(%arg0, %c0_i64_0, %c0_i64_0, %2, %1) : (!llvm.ptr, i64, i64, i64, i8) -> ()
    return %1 : i8
  ^bb2(%3: i256):  // no predecessors
    %c89_i8 = arith.constant 89 : i8
    cf.switch %3 : i256, [
      default: ^bb1(%c89_i8 : i8)
    ]
  ^bb3:  // pred: ^bb4
    %c3_i256 = arith.constant 3 : i256
    %4 = llvm.load %arg3 : !llvm.ptr -> i64
    %5 = llvm.getelementptr %arg2[%4] : (!llvm.ptr, i64) -> !llvm.ptr, i256
    %c1_i64 = arith.constant 1 : i64
    %6 = arith.addi %4, %c1_i64 : i64
    llvm.store %6, %arg3 : i64, !llvm.ptr
    llvm.store %c3_i256, %5 : i256, !llvm.ptr
    cf.br ^bb9
  ^bb4:  // pred: ^bb6
    %c1024_i64 = arith.constant 1024 : i64
    %7 = llvm.load %arg3 : !llvm.ptr -> i64
    %c1_i64_1 = arith.constant 1 : i64
    %8 = arith.addi %7, %c1_i64_1 : i64
    %9 = arith.cmpi ult, %c1024_i64, %8 : i64
    %c92_i8 = arith.constant 92 : i8
    cf.cond_br %9, ^bb1(%c92_i8 : i8), ^bb3
  ^bb5:  // pred: ^bb0
    %10 = llvm.load %arg1 : !llvm.ptr -> i64
    %c3_i64 = arith.constant 3 : i64
    call @dora_fn_nop() : () -> ()
    %11 = arith.cmpi uge, %10, %c3_i64 : i64
    %c80_i8 = arith.constant 80 : i8
    cf.cond_br %11, ^bb6, ^bb1(%c80_i8 : i8)
  ^bb6:  // pred: ^bb5
    %12 = arith.subi %10, %c3_i64 : i64
    llvm.store %12, %arg1 : i64, !llvm.ptr
    cf.br ^bb4
  ^bb7:  // pred: ^bb8
    %c3_i256_2 = arith.constant 3 : i256
    %13 = llvm.load %arg3 : !llvm.ptr -> i64
    %14 = llvm.getelementptr %arg2[%13] : (!llvm.ptr, i64) -> !llvm.ptr, i256
    %c1_i64_3 = arith.constant 1 : i64
    %15 = arith.addi %13, %c1_i64_3 : i64
    llvm.store %15, %arg3 : i64, !llvm.ptr
    llvm.store %c3_i256_2, %14 : i256, !llvm.ptr
    cf.br ^bb13
  ^bb8:  // pred: ^bb10
    %c1024_i64_4 = arith.constant 1024 : i64
    %16 = llvm.load %arg3 : !llvm.ptr -> i64
    %c1_i64_5 = arith.constant 1 : i64
    %17 = arith.addi %16, %c1_i64_5 : i64
    %18 = arith.cmpi ult, %c1024_i64_4, %17 : i64
    %c92_i8_6 = arith.constant 92 : i8
    cf.cond_br %18, ^bb1(%c92_i8_6 : i8), ^bb7
  ^bb9:  // pred: ^bb3
    %19 = llvm.load %arg1 : !llvm.ptr -> i64
    %c3_i64_7 = arith.constant 3 : i64
    call @dora_fn_nop() : () -> ()
    %20 = arith.cmpi uge, %19, %c3_i64_7 : i64
    %c80_i8_8 = arith.constant 80 : i8
    cf.cond_br %20, ^bb10, ^bb1(%c80_i8_8 : i8)
  ^bb10:  // pred: ^bb9
    %21 = arith.subi %19, %c3_i64_7 : i64
    llvm.store %21, %arg1 : i64, !llvm.ptr
    cf.br ^bb8
  ^bb11:  // pred: ^bb12
    %22 = llvm.load %arg3 : !llvm.ptr -> i64
    %c1_i64_9 = arith.constant 1 : i64
    %23 = arith.subi %22, %c1_i64_9 : i64
    %24 = llvm.getelementptr %arg2[%23] : (!llvm.ptr, i64) -> !llvm.ptr, i256
    llvm.store %23, %arg3 : i64, !llvm.ptr
    %25 = llvm.load %24 : !llvm.ptr -> i256
    %26 = llvm.load %arg3 : !llvm.ptr -> i64
    %c1_i64_10 = arith.constant 1 : i64
    %27 = arith.subi %26, %c1_i64_10 : i64
    %28 = llvm.getelementptr %arg2[%27] : (!llvm.ptr, i64) -> !llvm.ptr, i256
    llvm.store %27, %arg3 : i64, !llvm.ptr
    %29 = llvm.load %28 : !llvm.ptr -> i256
    %c255_i256 = arith.constant 255 : i256
    %30 = arith.cmpi ule, %25, %c255_i256 : i256
    %31 = scf.if %30 -> (i256) {
      %42 = arith.shrui %29, %25 : i256
      scf.yield %42 : i256
    } else {
      %c0_i256 = arith.constant 0 : i256
      scf.yield %c0_i256 : i256
    }
    %32 = llvm.load %arg3 : !llvm.ptr -> i64
    %33 = llvm.getelementptr %arg2[%32] : (!llvm.ptr, i64) -> !llvm.ptr, i256
    %c1_i64_11 = arith.constant 1 : i64
    %34 = arith.addi %32, %c1_i64_11 : i64
    llvm.store %34, %arg3 : i64, !llvm.ptr
    llvm.store %31, %33 : i256, !llvm.ptr
    cf.br ^bb15
  ^bb12:  // pred: ^bb14
    %c1024_i64_12 = arith.constant 1024 : i64
    %35 = llvm.load %arg3 : !llvm.ptr -> i64
    %c-1_i64 = arith.constant -1 : i64
    %36 = arith.addi %35, %c-1_i64 : i64
    %c2_i64 = arith.constant 2 : i64
    %37 = arith.cmpi ult, %35, %c2_i64 : i64
    %c91_i8 = arith.constant 91 : i8
    cf.cond_br %37, ^bb1(%c91_i8 : i8), ^bb11
  ^bb13:  // pred: ^bb7
    %38 = llvm.load %arg1 : !llvm.ptr -> i64
    %c3_i64_13 = arith.constant 3 : i64
    call @dora_fn_nop() : () -> ()
    %39 = arith.cmpi uge, %38, %c3_i64_13 : i64
    %c80_i8_14 = arith.constant 80 : i8
    cf.cond_br %39, ^bb14, ^bb1(%c80_i8_14 : i8)
  ^bb14:  // pred: ^bb13
    %40 = arith.subi %38, %c3_i64_13 : i64
    llvm.store %40, %arg1 : i64, !llvm.ptr
    cf.br ^bb12
  ^bb15:  // pred: ^bb11
    %c0_i64_15 = arith.constant 0 : i64
    %c1_i8 = arith.constant 1 : i8
    %41 = llvm.load %arg1 : !llvm.ptr -> i64
    call @dora_fn_write_result(%arg0, %c0_i64_15, %c0_i64_15, %41, %c1_i8) : (!llvm.ptr, i64, i64, i64, i8) -> ()
    return %c1_i8 : i8
  }
}
