---
source: crates/dora-compiler/src/dora/tests/operations.rs
expression: op
snapshot_kind: text
---
module {
  llvm.mlir.global internal @dora_global_memory_ptr() {addr_space = 0 : i32} : !llvm.ptr
  llvm.mlir.global internal @dora_global_memory_size() {addr_space = 0 : i32} : i64
  llvm.mlir.global internal @dora_global_calldata_ptr() {addr_space = 0 : i32} : !llvm.ptr
  llvm.mlir.global internal @dora_global_calldata_size() {addr_space = 0 : i32} : i64
  llvm.mlir.global internal @dora_global_gas_counter() {addr_space = 0 : i32} : i64
  func.func private @dora_fn_nop()
  func.func private @dora_fn_tracing(!llvm.ptr, i8, i64, !llvm.ptr, !llvm.ptr)
  func.func private @dora_fn_write_result(!llvm.ptr, i64, i64, i64, i8)
  func.func private @dora_fn_is_static(!llvm.ptr) -> i8
  func.func private @dora_fn_exp(!llvm.ptr, !llvm.ptr, !llvm.ptr)
  func.func private @dora_fn_keccak256_hasher(!llvm.ptr, i64, i64, !llvm.ptr)
  func.func private @dora_fn_calldata(!llvm.ptr) -> !llvm.ptr
  func.func private @dora_fn_calldata_copy(!llvm.ptr, i64, !llvm.ptr, i64)
  func.func private @dora_fn_calldata_size(!llvm.ptr) -> i64
  func.func private @dora_fn_chainid(!llvm.ptr) -> i64
  func.func private @dora_fn_callvalue(!llvm.ptr, !llvm.ptr)
  func.func private @dora_fn_caller(!llvm.ptr, !llvm.ptr)
  func.func private @dora_fn_store_in_gasprice_ptr(!llvm.ptr, !llvm.ptr)
  func.func private @dora_fn_store_in_selfbalance_ptr(!llvm.ptr, !llvm.ptr) -> !llvm.ptr
  func.func private @dora_fn_store_in_blobbasefee_ptr(!llvm.ptr, !llvm.ptr)
  func.func private @dora_fn_store_in_gaslimit_ptr(!llvm.ptr, !llvm.ptr)
  func.func private @dora_fn_extend_memory(!llvm.ptr, i64) -> !llvm.ptr
  func.func private @dora_fn_code_copy(!llvm.ptr, !llvm.ptr, i64, i64)
  func.func private @dora_fn_sload(!llvm.ptr, !llvm.ptr, !llvm.ptr) -> !llvm.ptr
  func.func private @dora_fn_sstore(!llvm.ptr, !llvm.ptr, !llvm.ptr, i64) -> !llvm.ptr
  func.func private @dora_fn_append_log(!llvm.ptr, i64, i64)
  func.func private @dora_fn_append_log_with_one_topic(!llvm.ptr, i64, i64, !llvm.ptr)
  func.func private @dora_fn_append_log_with_two_topics(!llvm.ptr, i64, i64, !llvm.ptr, !llvm.ptr)
  func.func private @dora_fn_append_log_with_three_topics(!llvm.ptr, i64, i64, !llvm.ptr, !llvm.ptr, !llvm.ptr)
  func.func private @dora_fn_append_log_with_four_topics(!llvm.ptr, i64, i64, !llvm.ptr, !llvm.ptr, !llvm.ptr, !llvm.ptr)
  func.func private @dora_fn_origin(!llvm.ptr, !llvm.ptr)
  func.func private @dora_fn_coinbase(!llvm.ptr) -> !llvm.ptr
  func.func private @dora_fn_block_number(!llvm.ptr, !llvm.ptr)
  func.func private @dora_fn_extcodesize(!llvm.ptr, !llvm.ptr) -> !llvm.ptr
  func.func private @dora_fn_address(!llvm.ptr) -> !llvm.ptr
  func.func private @dora_fn_prevrando(!llvm.ptr, !llvm.ptr)
  func.func private @dora_fn_store_in_timestamp_ptr(!llvm.ptr, !llvm.ptr)
  func.func private @dora_fn_store_in_basefee_ptr(!llvm.ptr, !llvm.ptr)
  func.func private @dora_fn_call(!llvm.ptr, !llvm.ptr, !llvm.ptr, !llvm.ptr, i64, i64, i64, i64, i64, i8) -> !llvm.ptr
  func.func private @dora_fn_store_in_balance(!llvm.ptr, !llvm.ptr) -> !llvm.ptr
  func.func private @dora_fn_ext_code_copy(!llvm.ptr, !llvm.ptr, !llvm.ptr, i64, i64) -> !llvm.ptr
  func.func private @dora_fn_blob_hash(!llvm.ptr, !llvm.ptr)
  func.func private @dora_fn_block_hash(!llvm.ptr, !llvm.ptr) -> !llvm.ptr
  func.func private @dora_fn_ext_code_hash(!llvm.ptr, !llvm.ptr) -> !llvm.ptr
  func.func private @dora_fn_create(!llvm.ptr, i64, i64, !llvm.ptr, i64) -> !llvm.ptr
  func.func private @dora_fn_create2(!llvm.ptr, i64, i64, !llvm.ptr, i64, !llvm.ptr) -> !llvm.ptr
  func.func private @dora_fn_returndata_size(!llvm.ptr) -> i64
  func.func private @dora_fn_returndata_copy(!llvm.ptr, i64, !llvm.ptr, i64) -> !llvm.ptr
  func.func private @dora_fn_selfdestruct(!llvm.ptr, !llvm.ptr) -> !llvm.ptr
  func.func private @dora_fn_tload(!llvm.ptr, !llvm.ptr, !llvm.ptr)
  func.func private @dora_fn_tstore(!llvm.ptr, !llvm.ptr, !llvm.ptr)
  func.func public @main(%arg0: !llvm.ptr, %arg1: i64, %arg2: !llvm.ptr, %arg3: !llvm.ptr) -> i8 attributes {llvm.emit_c_interface} {
    %c0_i64 = arith.constant 0 : i64
    %0 = llvm.mlir.addressof @dora_global_memory_size : !llvm.ptr
    llvm.store %c0_i64, %0 : i64, !llvm.ptr
    %1 = call @dora_fn_calldata(%arg0) : (!llvm.ptr) -> !llvm.ptr
    %2 = llvm.mlir.addressof @dora_global_calldata_ptr : !llvm.ptr
    llvm.store %1, %2 : !llvm.ptr, !llvm.ptr
    %3 = call @dora_fn_calldata_size(%arg0) : (!llvm.ptr) -> i64
    %4 = llvm.mlir.addressof @dora_global_calldata_size : !llvm.ptr
    llvm.store %3, %4 : i64, !llvm.ptr
    %5 = llvm.mlir.addressof @dora_global_gas_counter : !llvm.ptr
    llvm.store %arg1, %5 : i64, !llvm.ptr
    cf.br ^bb5
  ^bb1(%6: i8):  // 5 preds: ^bb2, ^bb4, ^bb5, ^bb8, ^bb9
    %c0_i64_0 = arith.constant 0 : i64
    %7 = llvm.mlir.addressof @dora_global_gas_counter : !llvm.ptr
    %8 = llvm.load %7 : !llvm.ptr -> i64
    call @dora_fn_write_result(%arg0, %c0_i64_0, %c0_i64_0, %8, %6) : (!llvm.ptr, i64, i64, i64, i8) -> ()
    return %6 : i8
  ^bb2(%9: i256):  // no predecessors
    %c89_i8 = arith.constant 89 : i8
    cf.switch %9 : i256, [
      default: ^bb1(%c89_i8 : i8)
    ]
  ^bb3:  // pred: ^bb4
    %c10_i256 = arith.constant 10 : i256
    %10 = llvm.load %arg3 : !llvm.ptr -> i64
    %11 = llvm.getelementptr %arg2[%10] : (!llvm.ptr, i64) -> !llvm.ptr, i256
    %c1_i64 = arith.constant 1 : i64
    %12 = arith.addi %10, %c1_i64 : i64
    llvm.store %12, %arg3 : i64, !llvm.ptr
    llvm.store %c10_i256, %11 : i256, !llvm.ptr
    cf.br ^bb9
  ^bb4:  // pred: ^bb6
    %c1024_i64 = arith.constant 1024 : i64
    %13 = llvm.load %arg3 : !llvm.ptr -> i64
    %c1_i64_1 = arith.constant 1 : i64
    %14 = arith.addi %13, %c1_i64_1 : i64
    %15 = arith.cmpi ult, %c1024_i64, %14 : i64
    %c92_i8 = arith.constant 92 : i8
    cf.cond_br %15, ^bb1(%c92_i8 : i8), ^bb3
  ^bb5:  // pred: ^bb0
    %16 = llvm.mlir.addressof @dora_global_gas_counter : !llvm.ptr
    %17 = llvm.load %16 : !llvm.ptr -> i64
    %c3_i64 = arith.constant 3 : i64
    call @dora_fn_nop() : () -> ()
    %18 = arith.cmpi uge, %17, %c3_i64 : i64
    %c80_i8 = arith.constant 80 : i8
    cf.cond_br %18, ^bb6, ^bb1(%c80_i8 : i8)
  ^bb6:  // pred: ^bb5
    %19 = arith.subi %17, %c3_i64 : i64
    llvm.store %19, %16 : i64, !llvm.ptr
    cf.br ^bb4
  ^bb7:  // pred: ^bb8
    %20 = llvm.load %arg3 : !llvm.ptr -> i64
    %c1_i64_2 = arith.constant 1 : i64
    %21 = arith.subi %20, %c1_i64_2 : i64
    %22 = llvm.getelementptr %arg2[%21] : (!llvm.ptr, i64) -> !llvm.ptr, i256
    llvm.store %21, %arg3 : i64, !llvm.ptr
    %23 = llvm.load %22 : !llvm.ptr -> i256
    %c0_i256 = arith.constant 0 : i256
    %24 = arith.cmpi eq, %23, %c0_i256 : i256
    %25 = arith.extui %24 : i1 to i256
    %26 = llvm.load %arg3 : !llvm.ptr -> i64
    %27 = llvm.getelementptr %arg2[%26] : (!llvm.ptr, i64) -> !llvm.ptr, i256
    %c1_i64_3 = arith.constant 1 : i64
    %28 = arith.addi %26, %c1_i64_3 : i64
    llvm.store %28, %arg3 : i64, !llvm.ptr
    llvm.store %25, %27 : i256, !llvm.ptr
    cf.br ^bb11
  ^bb8:  // pred: ^bb10
    %c1024_i64_4 = arith.constant 1024 : i64
    %29 = llvm.load %arg3 : !llvm.ptr -> i64
    %c0_i64_5 = arith.constant 0 : i64
    %30 = arith.addi %29, %c0_i64_5 : i64
    %c1_i64_6 = arith.constant 1 : i64
    %31 = arith.cmpi ult, %29, %c1_i64_6 : i64
    %c91_i8 = arith.constant 91 : i8
    cf.cond_br %31, ^bb1(%c91_i8 : i8), ^bb7
  ^bb9:  // pred: ^bb3
    %32 = llvm.mlir.addressof @dora_global_gas_counter : !llvm.ptr
    %33 = llvm.load %32 : !llvm.ptr -> i64
    %c3_i64_7 = arith.constant 3 : i64
    call @dora_fn_nop() : () -> ()
    %34 = arith.cmpi uge, %33, %c3_i64_7 : i64
    %c80_i8_8 = arith.constant 80 : i8
    cf.cond_br %34, ^bb10, ^bb1(%c80_i8_8 : i8)
  ^bb10:  // pred: ^bb9
    %35 = arith.subi %33, %c3_i64_7 : i64
    llvm.store %35, %32 : i64, !llvm.ptr
    cf.br ^bb8
  ^bb11:  // pred: ^bb7
    %c0_i64_9 = arith.constant 0 : i64
    %c1_i8 = arith.constant 1 : i8
    %36 = llvm.mlir.addressof @dora_global_gas_counter : !llvm.ptr
    %37 = llvm.load %36 : !llvm.ptr -> i64
    call @dora_fn_write_result(%arg0, %c0_i64_9, %c0_i64_9, %37, %c1_i8) : (!llvm.ptr, i64, i64, i64, i8) -> ()
    return %c1_i8 : i8
  }
}
