---
source: crates/dora-compiler/src/dora/tests/operations.rs
expression: op
snapshot_kind: text
---
module {
  func.func private @dora_fn_nop()
  func.func private @dora_fn_tracing(!llvm.ptr, i8, i64, !llvm.ptr, !llvm.ptr)
  func.func private @dora_fn_write_result(!llvm.ptr, i64, i64, i64, i8)
  func.func private @dora_fn_is_static(!llvm.ptr) -> i8
  func.func private @dora_fn_exp(!llvm.ptr, !llvm.ptr, !llvm.ptr)
  func.func private @dora_fn_keccak256_hasher(!llvm.ptr, i64, i64, !llvm.ptr)
  func.func private @dora_fn_calldata(!llvm.ptr) -> !llvm.ptr
  func.func private @dora_fn_calldata_size(!llvm.ptr) -> i64
  func.func private @dora_fn_calldata_copy(!llvm.ptr, i64, !llvm.ptr, i64)
  func.func private @dora_fn_data_section(!llvm.ptr) -> !llvm.ptr
  func.func private @dora_fn_data_section_size(!llvm.ptr) -> i64
  func.func private @dora_fn_data_section_copy(!llvm.ptr, i64, !llvm.ptr, i64)
  func.func private @dora_fn_chainid(!llvm.ptr) -> i64
  func.func private @dora_fn_callvalue(!llvm.ptr, !llvm.ptr)
  func.func private @dora_fn_caller(!llvm.ptr, !llvm.ptr)
  func.func private @dora_fn_store_in_gasprice_ptr(!llvm.ptr, !llvm.ptr)
  func.func private @dora_fn_store_in_selfbalance_ptr(!llvm.ptr, !llvm.ptr) -> !llvm.ptr
  func.func private @dora_fn_store_in_blobbasefee_ptr(!llvm.ptr, !llvm.ptr)
  func.func private @dora_fn_store_in_gaslimit_ptr(!llvm.ptr, !llvm.ptr)
  func.func private @dora_fn_extend_memory(!llvm.ptr, i64) -> !llvm.ptr
  func.func private @dora_fn_memory_ptr(!llvm.ptr) -> !llvm.ptr
  func.func private @dora_fn_memory_size(!llvm.ptr) -> i64
  func.func private @dora_fn_code_copy(!llvm.ptr, i64, !llvm.ptr, i64)
  func.func private @dora_fn_sload(!llvm.ptr, !llvm.ptr, !llvm.ptr) -> !llvm.ptr
  func.func private @dora_fn_sstore(!llvm.ptr, !llvm.ptr, !llvm.ptr, i64) -> !llvm.ptr
  func.func private @dora_fn_append_log(!llvm.ptr, i64, i64)
  func.func private @dora_fn_append_log_with_one_topic(!llvm.ptr, i64, i64, !llvm.ptr)
  func.func private @dora_fn_append_log_with_two_topics(!llvm.ptr, i64, i64, !llvm.ptr, !llvm.ptr)
  func.func private @dora_fn_append_log_with_three_topics(!llvm.ptr, i64, i64, !llvm.ptr, !llvm.ptr, !llvm.ptr)
  func.func private @dora_fn_append_log_with_four_topics(!llvm.ptr, i64, i64, !llvm.ptr, !llvm.ptr, !llvm.ptr, !llvm.ptr)
  func.func private @dora_fn_origin(!llvm.ptr, !llvm.ptr)
  func.func private @dora_fn_coinbase(!llvm.ptr) -> !llvm.ptr
  func.func private @dora_fn_block_number(!llvm.ptr, !llvm.ptr)
  func.func private @dora_fn_extcodesize(!llvm.ptr, !llvm.ptr) -> !llvm.ptr
  func.func private @dora_fn_address(!llvm.ptr) -> !llvm.ptr
  func.func private @dora_fn_prevrando(!llvm.ptr, !llvm.ptr)
  func.func private @dora_fn_store_in_timestamp_ptr(!llvm.ptr, !llvm.ptr)
  func.func private @dora_fn_store_in_basefee_ptr(!llvm.ptr, !llvm.ptr)
  func.func private @dora_fn_store_in_balance(!llvm.ptr, !llvm.ptr) -> !llvm.ptr
  func.func private @dora_fn_ext_code_copy(!llvm.ptr, !llvm.ptr, !llvm.ptr, i64, i64) -> !llvm.ptr
  func.func private @dora_fn_blob_hash(!llvm.ptr, !llvm.ptr)
  func.func private @dora_fn_block_hash(!llvm.ptr, !llvm.ptr) -> !llvm.ptr
  func.func private @dora_fn_ext_code_hash(!llvm.ptr, !llvm.ptr) -> !llvm.ptr
  func.func private @dora_fn_eofcreate(!llvm.ptr, i8, i64, i64, !llvm.ptr, i64, !llvm.ptr) -> !llvm.ptr
  func.func private @dora_fn_returncontract(!llvm.ptr, i8, i64, i64, index, i64, i8) -> !llvm.ptr
  func.func private @dora_fn_call(!llvm.ptr, !llvm.ptr, !llvm.ptr, !llvm.ptr, i64, i64, i64, i64, i64, i8) -> !llvm.ptr
  func.func private @dora_fn_create(!llvm.ptr, i64, i64, !llvm.ptr, i64) -> !llvm.ptr
  func.func private @dora_fn_create2(!llvm.ptr, i64, i64, !llvm.ptr, i64, !llvm.ptr) -> !llvm.ptr
  func.func private @dora_fn_extcall(!llvm.ptr, !llvm.ptr, !llvm.ptr, i64, i64, i64, i8) -> !llvm.ptr
  func.func private @dora_fn_returndata(!llvm.ptr) -> !llvm.ptr
  func.func private @dora_fn_returndata_size(!llvm.ptr) -> i64
  func.func private @dora_fn_returndata_copy(!llvm.ptr, i64, !llvm.ptr, i64) -> !llvm.ptr
  func.func private @dora_fn_selfdestruct(!llvm.ptr, !llvm.ptr) -> !llvm.ptr
  func.func private @dora_fn_tload(!llvm.ptr, !llvm.ptr, !llvm.ptr)
  func.func private @dora_fn_tstore(!llvm.ptr, !llvm.ptr, !llvm.ptr)
  func.func private @op95(%arg0: !llvm.ptr, %arg1: !llvm.ptr, %arg2: !llvm.ptr, %arg3: !llvm.ptr, %arg4: !llvm.ptr) -> i8 {
    cf.br ^bb5
  ^bb1(%0: i8):  // 2 preds: ^bb4, ^bb5
    %c0_i64 = arith.constant 0 : i64
    %1 = llvm.load %arg1 : !llvm.ptr -> i64
    call @dora_fn_write_result(%arg0, %c0_i64, %c0_i64, %1, %0) : (!llvm.ptr, i64, i64, i64, i8) -> ()
    return %0 : i8
  ^bb2(%2: i8):  // no predecessors
    return %2 : i8
  ^bb3:  // pred: ^bb4
    %c0_i256 = arith.constant 0 : i256
    %3 = llvm.load %arg4 : !llvm.ptr -> !llvm.ptr
    llvm.store %c0_i256, %3 : i256, !llvm.ptr
    %4 = llvm.getelementptr %3[1] : (!llvm.ptr) -> !llvm.ptr, i256
    llvm.store %4, %arg4 : !llvm.ptr, !llvm.ptr
    cf.br ^bb7
  ^bb4:  // pred: ^bb6
    %c1024_i64 = arith.constant 1024 : i64
    %5 = llvm.load %arg3 : !llvm.ptr -> i64
    %c1_i64 = arith.constant 1 : i64
    %6 = arith.addi %5, %c1_i64 : i64
    llvm.store %6, %arg3 : i64, !llvm.ptr
    %7 = arith.cmpi ult, %c1024_i64, %6 : i64
    %c92_i8 = arith.constant 92 : i8
    cf.cond_br %7, ^bb1(%c92_i8 : i8), ^bb3
  ^bb5:  // pred: ^bb0
    %8 = llvm.load %arg1 : !llvm.ptr -> i64
    %c2_i64 = arith.constant 2 : i64
    call @dora_fn_nop() : () -> ()
    %9 = arith.cmpi uge, %8, %c2_i64 : i64
    %c80_i8 = arith.constant 80 : i8
    cf.cond_br %9, ^bb6, ^bb1(%c80_i8 : i8)
  ^bb6:  // pred: ^bb5
    %10 = arith.subi %8, %c2_i64 : i64
    llvm.store %10, %arg1 : i64, !llvm.ptr
    cf.br ^bb4
  ^bb7:  // pred: ^bb3
    %c0_i8 = arith.constant 0 : i8
    return %c0_i8 : i8
  }
  func.func private @op140(%arg0: !llvm.ptr, %arg1: !llvm.ptr, %arg2: !llvm.ptr, %arg3: !llvm.ptr, %arg4: !llvm.ptr) -> i8 {
    cf.br ^bb5
  ^bb1(%0: i8):  // 2 preds: ^bb4, ^bb5
    %c0_i64 = arith.constant 0 : i64
    %1 = llvm.load %arg1 : !llvm.ptr -> i64
    call @dora_fn_write_result(%arg0, %c0_i64, %c0_i64, %1, %0) : (!llvm.ptr, i64, i64, i64, i8) -> ()
    return %0 : i8
  ^bb2(%2: i8):  // no predecessors
    return %2 : i8
  ^bb3:  // pred: ^bb4
    %3 = llvm.load %arg4 : !llvm.ptr -> !llvm.ptr
    %4 = llvm.getelementptr %3[-13] : (!llvm.ptr) -> !llvm.ptr, i256
    %5 = llvm.load %4 : !llvm.ptr -> i256
    %6 = llvm.load %arg4 : !llvm.ptr -> !llvm.ptr
    llvm.store %5, %6 : i256, !llvm.ptr
    %7 = llvm.getelementptr %6[1] : (!llvm.ptr) -> !llvm.ptr, i256
    llvm.store %7, %arg4 : !llvm.ptr, !llvm.ptr
    cf.br ^bb7
  ^bb4:  // pred: ^bb6
    %c1024_i64 = arith.constant 1024 : i64
    %8 = llvm.load %arg3 : !llvm.ptr -> i64
    %c1_i64 = arith.constant 1 : i64
    %9 = arith.addi %8, %c1_i64 : i64
    llvm.store %9, %arg3 : i64, !llvm.ptr
    %c13_i64 = arith.constant 13 : i64
    %10 = arith.cmpi ult, %8, %c13_i64 : i64
    %11 = arith.cmpi ult, %c1024_i64, %9 : i64
    %12 = arith.xori %10, %11 : i1
    %c92_i8 = arith.constant 92 : i8
    cf.cond_br %12, ^bb1(%c92_i8 : i8), ^bb3
  ^bb5:  // pred: ^bb0
    %13 = llvm.load %arg1 : !llvm.ptr -> i64
    %c3_i64 = arith.constant 3 : i64
    call @dora_fn_nop() : () -> ()
    %14 = arith.cmpi uge, %13, %c3_i64 : i64
    %c80_i8 = arith.constant 80 : i8
    cf.cond_br %14, ^bb6, ^bb1(%c80_i8 : i8)
  ^bb6:  // pred: ^bb5
    %15 = arith.subi %13, %c3_i64 : i64
    llvm.store %15, %arg1 : i64, !llvm.ptr
    cf.br ^bb4
  ^bb7:  // pred: ^bb3
    %c0_i8 = arith.constant 0 : i8
    return %c0_i8 : i8
  }
  func.func public @main(%arg0: !llvm.ptr, %arg1: !llvm.ptr, %arg2: !llvm.ptr, %arg3: !llvm.ptr) -> i8 attributes {llvm.emit_c_interface} {
    %c0_i64 = arith.constant 0 : i64
    %0 = llvm.alloca %c0_i64 x !llvm.ptr : (i64) -> !llvm.ptr
    llvm.store %arg2, %0 : !llvm.ptr, !llvm.ptr
    %c0_i8 = arith.constant 0 : i8
    %c0_i8_0 = arith.constant 0 : i8
    %1 = arith.cmpi ne, %c0_i8, %c0_i8_0 : i8
    cf.cond_br %1, ^bb1(%c0_i8 : i8), ^bb6
  ^bb1(%2: i8):  // 4 preds: ^bb0, ^bb2, ^bb5, ^bb6
    %c0_i64_1 = arith.constant 0 : i64
    %3 = llvm.load %arg1 : !llvm.ptr -> i64
    call @dora_fn_write_result(%arg0, %c0_i64_1, %c0_i64_1, %3, %2) : (!llvm.ptr, i64, i64, i64, i8) -> ()
    return %2 : i8
  ^bb2(%4: i256):  // no predecessors
    %c89_i8 = arith.constant 89 : i8
    cf.switch %4 : i256, [
      default: ^bb1(%c89_i8 : i8)
    ]
  ^bb3(%5: i8):  // 14 preds: ^bb4, ^bb8, ^bb9, ^bb10, ^bb11, ^bb12, ^bb13, ^bb14, ^bb15, ^bb16, ^bb17, ^bb18, ^bb19, ^bb20
    return %5 : i8
  ^bb4:  // pred: ^bb5
    %c1_i256 = arith.constant 1 : i256
    %6 = llvm.load %0 : !llvm.ptr -> !llvm.ptr
    llvm.store %c1_i256, %6 : i256, !llvm.ptr
    %7 = llvm.getelementptr %6[1] : (!llvm.ptr) -> !llvm.ptr, i256
    llvm.store %7, %0 : !llvm.ptr, !llvm.ptr
    %c0_i8_2 = arith.constant 0 : i8
    %8 = arith.cmpi ne, %c0_i8_2, %c0_i8_0 : i8
    cf.cond_br %8, ^bb3(%c0_i8_2 : i8), ^bb8
  ^bb5:  // pred: ^bb7
    %c1024_i64 = arith.constant 1024 : i64
    %9 = llvm.load %arg3 : !llvm.ptr -> i64
    %c1_i64 = arith.constant 1 : i64
    %10 = arith.addi %9, %c1_i64 : i64
    llvm.store %10, %arg3 : i64, !llvm.ptr
    %11 = arith.cmpi ult, %c1024_i64, %10 : i64
    %c92_i8 = arith.constant 92 : i8
    cf.cond_br %11, ^bb1(%c92_i8 : i8), ^bb4
  ^bb6:  // pred: ^bb0
    %12 = llvm.load %arg1 : !llvm.ptr -> i64
    %c3_i64 = arith.constant 3 : i64
    call @dora_fn_nop() : () -> ()
    %13 = arith.cmpi uge, %12, %c3_i64 : i64
    %c80_i8 = arith.constant 80 : i8
    cf.cond_br %13, ^bb7, ^bb1(%c80_i8 : i8)
  ^bb7:  // pred: ^bb6
    %14 = arith.subi %12, %c3_i64 : i64
    llvm.store %14, %arg1 : i64, !llvm.ptr
    cf.br ^bb5
  ^bb8:  // pred: ^bb4
    %15 = call @op95(%arg0, %arg1, %arg2, %arg3, %0) : (!llvm.ptr, !llvm.ptr, !llvm.ptr, !llvm.ptr, !llvm.ptr) -> i8
    %16 = arith.cmpi ne, %15, %c0_i8_0 : i8
    cf.cond_br %16, ^bb3(%15 : i8), ^bb9
  ^bb9:  // pred: ^bb8
    %17 = call @op95(%arg0, %arg1, %arg2, %arg3, %0) : (!llvm.ptr, !llvm.ptr, !llvm.ptr, !llvm.ptr, !llvm.ptr) -> i8
    %18 = arith.cmpi ne, %17, %c0_i8_0 : i8
    cf.cond_br %18, ^bb3(%17 : i8), ^bb10
  ^bb10:  // pred: ^bb9
    %19 = call @op95(%arg0, %arg1, %arg2, %arg3, %0) : (!llvm.ptr, !llvm.ptr, !llvm.ptr, !llvm.ptr, !llvm.ptr) -> i8
    %20 = arith.cmpi ne, %19, %c0_i8_0 : i8
    cf.cond_br %20, ^bb3(%19 : i8), ^bb11
  ^bb11:  // pred: ^bb10
    %21 = call @op95(%arg0, %arg1, %arg2, %arg3, %0) : (!llvm.ptr, !llvm.ptr, !llvm.ptr, !llvm.ptr, !llvm.ptr) -> i8
    %22 = arith.cmpi ne, %21, %c0_i8_0 : i8
    cf.cond_br %22, ^bb3(%21 : i8), ^bb12
  ^bb12:  // pred: ^bb11
    %23 = call @op95(%arg0, %arg1, %arg2, %arg3, %0) : (!llvm.ptr, !llvm.ptr, !llvm.ptr, !llvm.ptr, !llvm.ptr) -> i8
    %24 = arith.cmpi ne, %23, %c0_i8_0 : i8
    cf.cond_br %24, ^bb3(%23 : i8), ^bb13
  ^bb13:  // pred: ^bb12
    %25 = call @op95(%arg0, %arg1, %arg2, %arg3, %0) : (!llvm.ptr, !llvm.ptr, !llvm.ptr, !llvm.ptr, !llvm.ptr) -> i8
    %26 = arith.cmpi ne, %25, %c0_i8_0 : i8
    cf.cond_br %26, ^bb3(%25 : i8), ^bb14
  ^bb14:  // pred: ^bb13
    %27 = call @op95(%arg0, %arg1, %arg2, %arg3, %0) : (!llvm.ptr, !llvm.ptr, !llvm.ptr, !llvm.ptr, !llvm.ptr) -> i8
    %28 = arith.cmpi ne, %27, %c0_i8_0 : i8
    cf.cond_br %28, ^bb3(%27 : i8), ^bb15
  ^bb15:  // pred: ^bb14
    %29 = call @op95(%arg0, %arg1, %arg2, %arg3, %0) : (!llvm.ptr, !llvm.ptr, !llvm.ptr, !llvm.ptr, !llvm.ptr) -> i8
    %30 = arith.cmpi ne, %29, %c0_i8_0 : i8
    cf.cond_br %30, ^bb3(%29 : i8), ^bb16
  ^bb16:  // pred: ^bb15
    %31 = call @op95(%arg0, %arg1, %arg2, %arg3, %0) : (!llvm.ptr, !llvm.ptr, !llvm.ptr, !llvm.ptr, !llvm.ptr) -> i8
    %32 = arith.cmpi ne, %31, %c0_i8_0 : i8
    cf.cond_br %32, ^bb3(%31 : i8), ^bb17
  ^bb17:  // pred: ^bb16
    %33 = call @op95(%arg0, %arg1, %arg2, %arg3, %0) : (!llvm.ptr, !llvm.ptr, !llvm.ptr, !llvm.ptr, !llvm.ptr) -> i8
    %34 = arith.cmpi ne, %33, %c0_i8_0 : i8
    cf.cond_br %34, ^bb3(%33 : i8), ^bb18
  ^bb18:  // pred: ^bb17
    %35 = call @op95(%arg0, %arg1, %arg2, %arg3, %0) : (!llvm.ptr, !llvm.ptr, !llvm.ptr, !llvm.ptr, !llvm.ptr) -> i8
    %36 = arith.cmpi ne, %35, %c0_i8_0 : i8
    cf.cond_br %36, ^bb3(%35 : i8), ^bb19
  ^bb19:  // pred: ^bb18
    %37 = call @op95(%arg0, %arg1, %arg2, %arg3, %0) : (!llvm.ptr, !llvm.ptr, !llvm.ptr, !llvm.ptr, !llvm.ptr) -> i8
    %38 = arith.cmpi ne, %37, %c0_i8_0 : i8
    cf.cond_br %38, ^bb3(%37 : i8), ^bb20
  ^bb20:  // pred: ^bb19
    %39 = call @op140(%arg0, %arg1, %arg2, %arg3, %0) : (!llvm.ptr, !llvm.ptr, !llvm.ptr, !llvm.ptr, !llvm.ptr) -> i8
    %40 = arith.cmpi ne, %39, %c0_i8_0 : i8
    cf.cond_br %40, ^bb3(%39 : i8), ^bb21
  ^bb21:  // pred: ^bb20
    %c0_i64_3 = arith.constant 0 : i64
    %c2_i8 = arith.constant 2 : i8
    %41 = llvm.load %arg1 : !llvm.ptr -> i64
    call @dora_fn_write_result(%arg0, %c0_i64_3, %c0_i64_3, %41, %c2_i8) : (!llvm.ptr, i64, i64, i64, i8) -> ()
    return %c2_i8 : i8
  }
}
