---
source: crates/dora-compiler/src/dora/tests/operations.rs
expression: op
snapshot_kind: text
---
module {
  llvm.mlir.global internal @dora_global_memory_ptr() {addr_space = 0 : i32} : !llvm.ptr
  llvm.mlir.global internal @dora_global_memory_size() {addr_space = 0 : i32} : i64
  llvm.mlir.global internal @dora_global_gas_counter() {addr_space = 0 : i32} : i64
  func.func private @dora_fn_nop()
  func.func private @dora_fn_tracing(!llvm.ptr, i8, i64, !llvm.ptr, !llvm.ptr)
  func.func private @dora_fn_write_result(!llvm.ptr, i64, i64, i64, i8)
  func.func private @dora_fn_is_static(!llvm.ptr) -> i8
  func.func private @dora_fn_exp(!llvm.ptr, !llvm.ptr, !llvm.ptr)
  func.func private @dora_fn_keccak256_hasher(!llvm.ptr, i64, i64, !llvm.ptr)
  func.func private @dora_fn_calldata(!llvm.ptr) -> !llvm.ptr
  func.func private @dora_fn_calldata_copy(!llvm.ptr, i64, !llvm.ptr, i64)
  func.func private @dora_fn_calldata_size(!llvm.ptr) -> i64
  func.func private @dora_fn_chainid(!llvm.ptr) -> i64
  func.func private @dora_fn_callvalue(!llvm.ptr, !llvm.ptr)
  func.func private @dora_fn_caller(!llvm.ptr, !llvm.ptr)
  func.func private @dora_fn_store_in_gasprice_ptr(!llvm.ptr, !llvm.ptr)
  func.func private @dora_fn_store_in_selfbalance_ptr(!llvm.ptr, !llvm.ptr) -> !llvm.ptr
  func.func private @dora_fn_store_in_blobbasefee_ptr(!llvm.ptr, !llvm.ptr)
  func.func private @dora_fn_store_in_gaslimit_ptr(!llvm.ptr, !llvm.ptr)
  func.func private @dora_fn_extend_memory(!llvm.ptr, i64) -> !llvm.ptr
  func.func private @dora_fn_code_copy(!llvm.ptr, !llvm.ptr, i64, i64)
  func.func private @dora_fn_sload(!llvm.ptr, !llvm.ptr, !llvm.ptr) -> !llvm.ptr
  func.func private @dora_fn_sstore(!llvm.ptr, !llvm.ptr, !llvm.ptr, i64) -> !llvm.ptr
  func.func private @dora_fn_append_log(!llvm.ptr, i64, i64)
  func.func private @dora_fn_append_log_with_one_topic(!llvm.ptr, i64, i64, !llvm.ptr)
  func.func private @dora_fn_append_log_with_two_topics(!llvm.ptr, i64, i64, !llvm.ptr, !llvm.ptr)
  func.func private @dora_fn_append_log_with_three_topics(!llvm.ptr, i64, i64, !llvm.ptr, !llvm.ptr, !llvm.ptr)
  func.func private @dora_fn_append_log_with_four_topics(!llvm.ptr, i64, i64, !llvm.ptr, !llvm.ptr, !llvm.ptr, !llvm.ptr)
  func.func private @dora_fn_origin(!llvm.ptr, !llvm.ptr)
  func.func private @dora_fn_coinbase(!llvm.ptr) -> !llvm.ptr
  func.func private @dora_fn_block_number(!llvm.ptr, !llvm.ptr)
  func.func private @dora_fn_extcodesize(!llvm.ptr, !llvm.ptr) -> !llvm.ptr
  func.func private @dora_fn_address(!llvm.ptr) -> !llvm.ptr
  func.func private @dora_fn_prevrando(!llvm.ptr, !llvm.ptr)
  func.func private @dora_fn_store_in_timestamp_ptr(!llvm.ptr, !llvm.ptr)
  func.func private @dora_fn_store_in_basefee_ptr(!llvm.ptr, !llvm.ptr)
  func.func private @dora_fn_call(!llvm.ptr, !llvm.ptr, !llvm.ptr, !llvm.ptr, i64, i64, i64, i64, i64, i8) -> !llvm.ptr
  func.func private @dora_fn_store_in_balance(!llvm.ptr, !llvm.ptr) -> !llvm.ptr
  func.func private @dora_fn_ext_code_copy(!llvm.ptr, !llvm.ptr, !llvm.ptr, i64, i64) -> !llvm.ptr
  func.func private @dora_fn_blob_hash(!llvm.ptr, !llvm.ptr)
  func.func private @dora_fn_block_hash(!llvm.ptr, !llvm.ptr) -> !llvm.ptr
  func.func private @dora_fn_ext_code_hash(!llvm.ptr, !llvm.ptr) -> !llvm.ptr
  func.func private @dora_fn_create(!llvm.ptr, i64, i64, !llvm.ptr, i64) -> !llvm.ptr
  func.func private @dora_fn_create2(!llvm.ptr, i64, i64, !llvm.ptr, i64, !llvm.ptr) -> !llvm.ptr
  func.func private @dora_fn_returndata_size(!llvm.ptr) -> i64
  func.func private @dora_fn_returndata_copy(!llvm.ptr, i64, !llvm.ptr, i64) -> !llvm.ptr
  func.func private @dora_fn_selfdestruct(!llvm.ptr, !llvm.ptr) -> !llvm.ptr
  func.func private @dora_fn_tload(!llvm.ptr, !llvm.ptr, !llvm.ptr)
  func.func private @dora_fn_tstore(!llvm.ptr, !llvm.ptr, !llvm.ptr)
  func.func public @main(%arg0: !llvm.ptr, %arg1: i64, %arg2: !llvm.ptr, %arg3: !llvm.ptr) -> i8 attributes {llvm.emit_c_interface} {
    %c0_i64 = arith.constant 0 : i64
    %0 = llvm.mlir.addressof @dora_global_memory_size : !llvm.ptr
    llvm.store %c0_i64, %0 : i64, !llvm.ptr
    %1 = llvm.mlir.addressof @dora_global_gas_counter : !llvm.ptr
    llvm.store %arg1, %1 : i64, !llvm.ptr
    cf.br ^bb5
  ^bb1(%2: i8):  // 3 preds: ^bb2, ^bb4, ^bb5
    %c0_i64_0 = arith.constant 0 : i64
    %3 = llvm.mlir.addressof @dora_global_gas_counter : !llvm.ptr
    %4 = llvm.load %3 : !llvm.ptr -> i64
    call @dora_fn_write_result(%arg0, %c0_i64_0, %c0_i64_0, %4, %2) : (!llvm.ptr, i64, i64, i64, i8) -> ()
    return %2 : i8
  ^bb2(%5: i256):  // no predecessors
    %c89_i8 = arith.constant 89 : i8
    cf.switch %5 : i256, [
      default: ^bb1(%c89_i8 : i8)
    ]
  ^bb3:  // pred: ^bb4
    %c1_i256 = arith.constant 1 : i256
    %6 = llvm.alloca %c1_i256 x i256 : (i256) -> !llvm.ptr
    call @dora_fn_store_in_basefee_ptr(%arg0, %6) : (!llvm.ptr, !llvm.ptr) -> ()
    %7 = llvm.load %6 : !llvm.ptr -> i256
    %8 = llvm.load %arg3 : !llvm.ptr -> i64
    %9 = llvm.getelementptr %arg2[%8] : (!llvm.ptr, i64) -> !llvm.ptr, i256
    %c1_i64 = arith.constant 1 : i64
    %10 = arith.addi %8, %c1_i64 : i64
    llvm.store %10, %arg3 : i64, !llvm.ptr
    llvm.store %7, %9 : i256, !llvm.ptr
    cf.br ^bb7
  ^bb4:  // pred: ^bb6
    %c1024_i64 = arith.constant 1024 : i64
    %11 = llvm.load %arg3 : !llvm.ptr -> i64
    %c1_i64_1 = arith.constant 1 : i64
    %12 = arith.addi %11, %c1_i64_1 : i64
    %13 = arith.cmpi ult, %c1024_i64, %12 : i64
    %c92_i8 = arith.constant 92 : i8
    cf.cond_br %13, ^bb1(%c92_i8 : i8), ^bb3
  ^bb5:  // pred: ^bb0
    %14 = llvm.mlir.addressof @dora_global_gas_counter : !llvm.ptr
    %15 = llvm.load %14 : !llvm.ptr -> i64
    %c2_i64 = arith.constant 2 : i64
    call @dora_fn_nop() : () -> ()
    %16 = arith.cmpi uge, %15, %c2_i64 : i64
    %c80_i8 = arith.constant 80 : i8
    cf.cond_br %16, ^bb6, ^bb1(%c80_i8 : i8)
  ^bb6:  // pred: ^bb5
    %17 = arith.subi %15, %c2_i64 : i64
    llvm.store %17, %14 : i64, !llvm.ptr
    cf.br ^bb4
  ^bb7:  // pred: ^bb3
    %c0_i64_2 = arith.constant 0 : i64
    %c1_i8 = arith.constant 1 : i8
    %18 = llvm.mlir.addressof @dora_global_gas_counter : !llvm.ptr
    %19 = llvm.load %18 : !llvm.ptr -> i64
    call @dora_fn_write_result(%arg0, %c0_i64_2, %c0_i64_2, %19, %c1_i8) : (!llvm.ptr, i64, i64, i64, i8) -> ()
    return %c1_i8 : i8
  }
}
