---
source: crates/dora-compiler/src/dora/tests/operations.rs
expression: op
---
module {
  func.func private @dora_fn_nop()
  func.func private @dora_fn_tracing(!llvm.ptr, i8, i64, !llvm.ptr, !llvm.ptr)
  func.func private @dora_fn_write_result(!llvm.ptr, i64, i64, i64, i8)
  func.func private @dora_fn_is_static(!llvm.ptr) -> i8
  func.func private @dora_fn_exp(!llvm.ptr, !llvm.ptr, !llvm.ptr)
  func.func private @dora_fn_keccak256_hasher(!llvm.ptr, i64, i64, !llvm.ptr)
  func.func private @dora_fn_calldata(!llvm.ptr) -> !llvm.ptr
  func.func private @dora_fn_calldata_size(!llvm.ptr) -> i64
  func.func private @dora_fn_calldata_copy(!llvm.ptr, i64, !llvm.ptr, i64)
  func.func private @dora_fn_data_load(!llvm.ptr, !llvm.ptr)
  func.func private @dora_fn_data_section(!llvm.ptr) -> !llvm.ptr
  func.func private @dora_fn_data_section_size(!llvm.ptr) -> i64
  func.func private @dora_fn_data_section_copy(!llvm.ptr, i64, !llvm.ptr, i64)
  func.func private @dora_fn_chainid(!llvm.ptr) -> i64
  func.func private @dora_fn_callvalue(!llvm.ptr, !llvm.ptr)
  func.func private @dora_fn_caller(!llvm.ptr, !llvm.ptr)
  func.func private @dora_fn_store_in_gasprice_ptr(!llvm.ptr, !llvm.ptr)
  func.func private @dora_fn_store_in_selfbalance_ptr(!llvm.ptr, !llvm.ptr) -> !llvm.ptr
  func.func private @dora_fn_store_in_blobbasefee_ptr(!llvm.ptr, !llvm.ptr)
  func.func private @dora_fn_store_in_gaslimit_ptr(!llvm.ptr, !llvm.ptr)
  func.func private @dora_fn_extend_memory(!llvm.ptr, i64) -> !llvm.ptr
  func.func private @dora_fn_memory_ptr(!llvm.ptr) -> !llvm.ptr
  func.func private @dora_fn_memory_size(!llvm.ptr) -> i64
  func.func private @dora_fn_code_copy(!llvm.ptr, i64, !llvm.ptr, i64)
  func.func private @dora_fn_sload(!llvm.ptr, !llvm.ptr, !llvm.ptr) -> !llvm.ptr
  func.func private @dora_fn_sstore(!llvm.ptr, !llvm.ptr, !llvm.ptr, i64) -> !llvm.ptr
  func.func private @dora_fn_append_log(!llvm.ptr, i64, i64)
  func.func private @dora_fn_append_log_with_one_topic(!llvm.ptr, i64, i64, !llvm.ptr)
  func.func private @dora_fn_append_log_with_two_topics(!llvm.ptr, i64, i64, !llvm.ptr, !llvm.ptr)
  func.func private @dora_fn_append_log_with_three_topics(!llvm.ptr, i64, i64, !llvm.ptr, !llvm.ptr, !llvm.ptr)
  func.func private @dora_fn_append_log_with_four_topics(!llvm.ptr, i64, i64, !llvm.ptr, !llvm.ptr, !llvm.ptr, !llvm.ptr)
  func.func private @dora_fn_origin(!llvm.ptr, !llvm.ptr)
  func.func private @dora_fn_coinbase(!llvm.ptr) -> !llvm.ptr
  func.func private @dora_fn_block_number(!llvm.ptr, !llvm.ptr)
  func.func private @dora_fn_extcodesize(!llvm.ptr, !llvm.ptr) -> !llvm.ptr
  func.func private @dora_fn_address(!llvm.ptr) -> !llvm.ptr
  func.func private @dora_fn_prevrando(!llvm.ptr, !llvm.ptr)
  func.func private @dora_fn_store_in_timestamp_ptr(!llvm.ptr, !llvm.ptr)
  func.func private @dora_fn_store_in_basefee_ptr(!llvm.ptr, !llvm.ptr)
  func.func private @dora_fn_store_in_balance(!llvm.ptr, !llvm.ptr) -> !llvm.ptr
  func.func private @dora_fn_ext_code_copy(!llvm.ptr, !llvm.ptr, !llvm.ptr, i64, i64) -> !llvm.ptr
  func.func private @dora_fn_blob_hash(!llvm.ptr, !llvm.ptr)
  func.func private @dora_fn_block_hash(!llvm.ptr, !llvm.ptr) -> !llvm.ptr
  func.func private @dora_fn_ext_code_hash(!llvm.ptr, !llvm.ptr) -> !llvm.ptr
  func.func private @dora_fn_eofcreate(!llvm.ptr, i8, i64, i64, !llvm.ptr, i64, !llvm.ptr) -> !llvm.ptr
  func.func private @dora_fn_returncontract(!llvm.ptr, i8, i64, i64, i64, i64, i8) -> !llvm.ptr
  func.func private @dora_fn_call(!llvm.ptr, !llvm.ptr, !llvm.ptr, !llvm.ptr, i64, i64, i64, i64, i64, i8) -> !llvm.ptr
  func.func private @dora_fn_create(!llvm.ptr, i64, i64, !llvm.ptr, i64) -> !llvm.ptr
  func.func private @dora_fn_create2(!llvm.ptr, i64, i64, !llvm.ptr, i64, !llvm.ptr) -> !llvm.ptr
  func.func private @dora_fn_extcall_addr_validate(!llvm.ptr, !llvm.ptr) -> i8
  func.func private @dora_fn_extcall(!llvm.ptr, !llvm.ptr, !llvm.ptr, i64, i64, i64, i8) -> !llvm.ptr
  func.func private @dora_fn_returndata(!llvm.ptr) -> !llvm.ptr
  func.func private @dora_fn_returndata_size(!llvm.ptr) -> i64
  func.func private @dora_fn_returndata_copy(!llvm.ptr, i64, !llvm.ptr, i64) -> !llvm.ptr
  func.func private @dora_fn_selfdestruct(!llvm.ptr, !llvm.ptr) -> !llvm.ptr
  func.func private @dora_fn_tload(!llvm.ptr, !llvm.ptr, !llvm.ptr)
  func.func private @dora_fn_tstore(!llvm.ptr, !llvm.ptr, !llvm.ptr)
  func.func private @dora_fn_func_stack_push(!llvm.ptr, i64, i64) -> i8
  func.func private @dora_fn_func_stack_pop(!llvm.ptr) -> i64
  func.func private @dora_fn_func_stack_grow(!llvm.ptr)
  func.func private @dora_fn_set_resume(!llvm.ptr, i32)
  func.func private @dora_fn_get_resume(!llvm.ptr) -> i32
  func.func private @op143(%arg0: !llvm.ptr, %arg1: !llvm.ptr, %arg2: !llvm.ptr, %arg3: !llvm.ptr, %arg4: !llvm.ptr) -> i8 {
    cf.br ^bb3
  ^bb1(%0: i8):  // 2 preds: ^bb3, ^bb4
    %c0_i64 = arith.constant 0 : i64
    %1 = llvm.load %arg1 : !llvm.ptr -> i64
    call @dora_fn_write_result(%arg0, %c0_i64, %c0_i64, %1, %0) : (!llvm.ptr, i64, i64, i64, i8) -> ()
    return %0 : i8
  ^bb2(%2: i8):  // no predecessors
    return %2 : i8
  ^bb3:  // pred: ^bb0
    %3 = llvm.load %arg1 : !llvm.ptr -> i64
    %c3_i64 = arith.constant 3 : i64
    call @dora_fn_nop() : () -> ()
    %4 = arith.cmpi uge, %3, %c3_i64 : i64
    %c80_i8 = arith.constant 80 : i8
    cf.cond_br %4, ^bb5, ^bb1(%c80_i8 : i8)
  ^bb4:  // pred: ^bb5
    %c1024_i64 = arith.constant 1024 : i64
    %5 = llvm.load %arg3 : !llvm.ptr -> i64
    %c1_i64 = arith.constant 1 : i64
    %6 = arith.addi %5, %c1_i64 : i64
    llvm.store %6, %arg3 : i64, !llvm.ptr
    %c16_i64 = arith.constant 16 : i64
    %7 = arith.cmpi ult, %5, %c16_i64 : i64
    %8 = arith.cmpi ult, %c1024_i64, %6 : i64
    %9 = arith.xori %7, %8 : i1
    %c92_i8 = arith.constant 92 : i8
    cf.cond_br %9, ^bb1(%c92_i8 : i8), ^bb6
  ^bb5:  // pred: ^bb3
    %10 = arith.subi %3, %c3_i64 : i64
    llvm.store %10, %arg1 : i64, !llvm.ptr
    cf.br ^bb4
  ^bb6:  // pred: ^bb4
    %11 = llvm.load %arg4 : !llvm.ptr -> !llvm.ptr
    %12 = llvm.getelementptr %11[-16] : (!llvm.ptr) -> !llvm.ptr, i256
    %13 = llvm.load %12 : !llvm.ptr -> i256
    %14 = llvm.load %arg4 : !llvm.ptr -> !llvm.ptr
    llvm.store %13, %14 : i256, !llvm.ptr
    %15 = llvm.getelementptr %14[1] : (!llvm.ptr) -> !llvm.ptr, i256
    llvm.store %15, %arg4 : !llvm.ptr, !llvm.ptr
    cf.br ^bb7
  ^bb7:  // pred: ^bb6
    %c0_i8 = arith.constant 0 : i8
    return %c0_i8 : i8
  }
  func.func private @op95(%arg0: !llvm.ptr, %arg1: !llvm.ptr, %arg2: !llvm.ptr, %arg3: !llvm.ptr, %arg4: !llvm.ptr) -> i8 {
    cf.br ^bb3
  ^bb1(%0: i8):  // 2 preds: ^bb3, ^bb4
    %c0_i64 = arith.constant 0 : i64
    %1 = llvm.load %arg1 : !llvm.ptr -> i64
    call @dora_fn_write_result(%arg0, %c0_i64, %c0_i64, %1, %0) : (!llvm.ptr, i64, i64, i64, i8) -> ()
    return %0 : i8
  ^bb2(%2: i8):  // no predecessors
    return %2 : i8
  ^bb3:  // pred: ^bb0
    %3 = llvm.load %arg1 : !llvm.ptr -> i64
    %c2_i64 = arith.constant 2 : i64
    call @dora_fn_nop() : () -> ()
    %4 = arith.cmpi uge, %3, %c2_i64 : i64
    %c80_i8 = arith.constant 80 : i8
    cf.cond_br %4, ^bb5, ^bb1(%c80_i8 : i8)
  ^bb4:  // pred: ^bb5
    %c1024_i64 = arith.constant 1024 : i64
    %5 = llvm.load %arg3 : !llvm.ptr -> i64
    %c1_i64 = arith.constant 1 : i64
    %6 = arith.addi %5, %c1_i64 : i64
    llvm.store %6, %arg3 : i64, !llvm.ptr
    %7 = arith.cmpi ult, %c1024_i64, %6 : i64
    %c92_i8 = arith.constant 92 : i8
    cf.cond_br %7, ^bb1(%c92_i8 : i8), ^bb6
  ^bb5:  // pred: ^bb3
    %8 = arith.subi %3, %c2_i64 : i64
    llvm.store %8, %arg1 : i64, !llvm.ptr
    cf.br ^bb4
  ^bb6:  // pred: ^bb4
    %c0_i256 = arith.constant 0 : i256
    %9 = llvm.load %arg4 : !llvm.ptr -> !llvm.ptr
    llvm.store %c0_i256, %9 : i256, !llvm.ptr
    %10 = llvm.getelementptr %9[1] : (!llvm.ptr) -> !llvm.ptr, i256
    llvm.store %10, %arg4 : !llvm.ptr, !llvm.ptr
    cf.br ^bb7
  ^bb7:  // pred: ^bb6
    %c0_i8 = arith.constant 0 : i8
    return %c0_i8 : i8
  }
  func.func public @call(%arg0: !llvm.ptr, %arg1: !llvm.ptr, %arg2: !llvm.ptr, %arg3: !llvm.ptr) -> i8 attributes {llvm.emit_c_interface} {
    %c0_i64 = arith.constant 0 : i64
    %0 = llvm.alloca %c0_i64 x !llvm.ptr : (i64) -> !llvm.ptr
    llvm.store %arg2, %0 : !llvm.ptr, !llvm.ptr
    cf.br ^bb23
  ^bb1(%1: i8):  // 3 preds: ^bb6, ^bb23, ^bb24
    %c0_i64_0 = arith.constant 0 : i64
    %2 = llvm.load %arg1 : !llvm.ptr -> i64
    call @dora_fn_write_result(%arg0, %c0_i64_0, %c0_i64_0, %2, %1) : (!llvm.ptr, i64, i64, i64, i8) -> ()
    return %1 : i8
  ^bb2(%3: i256):  // no predecessors
    llvm.unreachable
  ^bb3(%4: i8):  // 17 preds: ^bb7, ^bb8, ^bb9, ^bb10, ^bb11, ^bb12, ^bb13, ^bb14, ^bb15, ^bb16, ^bb17, ^bb18, ^bb19, ^bb20, ^bb21, ^bb22, ^bb26
    return %4 : i8
  ^bb4(%5: i32):  // no predecessors
    llvm.unreachable
  ^bb5:  // no predecessors
    llvm.unreachable
  ^bb6:  // pred: ^bb23
    %6 = llvm.load %arg1 : !llvm.ptr -> i64
    %c3_i64 = arith.constant 3 : i64
    call @dora_fn_nop() : () -> ()
    %7 = arith.cmpi uge, %6, %c3_i64 : i64
    %c80_i8 = arith.constant 80 : i8
    cf.cond_br %7, ^bb25, ^bb1(%c80_i8 : i8)
  ^bb7:  // pred: ^bb26
    %8 = call @op95(%arg0, %arg1, %arg2, %arg3, %0) : (!llvm.ptr, !llvm.ptr, !llvm.ptr, !llvm.ptr, !llvm.ptr) -> i8
    %9 = arith.cmpi ne, %8, %c0_i8_1 : i8
    cf.cond_br %9, ^bb3(%8 : i8), ^bb8
  ^bb8:  // pred: ^bb7
    %10 = call @op95(%arg0, %arg1, %arg2, %arg3, %0) : (!llvm.ptr, !llvm.ptr, !llvm.ptr, !llvm.ptr, !llvm.ptr) -> i8
    %11 = arith.cmpi ne, %10, %c0_i8_1 : i8
    cf.cond_br %11, ^bb3(%10 : i8), ^bb9
  ^bb9:  // pred: ^bb8
    %12 = call @op95(%arg0, %arg1, %arg2, %arg3, %0) : (!llvm.ptr, !llvm.ptr, !llvm.ptr, !llvm.ptr, !llvm.ptr) -> i8
    %13 = arith.cmpi ne, %12, %c0_i8_1 : i8
    cf.cond_br %13, ^bb3(%12 : i8), ^bb10
  ^bb10:  // pred: ^bb9
    %14 = call @op95(%arg0, %arg1, %arg2, %arg3, %0) : (!llvm.ptr, !llvm.ptr, !llvm.ptr, !llvm.ptr, !llvm.ptr) -> i8
    %15 = arith.cmpi ne, %14, %c0_i8_1 : i8
    cf.cond_br %15, ^bb3(%14 : i8), ^bb11
  ^bb11:  // pred: ^bb10
    %16 = call @op95(%arg0, %arg1, %arg2, %arg3, %0) : (!llvm.ptr, !llvm.ptr, !llvm.ptr, !llvm.ptr, !llvm.ptr) -> i8
    %17 = arith.cmpi ne, %16, %c0_i8_1 : i8
    cf.cond_br %17, ^bb3(%16 : i8), ^bb12
  ^bb12:  // pred: ^bb11
    %18 = call @op95(%arg0, %arg1, %arg2, %arg3, %0) : (!llvm.ptr, !llvm.ptr, !llvm.ptr, !llvm.ptr, !llvm.ptr) -> i8
    %19 = arith.cmpi ne, %18, %c0_i8_1 : i8
    cf.cond_br %19, ^bb3(%18 : i8), ^bb13
  ^bb13:  // pred: ^bb12
    %20 = call @op95(%arg0, %arg1, %arg2, %arg3, %0) : (!llvm.ptr, !llvm.ptr, !llvm.ptr, !llvm.ptr, !llvm.ptr) -> i8
    %21 = arith.cmpi ne, %20, %c0_i8_1 : i8
    cf.cond_br %21, ^bb3(%20 : i8), ^bb14
  ^bb14:  // pred: ^bb13
    %22 = call @op95(%arg0, %arg1, %arg2, %arg3, %0) : (!llvm.ptr, !llvm.ptr, !llvm.ptr, !llvm.ptr, !llvm.ptr) -> i8
    %23 = arith.cmpi ne, %22, %c0_i8_1 : i8
    cf.cond_br %23, ^bb3(%22 : i8), ^bb15
  ^bb15:  // pred: ^bb14
    %24 = call @op95(%arg0, %arg1, %arg2, %arg3, %0) : (!llvm.ptr, !llvm.ptr, !llvm.ptr, !llvm.ptr, !llvm.ptr) -> i8
    %25 = arith.cmpi ne, %24, %c0_i8_1 : i8
    cf.cond_br %25, ^bb3(%24 : i8), ^bb16
  ^bb16:  // pred: ^bb15
    %26 = call @op95(%arg0, %arg1, %arg2, %arg3, %0) : (!llvm.ptr, !llvm.ptr, !llvm.ptr, !llvm.ptr, !llvm.ptr) -> i8
    %27 = arith.cmpi ne, %26, %c0_i8_1 : i8
    cf.cond_br %27, ^bb3(%26 : i8), ^bb17
  ^bb17:  // pred: ^bb16
    %28 = call @op95(%arg0, %arg1, %arg2, %arg3, %0) : (!llvm.ptr, !llvm.ptr, !llvm.ptr, !llvm.ptr, !llvm.ptr) -> i8
    %29 = arith.cmpi ne, %28, %c0_i8_1 : i8
    cf.cond_br %29, ^bb3(%28 : i8), ^bb18
  ^bb18:  // pred: ^bb17
    %30 = call @op95(%arg0, %arg1, %arg2, %arg3, %0) : (!llvm.ptr, !llvm.ptr, !llvm.ptr, !llvm.ptr, !llvm.ptr) -> i8
    %31 = arith.cmpi ne, %30, %c0_i8_1 : i8
    cf.cond_br %31, ^bb3(%30 : i8), ^bb19
  ^bb19:  // pred: ^bb18
    %32 = call @op95(%arg0, %arg1, %arg2, %arg3, %0) : (!llvm.ptr, !llvm.ptr, !llvm.ptr, !llvm.ptr, !llvm.ptr) -> i8
    %33 = arith.cmpi ne, %32, %c0_i8_1 : i8
    cf.cond_br %33, ^bb3(%32 : i8), ^bb20
  ^bb20:  // pred: ^bb19
    %34 = call @op95(%arg0, %arg1, %arg2, %arg3, %0) : (!llvm.ptr, !llvm.ptr, !llvm.ptr, !llvm.ptr, !llvm.ptr) -> i8
    %35 = arith.cmpi ne, %34, %c0_i8_1 : i8
    cf.cond_br %35, ^bb3(%34 : i8), ^bb21
  ^bb21:  // pred: ^bb20
    %36 = call @op95(%arg0, %arg1, %arg2, %arg3, %0) : (!llvm.ptr, !llvm.ptr, !llvm.ptr, !llvm.ptr, !llvm.ptr) -> i8
    %37 = arith.cmpi ne, %36, %c0_i8_1 : i8
    cf.cond_br %37, ^bb3(%36 : i8), ^bb22
  ^bb22:  // pred: ^bb21
    %38 = call @op143(%arg0, %arg1, %arg2, %arg3, %0) : (!llvm.ptr, !llvm.ptr, !llvm.ptr, !llvm.ptr, !llvm.ptr) -> i8
    %39 = arith.cmpi ne, %38, %c0_i8_1 : i8
    cf.cond_br %39, ^bb3(%38 : i8), ^bb27
  ^bb23:  // pred: ^bb0
    %c0_i8 = arith.constant 0 : i8
    %c0_i8_1 = arith.constant 0 : i8
    %40 = arith.cmpi ne, %c0_i8, %c0_i8_1 : i8
    cf.cond_br %40, ^bb1(%c0_i8 : i8), ^bb6
  ^bb24:  // pred: ^bb25
    %c1024_i64 = arith.constant 1024 : i64
    %41 = llvm.load %arg3 : !llvm.ptr -> i64
    %c1_i64 = arith.constant 1 : i64
    %42 = arith.addi %41, %c1_i64 : i64
    llvm.store %42, %arg3 : i64, !llvm.ptr
    %43 = arith.cmpi ult, %c1024_i64, %42 : i64
    %c92_i8 = arith.constant 92 : i8
    cf.cond_br %43, ^bb1(%c92_i8 : i8), ^bb26
  ^bb25:  // pred: ^bb6
    %44 = arith.subi %6, %c3_i64 : i64
    llvm.store %44, %arg1 : i64, !llvm.ptr
    cf.br ^bb24
  ^bb26:  // pred: ^bb24
    %c1_i256 = arith.constant 1 : i256
    %45 = llvm.load %0 : !llvm.ptr -> !llvm.ptr
    llvm.store %c1_i256, %45 : i256, !llvm.ptr
    %46 = llvm.getelementptr %45[1] : (!llvm.ptr) -> !llvm.ptr, i256
    llvm.store %46, %0 : !llvm.ptr, !llvm.ptr
    %c0_i8_2 = arith.constant 0 : i8
    %47 = arith.cmpi ne, %c0_i8_2, %c0_i8_1 : i8
    cf.cond_br %47, ^bb3(%c0_i8_2 : i8), ^bb7
  ^bb27:  // pred: ^bb22
    %c0_i64_3 = arith.constant 0 : i64
    %c2_i8 = arith.constant 2 : i8
    %48 = llvm.load %arg1 : !llvm.ptr -> i64
    call @dora_fn_write_result(%arg0, %c0_i64_3, %c0_i64_3, %48, %c2_i8) : (!llvm.ptr, i64, i64, i64, i8) -> ()
    return %c2_i8 : i8
  }
}
