---
source: crates/dora-compiler/src/dora/tests/operations.rs
expression: op
---
module {
  func.func private @dora_fn_nop()
  func.func private @dora_fn_tracing(!llvm.ptr, i8, i64, !llvm.ptr, !llvm.ptr)
  func.func private @dora_fn_write_result(!llvm.ptr, i64, i64, i64, i8)
  func.func private @dora_fn_is_static(!llvm.ptr) -> i8
  func.func private @dora_fn_exp(!llvm.ptr, !llvm.ptr, !llvm.ptr)
  func.func private @dora_fn_keccak256_hasher(!llvm.ptr, i64, i64, !llvm.ptr)
  func.func private @dora_fn_calldata(!llvm.ptr) -> !llvm.ptr
  func.func private @dora_fn_calldata_size(!llvm.ptr) -> i64
  func.func private @dora_fn_calldata_copy(!llvm.ptr, i64, !llvm.ptr, i64)
  func.func private @dora_fn_data_load(!llvm.ptr, !llvm.ptr)
  func.func private @dora_fn_data_section(!llvm.ptr) -> !llvm.ptr
  func.func private @dora_fn_data_section_size(!llvm.ptr) -> i64
  func.func private @dora_fn_data_section_copy(!llvm.ptr, i64, !llvm.ptr, i64)
  func.func private @dora_fn_chainid(!llvm.ptr) -> i64
  func.func private @dora_fn_callvalue(!llvm.ptr, !llvm.ptr)
  func.func private @dora_fn_caller(!llvm.ptr, !llvm.ptr)
  func.func private @dora_fn_store_in_gasprice_ptr(!llvm.ptr, !llvm.ptr)
  func.func private @dora_fn_store_in_selfbalance_ptr(!llvm.ptr, !llvm.ptr) -> !llvm.ptr
  func.func private @dora_fn_store_in_blobbasefee_ptr(!llvm.ptr, !llvm.ptr)
  func.func private @dora_fn_store_in_gaslimit_ptr(!llvm.ptr, !llvm.ptr)
  func.func private @dora_fn_extend_memory(!llvm.ptr, i64) -> !llvm.ptr
  func.func private @dora_fn_memory_ptr(!llvm.ptr) -> !llvm.ptr
  func.func private @dora_fn_memory_size(!llvm.ptr) -> i64
  func.func private @dora_fn_code_copy(!llvm.ptr, i64, !llvm.ptr, i64)
  func.func private @dora_fn_sload(!llvm.ptr, !llvm.ptr, !llvm.ptr) -> !llvm.ptr
  func.func private @dora_fn_sstore(!llvm.ptr, !llvm.ptr, !llvm.ptr, i64) -> !llvm.ptr
  func.func private @dora_fn_append_log(!llvm.ptr, i64, i64)
  func.func private @dora_fn_append_log_with_one_topic(!llvm.ptr, i64, i64, !llvm.ptr)
  func.func private @dora_fn_append_log_with_two_topics(!llvm.ptr, i64, i64, !llvm.ptr, !llvm.ptr)
  func.func private @dora_fn_append_log_with_three_topics(!llvm.ptr, i64, i64, !llvm.ptr, !llvm.ptr, !llvm.ptr)
  func.func private @dora_fn_append_log_with_four_topics(!llvm.ptr, i64, i64, !llvm.ptr, !llvm.ptr, !llvm.ptr, !llvm.ptr)
  func.func private @dora_fn_origin(!llvm.ptr, !llvm.ptr)
  func.func private @dora_fn_coinbase(!llvm.ptr) -> !llvm.ptr
  func.func private @dora_fn_block_number(!llvm.ptr, !llvm.ptr)
  func.func private @dora_fn_extcodesize(!llvm.ptr, !llvm.ptr) -> !llvm.ptr
  func.func private @dora_fn_address(!llvm.ptr) -> !llvm.ptr
  func.func private @dora_fn_prevrando(!llvm.ptr, !llvm.ptr)
  func.func private @dora_fn_store_in_timestamp_ptr(!llvm.ptr, !llvm.ptr)
  func.func private @dora_fn_store_in_basefee_ptr(!llvm.ptr, !llvm.ptr)
  func.func private @dora_fn_store_in_balance(!llvm.ptr, !llvm.ptr) -> !llvm.ptr
  func.func private @dora_fn_ext_code_copy(!llvm.ptr, !llvm.ptr, !llvm.ptr, i64, i64) -> !llvm.ptr
  func.func private @dora_fn_blob_hash(!llvm.ptr, !llvm.ptr)
  func.func private @dora_fn_block_hash(!llvm.ptr, !llvm.ptr) -> !llvm.ptr
  func.func private @dora_fn_ext_code_hash(!llvm.ptr, !llvm.ptr) -> !llvm.ptr
  func.func private @dora_fn_eofcreate(!llvm.ptr, i8, i64, i64, !llvm.ptr, i64, !llvm.ptr) -> !llvm.ptr
  func.func private @dora_fn_returncontract(!llvm.ptr, i8, i64, i64, i64, i64, i8) -> !llvm.ptr
  func.func private @dora_fn_call(!llvm.ptr, !llvm.ptr, !llvm.ptr, !llvm.ptr, i64, i64, i64, i64, i64, i8) -> !llvm.ptr
  func.func private @dora_fn_create(!llvm.ptr, i64, i64, !llvm.ptr, i64) -> !llvm.ptr
  func.func private @dora_fn_create2(!llvm.ptr, i64, i64, !llvm.ptr, i64, !llvm.ptr) -> !llvm.ptr
  func.func private @dora_fn_extcall_addr_validate(!llvm.ptr, !llvm.ptr) -> i8
  func.func private @dora_fn_extcall(!llvm.ptr, !llvm.ptr, !llvm.ptr, i64, i64, i64, i8) -> !llvm.ptr
  func.func private @dora_fn_returndata(!llvm.ptr) -> !llvm.ptr
  func.func private @dora_fn_returndata_size(!llvm.ptr) -> i64
  func.func private @dora_fn_returndata_copy(!llvm.ptr, i64, !llvm.ptr, i64) -> !llvm.ptr
  func.func private @dora_fn_selfdestruct(!llvm.ptr, !llvm.ptr) -> !llvm.ptr
  func.func private @dora_fn_tload(!llvm.ptr, !llvm.ptr, !llvm.ptr)
  func.func private @dora_fn_tstore(!llvm.ptr, !llvm.ptr, !llvm.ptr)
  func.func private @dora_fn_func_stack_push(!llvm.ptr, i64, i64) -> i8
  func.func private @dora_fn_func_stack_pop(!llvm.ptr) -> i64
  func.func private @dora_fn_func_stack_grow(!llvm.ptr)
  func.func private @dora_fn_set_resume(!llvm.ptr, i32)
  func.func private @dora_fn_get_resume(!llvm.ptr) -> i32
  func.func private @op130(%arg0: !llvm.ptr, %arg1: !llvm.ptr, %arg2: !llvm.ptr, %arg3: !llvm.ptr, %arg4: !llvm.ptr) -> i8 {
    cf.br ^bb3
  ^bb1(%0: i8):  // 2 preds: ^bb3, ^bb4
    %c0_i64 = arith.constant 0 : i64
    %1 = llvm.load %arg1 : !llvm.ptr -> i64
    call @dora_fn_write_result(%arg0, %c0_i64, %c0_i64, %1, %0) : (!llvm.ptr, i64, i64, i64, i8) -> ()
    return %0 : i8
  ^bb2(%2: i8):  // no predecessors
    return %2 : i8
  ^bb3:  // pred: ^bb0
    %3 = llvm.load %arg1 : !llvm.ptr -> i64
    %c3_i64 = arith.constant 3 : i64
    call @dora_fn_nop() : () -> ()
    %4 = arith.cmpi uge, %3, %c3_i64 : i64
    %c80_i8 = arith.constant 80 : i8
    cf.cond_br %4, ^bb5, ^bb1(%c80_i8 : i8)
  ^bb4:  // pred: ^bb5
    %c1024_i64 = arith.constant 1024 : i64
    %5 = llvm.load %arg3 : !llvm.ptr -> i64
    %c1_i64 = arith.constant 1 : i64
    %6 = arith.addi %5, %c1_i64 : i64
    llvm.store %6, %arg3 : i64, !llvm.ptr
    %c3_i64_0 = arith.constant 3 : i64
    %7 = arith.cmpi ult, %5, %c3_i64_0 : i64
    %8 = arith.cmpi ult, %c1024_i64, %6 : i64
    %9 = arith.xori %7, %8 : i1
    %c92_i8 = arith.constant 92 : i8
    cf.cond_br %9, ^bb1(%c92_i8 : i8), ^bb6
  ^bb5:  // pred: ^bb3
    %10 = arith.subi %3, %c3_i64 : i64
    llvm.store %10, %arg1 : i64, !llvm.ptr
    cf.br ^bb4
  ^bb6:  // pred: ^bb4
    %11 = llvm.load %arg4 : !llvm.ptr -> !llvm.ptr
    %12 = llvm.getelementptr %11[-3] : (!llvm.ptr) -> !llvm.ptr, i256
    %13 = llvm.load %12 : !llvm.ptr -> i256
    %14 = llvm.load %arg4 : !llvm.ptr -> !llvm.ptr
    llvm.store %13, %14 : i256, !llvm.ptr
    %15 = llvm.getelementptr %14[1] : (!llvm.ptr) -> !llvm.ptr, i256
    llvm.store %15, %arg4 : !llvm.ptr, !llvm.ptr
    cf.br ^bb7
  ^bb7:  // pred: ^bb6
    %c0_i8 = arith.constant 0 : i8
    return %c0_i8 : i8
  }
  func.func private @op95(%arg0: !llvm.ptr, %arg1: !llvm.ptr, %arg2: !llvm.ptr, %arg3: !llvm.ptr, %arg4: !llvm.ptr) -> i8 {
    cf.br ^bb3
  ^bb1(%0: i8):  // 2 preds: ^bb3, ^bb4
    %c0_i64 = arith.constant 0 : i64
    %1 = llvm.load %arg1 : !llvm.ptr -> i64
    call @dora_fn_write_result(%arg0, %c0_i64, %c0_i64, %1, %0) : (!llvm.ptr, i64, i64, i64, i8) -> ()
    return %0 : i8
  ^bb2(%2: i8):  // no predecessors
    return %2 : i8
  ^bb3:  // pred: ^bb0
    %3 = llvm.load %arg1 : !llvm.ptr -> i64
    %c2_i64 = arith.constant 2 : i64
    call @dora_fn_nop() : () -> ()
    %4 = arith.cmpi uge, %3, %c2_i64 : i64
    %c80_i8 = arith.constant 80 : i8
    cf.cond_br %4, ^bb5, ^bb1(%c80_i8 : i8)
  ^bb4:  // pred: ^bb5
    %c1024_i64 = arith.constant 1024 : i64
    %5 = llvm.load %arg3 : !llvm.ptr -> i64
    %c1_i64 = arith.constant 1 : i64
    %6 = arith.addi %5, %c1_i64 : i64
    llvm.store %6, %arg3 : i64, !llvm.ptr
    %7 = arith.cmpi ult, %c1024_i64, %6 : i64
    %c92_i8 = arith.constant 92 : i8
    cf.cond_br %7, ^bb1(%c92_i8 : i8), ^bb6
  ^bb5:  // pred: ^bb3
    %8 = arith.subi %3, %c2_i64 : i64
    llvm.store %8, %arg1 : i64, !llvm.ptr
    cf.br ^bb4
  ^bb6:  // pred: ^bb4
    %c0_i256 = arith.constant 0 : i256
    %9 = llvm.load %arg4 : !llvm.ptr -> !llvm.ptr
    llvm.store %c0_i256, %9 : i256, !llvm.ptr
    %10 = llvm.getelementptr %9[1] : (!llvm.ptr) -> !llvm.ptr, i256
    llvm.store %10, %arg4 : !llvm.ptr, !llvm.ptr
    cf.br ^bb7
  ^bb7:  // pred: ^bb6
    %c0_i8 = arith.constant 0 : i8
    return %c0_i8 : i8
  }
  func.func public @call(%arg0: !llvm.ptr, %arg1: !llvm.ptr, %arg2: !llvm.ptr, %arg3: !llvm.ptr) -> i8 attributes {llvm.emit_c_interface} {
    %c0_i64 = arith.constant 0 : i64
    %0 = llvm.alloca %c0_i64 x !llvm.ptr : (i64) -> !llvm.ptr
    llvm.store %arg2, %0 : !llvm.ptr, !llvm.ptr
    cf.br ^bb10
  ^bb1(%1: i8):  // 4 preds: ^bb2, ^bb6, ^bb10, ^bb11
    %c0_i64_0 = arith.constant 0 : i64
    %2 = llvm.load %arg1 : !llvm.ptr -> i64
    call @dora_fn_write_result(%arg0, %c0_i64_0, %c0_i64_0, %2, %1) : (!llvm.ptr, i64, i64, i64, i8) -> ()
    return %1 : i8
  ^bb2(%3: i256):  // no predecessors
    %c89_i8 = arith.constant 89 : i8
    cf.switch %3 : i256, [
      default: ^bb1(%c89_i8 : i8)
    ]
  ^bb3(%4: i8):  // 4 preds: ^bb7, ^bb8, ^bb9, ^bb13
    return %4 : i8
  ^bb4(%5: i32):  // no predecessors
    llvm.unreachable
  ^bb5:  // no predecessors
    llvm.unreachable
  ^bb6:  // pred: ^bb10
    %6 = llvm.load %arg1 : !llvm.ptr -> i64
    %c3_i64 = arith.constant 3 : i64
    call @dora_fn_nop() : () -> ()
    %7 = arith.cmpi uge, %6, %c3_i64 : i64
    %c80_i8 = arith.constant 80 : i8
    cf.cond_br %7, ^bb12, ^bb1(%c80_i8 : i8)
  ^bb7:  // pred: ^bb13
    %8 = call @op95(%arg0, %arg1, %arg2, %arg3, %0) : (!llvm.ptr, !llvm.ptr, !llvm.ptr, !llvm.ptr, !llvm.ptr) -> i8
    %9 = arith.cmpi ne, %8, %c0_i8_1 : i8
    cf.cond_br %9, ^bb3(%8 : i8), ^bb8
  ^bb8:  // pred: ^bb7
    %10 = call @op95(%arg0, %arg1, %arg2, %arg3, %0) : (!llvm.ptr, !llvm.ptr, !llvm.ptr, !llvm.ptr, !llvm.ptr) -> i8
    %11 = arith.cmpi ne, %10, %c0_i8_1 : i8
    cf.cond_br %11, ^bb3(%10 : i8), ^bb9
  ^bb9:  // pred: ^bb8
    %12 = call @op130(%arg0, %arg1, %arg2, %arg3, %0) : (!llvm.ptr, !llvm.ptr, !llvm.ptr, !llvm.ptr, !llvm.ptr) -> i8
    %13 = arith.cmpi ne, %12, %c0_i8_1 : i8
    cf.cond_br %13, ^bb3(%12 : i8), ^bb14
  ^bb10:  // pred: ^bb0
    %c0_i8 = arith.constant 0 : i8
    %c0_i8_1 = arith.constant 0 : i8
    %14 = arith.cmpi ne, %c0_i8, %c0_i8_1 : i8
    cf.cond_br %14, ^bb1(%c0_i8 : i8), ^bb6
  ^bb11:  // pred: ^bb12
    %c1024_i64 = arith.constant 1024 : i64
    %15 = llvm.load %arg3 : !llvm.ptr -> i64
    %c1_i64 = arith.constant 1 : i64
    %16 = arith.addi %15, %c1_i64 : i64
    llvm.store %16, %arg3 : i64, !llvm.ptr
    %17 = arith.cmpi ult, %c1024_i64, %16 : i64
    %c92_i8 = arith.constant 92 : i8
    cf.cond_br %17, ^bb1(%c92_i8 : i8), ^bb13
  ^bb12:  // pred: ^bb6
    %18 = arith.subi %6, %c3_i64 : i64
    llvm.store %18, %arg1 : i64, !llvm.ptr
    cf.br ^bb11
  ^bb13:  // pred: ^bb11
    %c1_i256 = arith.constant 1 : i256
    %19 = llvm.load %0 : !llvm.ptr -> !llvm.ptr
    llvm.store %c1_i256, %19 : i256, !llvm.ptr
    %20 = llvm.getelementptr %19[1] : (!llvm.ptr) -> !llvm.ptr, i256
    llvm.store %20, %0 : !llvm.ptr, !llvm.ptr
    %c0_i8_2 = arith.constant 0 : i8
    %21 = arith.cmpi ne, %c0_i8_2, %c0_i8_1 : i8
    cf.cond_br %21, ^bb3(%c0_i8_2 : i8), ^bb7
  ^bb14:  // pred: ^bb9
    %c0_i64_3 = arith.constant 0 : i64
    %c2_i8 = arith.constant 2 : i8
    %22 = llvm.load %arg1 : !llvm.ptr -> i64
    call @dora_fn_write_result(%arg0, %c0_i64_3, %c0_i64_3, %22, %c2_i8) : (!llvm.ptr, i64, i64, i64, i8) -> ()
    return %c2_i8 : i8
  }
}
