---
source: crates/dora-compiler/src/dora/tests/operations.rs
expression: op
---
module {
  func.func private @dora_fn_nop()
  func.func private @dora_fn_tracing(!llvm.ptr, i8, i64, !llvm.ptr, !llvm.ptr)
  func.func private @dora_fn_write_result(!llvm.ptr, i64, i64, i64, i8)
  func.func private @dora_fn_is_static(!llvm.ptr) -> i8
  func.func private @dora_fn_exp(!llvm.ptr, !llvm.ptr, !llvm.ptr)
  func.func private @dora_fn_keccak256_hasher(!llvm.ptr, i64, i64, !llvm.ptr)
  func.func private @dora_fn_calldata(!llvm.ptr) -> !llvm.ptr
  func.func private @dora_fn_calldata_size(!llvm.ptr) -> i64
  func.func private @dora_fn_calldata_copy(!llvm.ptr, i64, !llvm.ptr, i64)
  func.func private @dora_fn_data_section(!llvm.ptr) -> !llvm.ptr
  func.func private @dora_fn_data_section_size(!llvm.ptr) -> i64
  func.func private @dora_fn_data_section_copy(!llvm.ptr, i64, !llvm.ptr, i64)
  func.func private @dora_fn_chainid(!llvm.ptr) -> i64
  func.func private @dora_fn_callvalue(!llvm.ptr, !llvm.ptr)
  func.func private @dora_fn_caller(!llvm.ptr, !llvm.ptr)
  func.func private @dora_fn_store_in_gasprice_ptr(!llvm.ptr, !llvm.ptr)
  func.func private @dora_fn_store_in_selfbalance_ptr(!llvm.ptr, !llvm.ptr) -> !llvm.ptr
  func.func private @dora_fn_store_in_blobbasefee_ptr(!llvm.ptr, !llvm.ptr)
  func.func private @dora_fn_store_in_gaslimit_ptr(!llvm.ptr, !llvm.ptr)
  func.func private @dora_fn_extend_memory(!llvm.ptr, i64) -> !llvm.ptr
  func.func private @dora_fn_memory_ptr(!llvm.ptr) -> !llvm.ptr
  func.func private @dora_fn_memory_size(!llvm.ptr) -> i64
  func.func private @dora_fn_code_copy(!llvm.ptr, i64, !llvm.ptr, i64)
  func.func private @dora_fn_sload(!llvm.ptr, !llvm.ptr, !llvm.ptr) -> !llvm.ptr
  func.func private @dora_fn_sstore(!llvm.ptr, !llvm.ptr, !llvm.ptr, i64) -> !llvm.ptr
  func.func private @dora_fn_append_log(!llvm.ptr, i64, i64)
  func.func private @dora_fn_append_log_with_one_topic(!llvm.ptr, i64, i64, !llvm.ptr)
  func.func private @dora_fn_append_log_with_two_topics(!llvm.ptr, i64, i64, !llvm.ptr, !llvm.ptr)
  func.func private @dora_fn_append_log_with_three_topics(!llvm.ptr, i64, i64, !llvm.ptr, !llvm.ptr, !llvm.ptr)
  func.func private @dora_fn_append_log_with_four_topics(!llvm.ptr, i64, i64, !llvm.ptr, !llvm.ptr, !llvm.ptr, !llvm.ptr)
  func.func private @dora_fn_origin(!llvm.ptr, !llvm.ptr)
  func.func private @dora_fn_coinbase(!llvm.ptr) -> !llvm.ptr
  func.func private @dora_fn_block_number(!llvm.ptr, !llvm.ptr)
  func.func private @dora_fn_extcodesize(!llvm.ptr, !llvm.ptr) -> !llvm.ptr
  func.func private @dora_fn_address(!llvm.ptr) -> !llvm.ptr
  func.func private @dora_fn_prevrando(!llvm.ptr, !llvm.ptr)
  func.func private @dora_fn_store_in_timestamp_ptr(!llvm.ptr, !llvm.ptr)
  func.func private @dora_fn_store_in_basefee_ptr(!llvm.ptr, !llvm.ptr)
  func.func private @dora_fn_store_in_balance(!llvm.ptr, !llvm.ptr) -> !llvm.ptr
  func.func private @dora_fn_ext_code_copy(!llvm.ptr, !llvm.ptr, !llvm.ptr, i64, i64) -> !llvm.ptr
  func.func private @dora_fn_blob_hash(!llvm.ptr, !llvm.ptr)
  func.func private @dora_fn_block_hash(!llvm.ptr, !llvm.ptr) -> !llvm.ptr
  func.func private @dora_fn_ext_code_hash(!llvm.ptr, !llvm.ptr) -> !llvm.ptr
  func.func private @dora_fn_eofcreate(!llvm.ptr, i8, i64, i64, !llvm.ptr, i64, !llvm.ptr) -> !llvm.ptr
  func.func private @dora_fn_returncontract(!llvm.ptr, i8, i64, i64, index, i64, i8) -> !llvm.ptr
  func.func private @dora_fn_call(!llvm.ptr, !llvm.ptr, !llvm.ptr, !llvm.ptr, i64, i64, i64, i64, i64, i8) -> !llvm.ptr
  func.func private @dora_fn_create(!llvm.ptr, i64, i64, !llvm.ptr, i64) -> !llvm.ptr
  func.func private @dora_fn_create2(!llvm.ptr, i64, i64, !llvm.ptr, i64, !llvm.ptr) -> !llvm.ptr
  func.func private @dora_fn_extcall(!llvm.ptr, !llvm.ptr, !llvm.ptr, i64, i64, i64, i8) -> !llvm.ptr
  func.func private @dora_fn_returndata(!llvm.ptr) -> !llvm.ptr
  func.func private @dora_fn_returndata_size(!llvm.ptr) -> i64
  func.func private @dora_fn_returndata_copy(!llvm.ptr, i64, !llvm.ptr, i64) -> !llvm.ptr
  func.func private @dora_fn_selfdestruct(!llvm.ptr, !llvm.ptr) -> !llvm.ptr
  func.func private @dora_fn_tload(!llvm.ptr, !llvm.ptr, !llvm.ptr)
  func.func private @dora_fn_tstore(!llvm.ptr, !llvm.ptr, !llvm.ptr)
  func.func private @op80(%arg0: !llvm.ptr, %arg1: !llvm.ptr, %arg2: !llvm.ptr, %arg3: !llvm.ptr, %arg4: !llvm.ptr) -> i8 {
    cf.br ^bb3
  ^bb1(%0: i8):  // 2 preds: ^bb3, ^bb4
    %c0_i64 = arith.constant 0 : i64
    %1 = llvm.load %arg1 : !llvm.ptr -> i64
    call @dora_fn_write_result(%arg0, %c0_i64, %c0_i64, %1, %0) : (!llvm.ptr, i64, i64, i64, i8) -> ()
    return %0 : i8
  ^bb2(%2: i8):  // no predecessors
    return %2 : i8
  ^bb3:  // pred: ^bb0
    %3 = llvm.load %arg1 : !llvm.ptr -> i64
    %c2_i64 = arith.constant 2 : i64
    call @dora_fn_nop() : () -> ()
    %4 = arith.cmpi uge, %3, %c2_i64 : i64
    %c80_i8 = arith.constant 80 : i8
    cf.cond_br %4, ^bb5, ^bb1(%c80_i8 : i8)
  ^bb4:  // pred: ^bb5
    %c1024_i64 = arith.constant 1024 : i64
    %5 = llvm.load %arg3 : !llvm.ptr -> i64
    %c-1_i64 = arith.constant -1 : i64
    %6 = arith.addi %5, %c-1_i64 : i64
    llvm.store %6, %arg3 : i64, !llvm.ptr
    %c1_i64 = arith.constant 1 : i64
    %7 = arith.cmpi ult, %5, %c1_i64 : i64
    %c91_i8 = arith.constant 91 : i8
    cf.cond_br %7, ^bb1(%c91_i8 : i8), ^bb6
  ^bb5:  // pred: ^bb3
    %8 = arith.subi %3, %c2_i64 : i64
    llvm.store %8, %arg1 : i64, !llvm.ptr
    cf.br ^bb4
  ^bb6:  // pred: ^bb4
    %9 = llvm.load %arg4 : !llvm.ptr -> !llvm.ptr
    %10 = llvm.getelementptr %9[-1] : (!llvm.ptr) -> !llvm.ptr, i256
    %11 = llvm.load %10 : !llvm.ptr -> i256
    llvm.store %10, %arg4 : !llvm.ptr, !llvm.ptr
    cf.br ^bb7
  ^bb7:  // pred: ^bb6
    %c0_i8 = arith.constant 0 : i8
    return %c0_i8 : i8
  }
  func.func public @main(%arg0: !llvm.ptr, %arg1: !llvm.ptr, %arg2: !llvm.ptr, %arg3: !llvm.ptr) -> i8 attributes {llvm.emit_c_interface} {
    %c0_i64 = arith.constant 0 : i64
    %0 = llvm.alloca %c0_i64 x !llvm.ptr : (i64) -> !llvm.ptr
    llvm.store %arg2, %0 : !llvm.ptr, !llvm.ptr
    %c0_i8 = arith.constant 0 : i8
    %c0_i8_0 = arith.constant 0 : i8
    %1 = arith.cmpi ne, %c0_i8, %c0_i8_0 : i8
    cf.cond_br %1, ^bb1(%c0_i8 : i8), ^bb4
  ^bb1(%2: i8):  // 4 preds: ^bb0, ^bb2, ^bb4, ^bb6
    %c0_i64_1 = arith.constant 0 : i64
    %3 = llvm.load %arg1 : !llvm.ptr -> i64
    call @dora_fn_write_result(%arg0, %c0_i64_1, %c0_i64_1, %3, %2) : (!llvm.ptr, i64, i64, i64, i8) -> ()
    return %2 : i8
  ^bb2(%4: i256):  // no predecessors
    %c89_i8 = arith.constant 89 : i8
    cf.switch %4 : i256, [
      default: ^bb1(%c89_i8 : i8)
    ]
  ^bb3(%5: i8):  // 2 preds: ^bb5, ^bb8
    return %5 : i8
  ^bb4:  // pred: ^bb0
    %6 = llvm.load %arg1 : !llvm.ptr -> i64
    %c3_i64 = arith.constant 3 : i64
    call @dora_fn_nop() : () -> ()
    %7 = arith.cmpi uge, %6, %c3_i64 : i64
    %c80_i8 = arith.constant 80 : i8
    cf.cond_br %7, ^bb7, ^bb1(%c80_i8 : i8)
  ^bb5:  // pred: ^bb8
    %8 = call @op80(%arg0, %arg1, %arg2, %arg3, %0) : (!llvm.ptr, !llvm.ptr, !llvm.ptr, !llvm.ptr, !llvm.ptr) -> i8
    %9 = arith.cmpi ne, %8, %c0_i8_0 : i8
    cf.cond_br %9, ^bb3(%8 : i8), ^bb9
  ^bb6:  // pred: ^bb7
    %c1024_i64 = arith.constant 1024 : i64
    %10 = llvm.load %arg3 : !llvm.ptr -> i64
    %c1_i64 = arith.constant 1 : i64
    %11 = arith.addi %10, %c1_i64 : i64
    llvm.store %11, %arg3 : i64, !llvm.ptr
    %12 = arith.cmpi ult, %c1024_i64, %11 : i64
    %c92_i8 = arith.constant 92 : i8
    cf.cond_br %12, ^bb1(%c92_i8 : i8), ^bb8
  ^bb7:  // pred: ^bb4
    %13 = arith.subi %6, %c3_i64 : i64
    llvm.store %13, %arg1 : i64, !llvm.ptr
    cf.br ^bb6
  ^bb8:  // pred: ^bb6
    %c42_i256 = arith.constant 42 : i256
    %14 = llvm.load %0 : !llvm.ptr -> !llvm.ptr
    llvm.store %c42_i256, %14 : i256, !llvm.ptr
    %15 = llvm.getelementptr %14[1] : (!llvm.ptr) -> !llvm.ptr, i256
    llvm.store %15, %0 : !llvm.ptr, !llvm.ptr
    %c0_i8_2 = arith.constant 0 : i8
    %16 = arith.cmpi ne, %c0_i8_2, %c0_i8_0 : i8
    cf.cond_br %16, ^bb3(%c0_i8_2 : i8), ^bb5
  ^bb9:  // pred: ^bb5
    %c0_i64_3 = arith.constant 0 : i64
    %c2_i8 = arith.constant 2 : i8
    %17 = llvm.load %arg1 : !llvm.ptr -> i64
    call @dora_fn_write_result(%arg0, %c0_i64_3, %c0_i64_3, %17, %c2_i8) : (!llvm.ptr, i64, i64, i64, i8) -> ()
    return %c2_i8 : i8
  }
}
