---
source: crates/dora-compiler/src/dora/tests/operations.rs
expression: op
snapshot_kind: text
---
module {
  llvm.mlir.global internal @dora_global_stack_ptr() {addr_space = 0 : i32} : !llvm.ptr
  llvm.mlir.global internal @dora_global_stack_length() {addr_space = 0 : i32} : i64
  llvm.mlir.global internal @dora_global_memory_ptr() {addr_space = 0 : i32} : !llvm.ptr
  llvm.mlir.global internal @dora_global_memory_size() {addr_space = 0 : i32} : i64
  llvm.mlir.global internal @dora_global_calldata_ptr() {addr_space = 0 : i32} : !llvm.ptr
  llvm.mlir.global internal @dora_global_calldata_size() {addr_space = 0 : i32} : i64
  llvm.mlir.global internal @dora_global_gas_counter() {addr_space = 0 : i32} : i64
  llvm.mlir.global external @dora_global_ctx_is_static() {addr_space = 0 : i32} : !llvm.ptr
  func.func private @dora_fn_tracing(!llvm.ptr, i8, i64)
  func.func private @dora_fn_write_result(!llvm.ptr, i64, i64, i64, i8)
  func.func private @dora_fn_keccak256_hasher(!llvm.ptr, i64, i64, !llvm.ptr)
  func.func private @dora_fn_calldata(!llvm.ptr) -> !llvm.ptr
  func.func private @dora_fn_calldata_size(!llvm.ptr) -> i64
  func.func private @dora_fn_chainid(!llvm.ptr) -> i64
  func.func private @dora_fn_callvalue(!llvm.ptr, !llvm.ptr)
  func.func private @dora_fn_caller(!llvm.ptr, !llvm.ptr)
  func.func private @dora_fn_store_in_gasprice_ptr(!llvm.ptr, !llvm.ptr)
  func.func private @dora_fn_store_in_selfbalance_ptr(!llvm.ptr, !llvm.ptr) -> !llvm.ptr
  func.func private @dora_fn_store_in_blobbasefee_ptr(!llvm.ptr, !llvm.ptr)
  func.func private @dora_fn_gaslimit(!llvm.ptr) -> i64
  func.func private @dora_fn_extend_memory(!llvm.ptr, i64) -> !llvm.ptr
  func.func private @dora_fn_code_copy(!llvm.ptr, i64, i64, i64)
  func.func private @dora_fn_sload(!llvm.ptr, !llvm.ptr, !llvm.ptr) -> !llvm.ptr
  func.func private @dora_fn_sstore(!llvm.ptr, !llvm.ptr, !llvm.ptr, i64) -> !llvm.ptr
  func.func private @dora_fn_append_log(!llvm.ptr, i64, i64)
  func.func private @dora_fn_append_log_with_one_topic(!llvm.ptr, i64, i64, !llvm.ptr)
  func.func private @dora_fn_append_log_with_two_topics(!llvm.ptr, i64, i64, !llvm.ptr, !llvm.ptr)
  func.func private @dora_fn_append_log_with_three_topics(!llvm.ptr, i64, i64, !llvm.ptr, !llvm.ptr, !llvm.ptr)
  func.func private @dora_fn_append_log_with_four_topics(!llvm.ptr, i64, i64, !llvm.ptr, !llvm.ptr, !llvm.ptr, !llvm.ptr)
  func.func private @dora_fn_origin(!llvm.ptr, !llvm.ptr)
  func.func private @dora_fn_coinbase(!llvm.ptr) -> !llvm.ptr
  func.func private @dora_fn_block_number(!llvm.ptr, !llvm.ptr)
  func.func private @dora_fn_extcodesize(!llvm.ptr, !llvm.ptr) -> !llvm.ptr
  func.func private @dora_fn_address(!llvm.ptr) -> !llvm.ptr
  func.func private @dora_fn_prevrando(!llvm.ptr, !llvm.ptr)
  func.func private @dora_fn_store_in_timestamp_ptr(!llvm.ptr, !llvm.ptr)
  func.func private @dora_fn_store_in_basefee_ptr(!llvm.ptr, !llvm.ptr)
  func.func private @dora_fn_call(!llvm.ptr, i64, !llvm.ptr, !llvm.ptr, i64, i64, i64, i64, i64, i8) -> !llvm.ptr
  func.func private @dora_fn_store_in_balance(!llvm.ptr, !llvm.ptr) -> !llvm.ptr
  func.func private @dora_fn_ext_code_copy(!llvm.ptr, !llvm.ptr, i64, i64, i64) -> !llvm.ptr
  func.func private @dora_fn_blob_hash(!llvm.ptr, !llvm.ptr)
  func.func private @dora_fn_block_hash(!llvm.ptr, !llvm.ptr) -> !llvm.ptr
  func.func private @dora_fn_ext_code_hash(!llvm.ptr, !llvm.ptr) -> !llvm.ptr
  func.func private @dora_fn_create(!llvm.ptr, i64, i64, !llvm.ptr, i64) -> !llvm.ptr
  func.func private @dora_fn_create2(!llvm.ptr, i64, i64, !llvm.ptr, i64, !llvm.ptr) -> !llvm.ptr
  func.func private @dora_fn_returndata_size(!llvm.ptr) -> i64
  func.func private @dora_fn_returndata_copy(!llvm.ptr, i64, i64, i64) -> !llvm.ptr
  func.func private @dora_fn_selfdestruct(!llvm.ptr, !llvm.ptr) -> !llvm.ptr
  func.func private @dora_fn_tload(!llvm.ptr, !llvm.ptr, !llvm.ptr)
  func.func private @dora_fn_tstore(!llvm.ptr, !llvm.ptr, !llvm.ptr)
  func.func public @main(%arg0: !llvm.ptr, %arg1: i64) -> i8 attributes {llvm.emit_c_interface} {
    %c1024_i256 = arith.constant 1024 : i256
    %0 = llvm.alloca %c1024_i256 x i256 : (i256) -> !llvm.ptr
    %1 = llvm.mlir.addressof @dora_global_stack_ptr : !llvm.ptr
    llvm.store %0, %1 : !llvm.ptr, !llvm.ptr
    %c0_i64 = arith.constant 0 : i64
    %2 = llvm.mlir.addressof @dora_global_stack_length : !llvm.ptr
    llvm.store %c0_i64, %2 : i64, !llvm.ptr
    %c0_i64_0 = arith.constant 0 : i64
    %3 = llvm.mlir.addressof @dora_global_memory_size : !llvm.ptr
    llvm.store %c0_i64_0, %3 : i64, !llvm.ptr
    %4 = call @dora_fn_calldata(%arg0) : (!llvm.ptr) -> !llvm.ptr
    %5 = llvm.mlir.addressof @dora_global_calldata_ptr : !llvm.ptr
    llvm.store %4, %5 : !llvm.ptr, !llvm.ptr
    %6 = call @dora_fn_calldata_size(%arg0) : (!llvm.ptr) -> i64
    %7 = llvm.mlir.addressof @dora_global_calldata_size : !llvm.ptr
    llvm.store %6, %7 : i64, !llvm.ptr
    %8 = llvm.mlir.addressof @dora_global_gas_counter : !llvm.ptr
    llvm.store %arg1, %8 : i64, !llvm.ptr
    cf.br ^bb5
  ^bb1(%9: i8):  // 5 preds: ^bb2, ^bb4, ^bb5, ^bb8, ^bb9
    %c0_i64_1 = arith.constant 0 : i64
    %10 = llvm.mlir.addressof @dora_global_gas_counter : !llvm.ptr
    %11 = llvm.load %10 : !llvm.ptr -> i64
    call @dora_fn_write_result(%arg0, %c0_i64_1, %c0_i64_1, %11, %9) : (!llvm.ptr, i64, i64, i64, i8) -> ()
    return %9 : i8
  ^bb2(%12: i256):  // no predecessors
    %c89_i8 = arith.constant 89 : i8
    cf.switch %12 : i256, [
      default: ^bb1(%c89_i8 : i8)
    ]
  ^bb3:  // pred: ^bb4
    %c0_i256 = arith.constant 0 : i256
    %13 = llvm.mlir.addressof @dora_global_stack_ptr : !llvm.ptr
    %14 = llvm.load %13 : !llvm.ptr -> !llvm.ptr
    llvm.store %c0_i256, %14 : i256, !llvm.ptr
    %15 = llvm.getelementptr %14[1] : (!llvm.ptr) -> !llvm.ptr, i256
    llvm.store %15, %13 : !llvm.ptr, !llvm.ptr
    cf.br ^bb9
  ^bb4:  // pred: ^bb6
    %16 = llvm.mlir.addressof @dora_global_stack_length : !llvm.ptr
    %c1024_i64 = arith.constant 1024 : i64
    %17 = llvm.load %16 : !llvm.ptr -> i64
    %c1_i64 = arith.constant 1 : i64
    %18 = arith.addi %17, %c1_i64 : i64
    llvm.store %18, %16 : i64, !llvm.ptr
    %19 = arith.cmpi ult, %c1024_i64, %18 : i64
    %c92_i8 = arith.constant 92 : i8
    cf.cond_br %19, ^bb1(%c92_i8 : i8), ^bb3
  ^bb5:  // pred: ^bb0
    %20 = llvm.mlir.addressof @dora_global_gas_counter : !llvm.ptr
    %21 = llvm.load %20 : !llvm.ptr -> i64
    %c3_i64 = arith.constant 3 : i64
    %22 = arith.cmpi uge, %21, %c3_i64 : i64
    %c80_i8 = arith.constant 80 : i8
    cf.cond_br %22, ^bb6, ^bb1(%c80_i8 : i8)
  ^bb6:  // pred: ^bb5
    %23 = arith.subi %21, %c3_i64 : i64
    llvm.store %23, %20 : i64, !llvm.ptr
    cf.br ^bb4
  ^bb7:  // pred: ^bb8
    %24 = llvm.mlir.addressof @dora_global_stack_ptr : !llvm.ptr
    %25 = llvm.load %24 : !llvm.ptr -> !llvm.ptr
    %26 = llvm.getelementptr %25[-1] : (!llvm.ptr) -> !llvm.ptr, i256
    %27 = llvm.load %26 : !llvm.ptr -> i256
    llvm.store %26, %24 : !llvm.ptr, !llvm.ptr
    %28 = llvm.mlir.addressof @dora_global_calldata_ptr : !llvm.ptr
    %29 = llvm.load %28 : !llvm.ptr -> !llvm.ptr
    %c32_i256 = arith.constant 32 : i256
    %30 = llvm.mlir.addressof @dora_global_calldata_size : !llvm.ptr
    %31 = llvm.load %30 : !llvm.ptr -> i64
    %32 = arith.extui %31 : i64 to i256
    %33 = arith.cmpi ult, %27, %32 : i256
    %c0_i256_2 = arith.constant 0 : i256
    %34 = scf.if %33 -> (i256) {
      %c1_i256 = arith.constant 1 : i256
      %48 = llvm.alloca %c1_i256 x i256 : (i256) -> !llvm.ptr
      llvm.store %c0_i256_2, %48 : i256, !llvm.ptr
      %49 = llvm.getelementptr %29[%27] : (!llvm.ptr, i256) -> !llvm.ptr, i8
      %50 = arith.subi %32, %27 : i256
      %51 = arith.minui %50, %c32_i256 : i256
      "llvm.intr.memcpy"(%48, %49, %51) <{isVolatile = false}> : (!llvm.ptr, !llvm.ptr, i256) -> ()
      %52 = llvm.load %48 : !llvm.ptr -> i256
      %53 = llvm.intr.bswap(%52)  : (i256) -> i256
      scf.yield %53 : i256
    } else {
      scf.yield %c0_i256_2 : i256
    }
    %35 = llvm.mlir.addressof @dora_global_stack_ptr : !llvm.ptr
    %36 = llvm.load %35 : !llvm.ptr -> !llvm.ptr
    llvm.store %34, %36 : i256, !llvm.ptr
    %37 = llvm.getelementptr %36[1] : (!llvm.ptr) -> !llvm.ptr, i256
    llvm.store %37, %35 : !llvm.ptr, !llvm.ptr
    cf.br ^bb11
  ^bb8:  // pred: ^bb10
    %38 = llvm.mlir.addressof @dora_global_stack_length : !llvm.ptr
    %c1024_i64_3 = arith.constant 1024 : i64
    %39 = llvm.load %38 : !llvm.ptr -> i64
    %c0_i64_4 = arith.constant 0 : i64
    %40 = arith.addi %39, %c0_i64_4 : i64
    llvm.store %40, %38 : i64, !llvm.ptr
    %c1_i64_5 = arith.constant 1 : i64
    %41 = arith.cmpi ult, %39, %c1_i64_5 : i64
    %c91_i8 = arith.constant 91 : i8
    cf.cond_br %41, ^bb1(%c91_i8 : i8), ^bb7
  ^bb9:  // pred: ^bb3
    %42 = llvm.mlir.addressof @dora_global_gas_counter : !llvm.ptr
    %43 = llvm.load %42 : !llvm.ptr -> i64
    %c3_i64_6 = arith.constant 3 : i64
    %44 = arith.cmpi uge, %43, %c3_i64_6 : i64
    %c80_i8_7 = arith.constant 80 : i8
    cf.cond_br %44, ^bb10, ^bb1(%c80_i8_7 : i8)
  ^bb10:  // pred: ^bb9
    %45 = arith.subi %43, %c3_i64_6 : i64
    llvm.store %45, %42 : i64, !llvm.ptr
    cf.br ^bb8
  ^bb11:  // pred: ^bb7
    %c0_i64_8 = arith.constant 0 : i64
    %c1_i8 = arith.constant 1 : i8
    %46 = llvm.mlir.addressof @dora_global_gas_counter : !llvm.ptr
    %47 = llvm.load %46 : !llvm.ptr -> i64
    call @dora_fn_write_result(%arg0, %c0_i64_8, %c0_i64_8, %47, %c1_i8) : (!llvm.ptr, i64, i64, i64, i8) -> ()
    return %c1_i8 : i8
  }
}
