---
source: crates/dora-compiler/src/dora/tests/operations.rs
expression: op
snapshot_kind: text
---
module {
  llvm.mlir.global internal @dora_global_stack_ptr() {addr_space = 0 : i32} : !llvm.ptr
  llvm.mlir.global internal @dora_global_stack_length() {addr_space = 0 : i32} : i64
  llvm.mlir.global internal @dora_global_memory_ptr() {addr_space = 0 : i32} : !llvm.ptr
  llvm.mlir.global internal @dora_global_memory_size() {addr_space = 0 : i32} : i64
  llvm.mlir.global internal @dora_global_calldata_ptr() {addr_space = 0 : i32} : !llvm.ptr
  llvm.mlir.global internal @dora_global_calldata_size() {addr_space = 0 : i32} : i64
  llvm.mlir.global internal @dora_global_gas_counter() {addr_space = 0 : i32} : i64
  llvm.mlir.global external @dora_global_ctx_is_static() {addr_space = 0 : i32} : !llvm.ptr
  func.func private @dora_fn_debug_print(i32)
  func.func private @dora_fn_write_result(!llvm.ptr, i64, i64, i64, i8) -> !llvm.ptr
  func.func private @dora_fn_keccak256_hasher(!llvm.ptr, i64, i64, !llvm.ptr) -> !llvm.ptr
  func.func private @dora_fn_calldata(!llvm.ptr) -> !llvm.ptr
  func.func private @dora_fn_calldata_size(!llvm.ptr) -> i64
  func.func private @dora_fn_chainid(!llvm.ptr) -> !llvm.ptr
  func.func private @dora_fn_callvalue(!llvm.ptr, !llvm.ptr) -> !llvm.ptr
  func.func private @dora_fn_caller(!llvm.ptr, !llvm.ptr) -> !llvm.ptr
  func.func private @dora_fn_store_in_gasprice_ptr(!llvm.ptr, !llvm.ptr) -> !llvm.ptr
  func.func private @dora_fn_store_in_selfbalance_ptr(!llvm.ptr, !llvm.ptr) -> !llvm.ptr
  func.func private @dora_fn_store_in_blobbasefee_ptr(!llvm.ptr, !llvm.ptr) -> !llvm.ptr
  func.func private @dora_fn_gaslimit(!llvm.ptr) -> !llvm.ptr
  func.func private @dora_fn_extend_memory(!llvm.ptr, i64) -> !llvm.ptr
  func.func private @dora_fn_code_copy(!llvm.ptr, i64, i64, i64) -> !llvm.ptr
  func.func private @dora_fn_read_storage(!llvm.ptr, !llvm.ptr, !llvm.ptr) -> !llvm.ptr
  func.func private @dora_fn_write_storage(!llvm.ptr, !llvm.ptr, !llvm.ptr) -> !llvm.ptr
  func.func private @dora_fn_append_log(!llvm.ptr, i64, i64) -> !llvm.ptr
  func.func private @dora_fn_append_log_with_one_topic(!llvm.ptr, i64, i64, !llvm.ptr) -> !llvm.ptr
  func.func private @dora_fn_append_log_with_two_topics(!llvm.ptr, i64, i64, !llvm.ptr, !llvm.ptr) -> !llvm.ptr
  func.func private @dora_fn_append_log_with_three_topics(!llvm.ptr, i64, i64, !llvm.ptr, !llvm.ptr, !llvm.ptr) -> !llvm.ptr
  func.func private @dora_fn_append_log_with_four_topics(!llvm.ptr, i64, i64, !llvm.ptr, !llvm.ptr, !llvm.ptr, !llvm.ptr) -> !llvm.ptr
  func.func private @dora_fn_origin(!llvm.ptr, !llvm.ptr) -> !llvm.ptr
  func.func private @dora_fn_coinbase(!llvm.ptr) -> !llvm.ptr
  func.func private @dora_fn_block_number(!llvm.ptr, !llvm.ptr) -> !llvm.ptr
  func.func private @dora_fn_extcodesize(!llvm.ptr, !llvm.ptr) -> !llvm.ptr
  func.func private @dora_fn_address(!llvm.ptr) -> !llvm.ptr
  func.func private @dora_fn_prevrando(!llvm.ptr, !llvm.ptr) -> !llvm.ptr
  func.func private @dora_fn_store_in_timestamp_ptr(!llvm.ptr, !llvm.ptr) -> !llvm.ptr
  func.func private @dora_fn_store_in_basefee_ptr(!llvm.ptr, !llvm.ptr) -> !llvm.ptr
  func.func private @dora_fn_call(!llvm.ptr, i64, !llvm.ptr, !llvm.ptr, i64, i64, i64, i64, i64, !llvm.ptr, i8) -> !llvm.ptr
  func.func private @dora_fn_store_in_balance(!llvm.ptr, !llvm.ptr, !llvm.ptr) -> !llvm.ptr
  func.func private @dora_fn_ext_code_copy(!llvm.ptr, !llvm.ptr, i64, i64, i64) -> !llvm.ptr
  func.func private @dora_fn_blob_hash(!llvm.ptr, !llvm.ptr, !llvm.ptr) -> !llvm.ptr
  func.func private @dora_fn_block_hash(!llvm.ptr, !llvm.ptr) -> !llvm.ptr
  func.func private @dora_fn_ext_code_hash(!llvm.ptr, !llvm.ptr) -> !llvm.ptr
  func.func private @dora_fn_create(!llvm.ptr, i64, i64, !llvm.ptr, !llvm.ptr) -> !llvm.ptr
  func.func private @dora_fn_create2(!llvm.ptr, i64, i64, !llvm.ptr, !llvm.ptr, !llvm.ptr) -> !llvm.ptr
  func.func private @dora_fn_return_data_size(!llvm.ptr) -> !llvm.ptr
  func.func private @dora_fn_return_data_copy(!llvm.ptr, i64, i64, i64) -> !llvm.ptr
  func.func private @dora_fn_selfdestruct(!llvm.ptr, !llvm.ptr) -> !llvm.ptr
  func.func private @dora_fn_transient_storage_read(!llvm.ptr, !llvm.ptr, !llvm.ptr) -> !llvm.ptr
  func.func private @dora_fn_transient_storage_write(!llvm.ptr, !llvm.ptr, !llvm.ptr) -> !llvm.ptr
  func.func public @main(%arg0: !llvm.ptr, %arg1: i64) -> i8 attributes {llvm.emit_c_interface} {
    %c1024_i256 = arith.constant 1024 : i256
    %0 = llvm.alloca %c1024_i256 x i256 : (i256) -> !llvm.ptr
    %1 = llvm.mlir.addressof @dora_global_stack_ptr : !llvm.ptr
    llvm.store %0, %1 : !llvm.ptr, !llvm.ptr
    %c0_i64 = arith.constant 0 : i64
    %2 = llvm.mlir.addressof @dora_global_stack_length : !llvm.ptr
    llvm.store %c0_i64, %2 : i64, !llvm.ptr
    %c0_i64_0 = arith.constant 0 : i64
    %3 = llvm.mlir.addressof @dora_global_memory_size : !llvm.ptr
    llvm.store %c0_i64_0, %3 : i64, !llvm.ptr
    %4 = call @dora_fn_calldata(%arg0) : (!llvm.ptr) -> !llvm.ptr
    %5 = llvm.mlir.addressof @dora_global_calldata_ptr : !llvm.ptr
    llvm.store %4, %5 : !llvm.ptr, !llvm.ptr
    %6 = call @dora_fn_calldata_size(%arg0) : (!llvm.ptr) -> i64
    %7 = llvm.mlir.addressof @dora_global_calldata_size : !llvm.ptr
    llvm.store %6, %7 : i64, !llvm.ptr
    %8 = llvm.mlir.addressof @dora_global_gas_counter : !llvm.ptr
    llvm.store %arg1, %8 : i64, !llvm.ptr
    %9 = llvm.mlir.addressof @dora_global_stack_length : !llvm.ptr
    %c1024_i64 = arith.constant 1024 : i64
    %10 = llvm.load %9 : !llvm.ptr -> i64
    %c1_i64 = arith.constant 1 : i64
    %11 = arith.addi %10, %c1_i64 : i64
    llvm.store %11, %9 : i64, !llvm.ptr
    %12 = arith.cmpi ult, %c1024_i64, %11 : i64
    %c92_i8 = arith.constant 92 : i8
    cf.cond_br %12, ^bb1(%c92_i8 : i8), ^bb3
  ^bb1(%13: i8):  // 10 preds: ^bb0, ^bb2, ^bb3, ^bb4, ^bb5, ^bb6, ^bb7, ^bb8, ^bb9, ^bb10
    %c0_i64_1 = arith.constant 0 : i64
    %14 = call @dora_fn_write_result(%arg0, %c0_i64_1, %c0_i64_1, %c0_i64_1, %13) : (!llvm.ptr, i64, i64, i64, i8) -> !llvm.ptr
    return %13 : i8
  ^bb2(%15: i256):  // no predecessors
    %c89_i8 = arith.constant 89 : i8
    cf.switch %15 : i256, [
      default: ^bb1(%c89_i8 : i8)
    ]
  ^bb3:  // pred: ^bb0
    %c255_i256 = arith.constant 255 : i256
    %16 = llvm.mlir.addressof @dora_global_stack_ptr : !llvm.ptr
    %17 = llvm.load %16 : !llvm.ptr -> !llvm.ptr
    llvm.store %c255_i256, %17 : i256, !llvm.ptr
    %18 = llvm.getelementptr %17[1] : (!llvm.ptr) -> !llvm.ptr, i256
    llvm.store %18, %16 : !llvm.ptr, !llvm.ptr
    %19 = llvm.load %9 : !llvm.ptr -> i64
    %c1_i64_2 = arith.constant 1 : i64
    %20 = arith.addi %19, %c1_i64_2 : i64
    llvm.store %20, %9 : i64, !llvm.ptr
    %21 = arith.cmpi ult, %c1024_i64, %20 : i64
    %c92_i8_3 = arith.constant 92 : i8
    cf.cond_br %21, ^bb1(%c92_i8_3 : i8), ^bb4
  ^bb4:  // pred: ^bb3
    %c0_i256 = arith.constant 0 : i256
    %22 = llvm.mlir.addressof @dora_global_stack_ptr : !llvm.ptr
    %23 = llvm.load %22 : !llvm.ptr -> !llvm.ptr
    llvm.store %c0_i256, %23 : i256, !llvm.ptr
    %24 = llvm.getelementptr %23[1] : (!llvm.ptr) -> !llvm.ptr, i256
    llvm.store %24, %22 : !llvm.ptr, !llvm.ptr
    %25 = llvm.load %9 : !llvm.ptr -> i64
    %c-2_i64 = arith.constant -2 : i64
    %26 = arith.addi %25, %c-2_i64 : i64
    llvm.store %26, %9 : i64, !llvm.ptr
    %c2_i64 = arith.constant 2 : i64
    %27 = arith.cmpi ult, %25, %c2_i64 : i64
    %c91_i8 = arith.constant 91 : i8
    cf.cond_br %27, ^bb1(%c91_i8 : i8), ^bb5
  ^bb5:  // pred: ^bb4
    %28 = llvm.mlir.addressof @dora_global_stack_ptr : !llvm.ptr
    %29 = llvm.load %28 : !llvm.ptr -> !llvm.ptr
    %30 = llvm.getelementptr %29[-1] : (!llvm.ptr) -> !llvm.ptr, i256
    %31 = llvm.load %30 : !llvm.ptr -> i256
    llvm.store %30, %28 : !llvm.ptr, !llvm.ptr
    %32 = llvm.mlir.addressof @dora_global_stack_ptr : !llvm.ptr
    %33 = llvm.load %32 : !llvm.ptr -> !llvm.ptr
    %34 = llvm.getelementptr %33[-1] : (!llvm.ptr) -> !llvm.ptr, i256
    %35 = llvm.load %34 : !llvm.ptr -> i256
    llvm.store %34, %32 : !llvm.ptr, !llvm.ptr
    %36 = arith.trunci %31 : i256 to i64
    %c32_i64 = arith.constant 32 : i64
    %37 = arith.addi %36, %c32_i64 : i64
    %c0_i64_4 = arith.constant 0 : i64
    %38 = arith.cmpi slt, %37, %c0_i64_4 : i64
    %c84_i8 = arith.constant 84 : i8
    cf.cond_br %38, ^bb1(%c84_i8 : i8), ^bb6
  ^bb6:  // pred: ^bb5
    %c31_i64 = arith.constant 31 : i64
    %c32_i64_5 = arith.constant 32 : i64
    %39 = arith.addi %37, %c31_i64 : i64
    %40 = arith.divui %39, %c32_i64_5 : i64
    %41 = arith.muli %40, %c32_i64_5 : i64
    %42 = call @dora_fn_extend_memory(%arg0, %41) : (!llvm.ptr, i64) -> !llvm.ptr
    %43 = llvm.getelementptr %42[16] : (!llvm.ptr) -> !llvm.ptr, i8
    %44 = llvm.load %43 : !llvm.ptr -> !llvm.ptr
    %45 = llvm.getelementptr %42[0] : (!llvm.ptr) -> !llvm.ptr, i8
    %46 = llvm.load %45 : !llvm.ptr -> i8
    %c0_i8 = arith.constant 0 : i8
    %47 = arith.cmpi ne, %46, %c0_i8 : i8
    cf.cond_br %47, ^bb1(%46 : i8), ^bb7
  ^bb7:  // pred: ^bb6
    %48 = llvm.mlir.addressof @dora_global_memory_ptr : !llvm.ptr
    llvm.store %44, %48 : !llvm.ptr, !llvm.ptr
    %49 = llvm.mlir.addressof @dora_global_memory_size : !llvm.ptr
    llvm.store %41, %49 : i64, !llvm.ptr
    %50 = llvm.mlir.addressof @dora_global_memory_ptr : !llvm.ptr
    %51 = llvm.load %50 : !llvm.ptr -> !llvm.ptr
    %52 = llvm.getelementptr %51[%36] : (!llvm.ptr, i64) -> !llvm.ptr, i8
    %53 = llvm.intr.bswap(%35)  : (i256) -> i256
    llvm.store %53, %52 {alignment = 1 : i64} : i256, !llvm.ptr
    %54 = llvm.load %9 : !llvm.ptr -> i64
    %c1_i64_6 = arith.constant 1 : i64
    %55 = arith.addi %54, %c1_i64_6 : i64
    llvm.store %55, %9 : i64, !llvm.ptr
    %56 = arith.cmpi ult, %c1024_i64, %55 : i64
    %c92_i8_7 = arith.constant 92 : i8
    cf.cond_br %56, ^bb1(%c92_i8_7 : i8), ^bb8
  ^bb8:  // pred: ^bb7
    %c0_i256_8 = arith.constant 0 : i256
    %57 = llvm.mlir.addressof @dora_global_stack_ptr : !llvm.ptr
    %58 = llvm.load %57 : !llvm.ptr -> !llvm.ptr
    llvm.store %c0_i256_8, %58 : i256, !llvm.ptr
    %59 = llvm.getelementptr %58[1] : (!llvm.ptr) -> !llvm.ptr, i256
    llvm.store %59, %57 : !llvm.ptr, !llvm.ptr
    %60 = llvm.load %9 : !llvm.ptr -> i64
    %c0_i64_9 = arith.constant 0 : i64
    %61 = arith.addi %60, %c0_i64_9 : i64
    llvm.store %61, %9 : i64, !llvm.ptr
    %c1_i64_10 = arith.constant 1 : i64
    %62 = arith.cmpi ult, %60, %c1_i64_10 : i64
    %c91_i8_11 = arith.constant 91 : i8
    cf.cond_br %62, ^bb1(%c91_i8_11 : i8), ^bb9
  ^bb9:  // pred: ^bb8
    %63 = llvm.mlir.addressof @dora_global_stack_ptr : !llvm.ptr
    %64 = llvm.load %63 : !llvm.ptr -> !llvm.ptr
    %65 = llvm.getelementptr %64[-1] : (!llvm.ptr) -> !llvm.ptr, i256
    %66 = llvm.load %65 : !llvm.ptr -> i256
    llvm.store %65, %63 : !llvm.ptr, !llvm.ptr
    %67 = arith.trunci %66 : i256 to i64
    %c32_i64_12 = arith.constant 32 : i64
    %68 = arith.addi %67, %c32_i64_12 : i64
    %c0_i64_13 = arith.constant 0 : i64
    %69 = arith.cmpi slt, %68, %c0_i64_13 : i64
    %c84_i8_14 = arith.constant 84 : i8
    cf.cond_br %69, ^bb1(%c84_i8_14 : i8), ^bb10
  ^bb10:  // pred: ^bb9
    %c31_i64_15 = arith.constant 31 : i64
    %c32_i64_16 = arith.constant 32 : i64
    %70 = arith.addi %68, %c31_i64_15 : i64
    %71 = arith.divui %70, %c32_i64_16 : i64
    %72 = arith.muli %71, %c32_i64_16 : i64
    %73 = call @dora_fn_extend_memory(%arg0, %72) : (!llvm.ptr, i64) -> !llvm.ptr
    %74 = llvm.getelementptr %73[16] : (!llvm.ptr) -> !llvm.ptr, i8
    %75 = llvm.load %74 : !llvm.ptr -> !llvm.ptr
    %76 = llvm.getelementptr %73[0] : (!llvm.ptr) -> !llvm.ptr, i8
    %77 = llvm.load %76 : !llvm.ptr -> i8
    %c0_i8_17 = arith.constant 0 : i8
    %78 = arith.cmpi ne, %77, %c0_i8_17 : i8
    cf.cond_br %78, ^bb1(%77 : i8), ^bb11
  ^bb11:  // pred: ^bb10
    %79 = llvm.mlir.addressof @dora_global_memory_ptr : !llvm.ptr
    llvm.store %75, %79 : !llvm.ptr, !llvm.ptr
    %80 = llvm.mlir.addressof @dora_global_memory_size : !llvm.ptr
    llvm.store %72, %80 : i64, !llvm.ptr
    %81 = llvm.mlir.addressof @dora_global_memory_ptr : !llvm.ptr
    %82 = llvm.load %81 : !llvm.ptr -> !llvm.ptr
    %83 = llvm.getelementptr %82[%67] : (!llvm.ptr, i64) -> !llvm.ptr, i8
    %84 = llvm.load %83 {alignment = 1 : i64} : !llvm.ptr -> i256
    %85 = llvm.intr.bswap(%84)  : (i256) -> i256
    %86 = llvm.mlir.addressof @dora_global_stack_ptr : !llvm.ptr
    %87 = llvm.load %86 : !llvm.ptr -> !llvm.ptr
    llvm.store %85, %87 : i256, !llvm.ptr
    %88 = llvm.getelementptr %87[1] : (!llvm.ptr) -> !llvm.ptr, i256
    llvm.store %88, %86 : !llvm.ptr, !llvm.ptr
    cf.br ^bb12
  ^bb12:  // pred: ^bb11
    %c0_i64_18 = arith.constant 0 : i64
    %c1_i8 = arith.constant 1 : i8
    %89 = call @dora_fn_write_result(%arg0, %c0_i64_18, %c0_i64_18, %arg1, %c1_i8) : (!llvm.ptr, i64, i64, i64, i8) -> !llvm.ptr
    return %c1_i8 : i8
  }
}
