---
source: crates/dora-compiler/src/dora/tests/operations.rs
expression: op
snapshot_kind: text
---
module {
  llvm.mlir.global internal @dora_global_stack_ptr() {addr_space = 0 : i32} : !llvm.ptr
  llvm.mlir.global internal @dora_global_stack_length() {addr_space = 0 : i32} : i64
  llvm.mlir.global internal @dora_global_memory_ptr() {addr_space = 0 : i32} : !llvm.ptr
  llvm.mlir.global internal @dora_global_memory_size() {addr_space = 0 : i32} : i64
  llvm.mlir.global internal @dora_global_calldata_ptr() {addr_space = 0 : i32} : !llvm.ptr
  llvm.mlir.global internal @dora_global_calldata_size() {addr_space = 0 : i32} : i64
  llvm.mlir.global internal @dora_global_gas_counter() {addr_space = 0 : i32} : i64
  func.func private @dora_fn_nop()
  func.func private @dora_fn_tracing(!llvm.ptr, i8, i64, !llvm.ptr, i64)
  func.func private @dora_fn_write_result(!llvm.ptr, i64, i64, i64, i8)
  func.func private @dora_fn_is_static(!llvm.ptr) -> i8
  func.func private @dora_fn_exp(!llvm.ptr, !llvm.ptr, !llvm.ptr)
  func.func private @dora_fn_keccak256_hasher(!llvm.ptr, i64, i64, !llvm.ptr)
  func.func private @dora_fn_calldata(!llvm.ptr) -> !llvm.ptr
  func.func private @dora_fn_calldata_size(!llvm.ptr) -> i64
  func.func private @dora_fn_chainid(!llvm.ptr) -> i64
  func.func private @dora_fn_callvalue(!llvm.ptr, !llvm.ptr)
  func.func private @dora_fn_caller(!llvm.ptr, !llvm.ptr)
  func.func private @dora_fn_store_in_gasprice_ptr(!llvm.ptr, !llvm.ptr)
  func.func private @dora_fn_store_in_selfbalance_ptr(!llvm.ptr, !llvm.ptr) -> !llvm.ptr
  func.func private @dora_fn_store_in_blobbasefee_ptr(!llvm.ptr, !llvm.ptr)
  func.func private @dora_fn_store_in_gaslimit_ptr(!llvm.ptr, !llvm.ptr)
  func.func private @dora_fn_extend_memory(!llvm.ptr, i64) -> !llvm.ptr
  func.func private @dora_fn_code_copy(!llvm.ptr, !llvm.ptr, i64, i64)
  func.func private @dora_fn_sload(!llvm.ptr, !llvm.ptr, !llvm.ptr) -> !llvm.ptr
  func.func private @dora_fn_sstore(!llvm.ptr, !llvm.ptr, !llvm.ptr, i64) -> !llvm.ptr
  func.func private @dora_fn_append_log(!llvm.ptr, i64, i64)
  func.func private @dora_fn_append_log_with_one_topic(!llvm.ptr, i64, i64, !llvm.ptr)
  func.func private @dora_fn_append_log_with_two_topics(!llvm.ptr, i64, i64, !llvm.ptr, !llvm.ptr)
  func.func private @dora_fn_append_log_with_three_topics(!llvm.ptr, i64, i64, !llvm.ptr, !llvm.ptr, !llvm.ptr)
  func.func private @dora_fn_append_log_with_four_topics(!llvm.ptr, i64, i64, !llvm.ptr, !llvm.ptr, !llvm.ptr, !llvm.ptr)
  func.func private @dora_fn_origin(!llvm.ptr, !llvm.ptr)
  func.func private @dora_fn_coinbase(!llvm.ptr) -> !llvm.ptr
  func.func private @dora_fn_block_number(!llvm.ptr, !llvm.ptr)
  func.func private @dora_fn_extcodesize(!llvm.ptr, !llvm.ptr) -> !llvm.ptr
  func.func private @dora_fn_address(!llvm.ptr) -> !llvm.ptr
  func.func private @dora_fn_prevrando(!llvm.ptr, !llvm.ptr)
  func.func private @dora_fn_store_in_timestamp_ptr(!llvm.ptr, !llvm.ptr)
  func.func private @dora_fn_store_in_basefee_ptr(!llvm.ptr, !llvm.ptr)
  func.func private @dora_fn_call(!llvm.ptr, !llvm.ptr, !llvm.ptr, !llvm.ptr, i64, i64, i64, i64, i64, i8) -> !llvm.ptr
  func.func private @dora_fn_store_in_balance(!llvm.ptr, !llvm.ptr) -> !llvm.ptr
  func.func private @dora_fn_ext_code_copy(!llvm.ptr, !llvm.ptr, !llvm.ptr, i64, i64) -> !llvm.ptr
  func.func private @dora_fn_blob_hash(!llvm.ptr, !llvm.ptr)
  func.func private @dora_fn_block_hash(!llvm.ptr, !llvm.ptr) -> !llvm.ptr
  func.func private @dora_fn_ext_code_hash(!llvm.ptr, !llvm.ptr) -> !llvm.ptr
  func.func private @dora_fn_create(!llvm.ptr, i64, i64, !llvm.ptr, i64) -> !llvm.ptr
  func.func private @dora_fn_create2(!llvm.ptr, i64, i64, !llvm.ptr, i64, !llvm.ptr) -> !llvm.ptr
  func.func private @dora_fn_returndata_size(!llvm.ptr) -> i64
  func.func private @dora_fn_returndata_copy(!llvm.ptr, i64, !llvm.ptr, i64) -> !llvm.ptr
  func.func private @dora_fn_selfdestruct(!llvm.ptr, !llvm.ptr) -> !llvm.ptr
  func.func private @dora_fn_tload(!llvm.ptr, !llvm.ptr, !llvm.ptr)
  func.func private @dora_fn_tstore(!llvm.ptr, !llvm.ptr, !llvm.ptr)
  func.func public @main(%arg0: !llvm.ptr, %arg1: i64) -> i8 attributes {llvm.emit_c_interface} {
    %c1024_i256 = arith.constant 1024 : i256
    %0 = llvm.alloca %c1024_i256 x i256 : (i256) -> !llvm.ptr
    %1 = llvm.mlir.addressof @dora_global_stack_ptr : !llvm.ptr
    llvm.store %0, %1 : !llvm.ptr, !llvm.ptr
    %c0_i64 = arith.constant 0 : i64
    %2 = llvm.mlir.addressof @dora_global_stack_length : !llvm.ptr
    llvm.store %c0_i64, %2 : i64, !llvm.ptr
    %c0_i64_0 = arith.constant 0 : i64
    %3 = llvm.mlir.addressof @dora_global_memory_size : !llvm.ptr
    llvm.store %c0_i64_0, %3 : i64, !llvm.ptr
    %4 = call @dora_fn_calldata(%arg0) : (!llvm.ptr) -> !llvm.ptr
    %5 = llvm.mlir.addressof @dora_global_calldata_ptr : !llvm.ptr
    llvm.store %4, %5 : !llvm.ptr, !llvm.ptr
    %6 = call @dora_fn_calldata_size(%arg0) : (!llvm.ptr) -> i64
    %7 = llvm.mlir.addressof @dora_global_calldata_size : !llvm.ptr
    llvm.store %6, %7 : i64, !llvm.ptr
    %8 = llvm.mlir.addressof @dora_global_gas_counter : !llvm.ptr
    llvm.store %arg1, %8 : i64, !llvm.ptr
    cf.br ^bb5
  ^bb1(%9: i8):  // 7 preds: ^bb2, ^bb4, ^bb5, ^bb8, ^bb9, ^bb12, ^bb13
    %c0_i64_1 = arith.constant 0 : i64
    %10 = llvm.mlir.addressof @dora_global_gas_counter : !llvm.ptr
    %11 = llvm.load %10 : !llvm.ptr -> i64
    call @dora_fn_write_result(%arg0, %c0_i64_1, %c0_i64_1, %11, %9) : (!llvm.ptr, i64, i64, i64, i8) -> ()
    return %9 : i8
  ^bb2(%12: i256):  // no predecessors
    %c89_i8 = arith.constant 89 : i8
    cf.switch %12 : i256, [
      default: ^bb1(%c89_i8 : i8)
    ]
  ^bb3:  // pred: ^bb4
    %c18446744073709551615_i256 = arith.constant 18446744073709551615 : i256
    %13 = llvm.mlir.addressof @dora_global_stack_ptr : !llvm.ptr
    %14 = llvm.load %13 : !llvm.ptr -> !llvm.ptr
    llvm.store %c18446744073709551615_i256, %14 : i256, !llvm.ptr
    %15 = llvm.getelementptr %14[1] : (!llvm.ptr) -> !llvm.ptr, i256
    llvm.store %15, %13 : !llvm.ptr, !llvm.ptr
    cf.br ^bb9
  ^bb4:  // pred: ^bb6
    %16 = llvm.mlir.addressof @dora_global_stack_length : !llvm.ptr
    %c1024_i64 = arith.constant 1024 : i64
    %17 = llvm.load %16 : !llvm.ptr -> i64
    %c1_i64 = arith.constant 1 : i64
    %18 = arith.addi %17, %c1_i64 : i64
    llvm.store %18, %16 : i64, !llvm.ptr
    %19 = arith.cmpi ult, %c1024_i64, %18 : i64
    %c92_i8 = arith.constant 92 : i8
    cf.cond_br %19, ^bb1(%c92_i8 : i8), ^bb3
  ^bb5:  // pred: ^bb0
    %20 = llvm.mlir.addressof @dora_global_gas_counter : !llvm.ptr
    %21 = llvm.load %20 : !llvm.ptr -> i64
    %c3_i64 = arith.constant 3 : i64
    call @dora_fn_nop() : () -> ()
    %22 = arith.cmpi uge, %21, %c3_i64 : i64
    %c80_i8 = arith.constant 80 : i8
    cf.cond_br %22, ^bb6, ^bb1(%c80_i8 : i8)
  ^bb6:  // pred: ^bb5
    %23 = arith.subi %21, %c3_i64 : i64
    llvm.store %23, %20 : i64, !llvm.ptr
    cf.br ^bb4
  ^bb7:  // pred: ^bb8
    %c1_i256 = arith.constant 1 : i256
    %24 = llvm.mlir.addressof @dora_global_stack_ptr : !llvm.ptr
    %25 = llvm.load %24 : !llvm.ptr -> !llvm.ptr
    llvm.store %c1_i256, %25 : i256, !llvm.ptr
    %26 = llvm.getelementptr %25[1] : (!llvm.ptr) -> !llvm.ptr, i256
    llvm.store %26, %24 : !llvm.ptr, !llvm.ptr
    cf.br ^bb13
  ^bb8:  // pred: ^bb10
    %27 = llvm.mlir.addressof @dora_global_stack_length : !llvm.ptr
    %c1024_i64_2 = arith.constant 1024 : i64
    %28 = llvm.load %27 : !llvm.ptr -> i64
    %c1_i64_3 = arith.constant 1 : i64
    %29 = arith.addi %28, %c1_i64_3 : i64
    llvm.store %29, %27 : i64, !llvm.ptr
    %30 = arith.cmpi ult, %c1024_i64_2, %29 : i64
    %c92_i8_4 = arith.constant 92 : i8
    cf.cond_br %30, ^bb1(%c92_i8_4 : i8), ^bb7
  ^bb9:  // pred: ^bb3
    %31 = llvm.mlir.addressof @dora_global_gas_counter : !llvm.ptr
    %32 = llvm.load %31 : !llvm.ptr -> i64
    %c3_i64_5 = arith.constant 3 : i64
    call @dora_fn_nop() : () -> ()
    %33 = arith.cmpi uge, %32, %c3_i64_5 : i64
    %c80_i8_6 = arith.constant 80 : i8
    cf.cond_br %33, ^bb10, ^bb1(%c80_i8_6 : i8)
  ^bb10:  // pred: ^bb9
    %34 = arith.subi %32, %c3_i64_5 : i64
    llvm.store %34, %31 : i64, !llvm.ptr
    cf.br ^bb8
  ^bb11:  // pred: ^bb12
    %35 = llvm.mlir.addressof @dora_global_stack_ptr : !llvm.ptr
    %36 = llvm.load %35 : !llvm.ptr -> !llvm.ptr
    %37 = llvm.getelementptr %36[-1] : (!llvm.ptr) -> !llvm.ptr, i256
    %38 = llvm.load %37 : !llvm.ptr -> i256
    llvm.store %37, %35 : !llvm.ptr, !llvm.ptr
    %39 = llvm.mlir.addressof @dora_global_stack_ptr : !llvm.ptr
    %40 = llvm.load %39 : !llvm.ptr -> !llvm.ptr
    %41 = llvm.getelementptr %40[-1] : (!llvm.ptr) -> !llvm.ptr, i256
    %42 = llvm.load %41 : !llvm.ptr -> i256
    llvm.store %41, %39 : !llvm.ptr, !llvm.ptr
    %43 = arith.addi %38, %42 : i256
    %44 = llvm.mlir.addressof @dora_global_stack_ptr : !llvm.ptr
    %45 = llvm.load %44 : !llvm.ptr -> !llvm.ptr
    llvm.store %43, %45 : i256, !llvm.ptr
    %46 = llvm.getelementptr %45[1] : (!llvm.ptr) -> !llvm.ptr, i256
    llvm.store %46, %44 : !llvm.ptr, !llvm.ptr
    cf.br ^bb15
  ^bb12:  // pred: ^bb14
    %47 = llvm.mlir.addressof @dora_global_stack_length : !llvm.ptr
    %c1024_i64_7 = arith.constant 1024 : i64
    %48 = llvm.load %47 : !llvm.ptr -> i64
    %c-1_i64 = arith.constant -1 : i64
    %49 = arith.addi %48, %c-1_i64 : i64
    llvm.store %49, %47 : i64, !llvm.ptr
    %c2_i64 = arith.constant 2 : i64
    %50 = arith.cmpi ult, %48, %c2_i64 : i64
    %c91_i8 = arith.constant 91 : i8
    cf.cond_br %50, ^bb1(%c91_i8 : i8), ^bb11
  ^bb13:  // pred: ^bb7
    %51 = llvm.mlir.addressof @dora_global_gas_counter : !llvm.ptr
    %52 = llvm.load %51 : !llvm.ptr -> i64
    %c3_i64_8 = arith.constant 3 : i64
    call @dora_fn_nop() : () -> ()
    %53 = arith.cmpi uge, %52, %c3_i64_8 : i64
    %c80_i8_9 = arith.constant 80 : i8
    cf.cond_br %53, ^bb14, ^bb1(%c80_i8_9 : i8)
  ^bb14:  // pred: ^bb13
    %54 = arith.subi %52, %c3_i64_8 : i64
    llvm.store %54, %51 : i64, !llvm.ptr
    cf.br ^bb12
  ^bb15:  // pred: ^bb11
    %c0_i64_10 = arith.constant 0 : i64
    %c1_i8 = arith.constant 1 : i8
    %55 = llvm.mlir.addressof @dora_global_gas_counter : !llvm.ptr
    %56 = llvm.load %55 : !llvm.ptr -> i64
    call @dora_fn_write_result(%arg0, %c0_i64_10, %c0_i64_10, %56, %c1_i8) : (!llvm.ptr, i64, i64, i64, i8) -> ()
    return %c1_i8 : i8
  }
}
