---
source: crates/dora-compiler/src/dora/tests/operations.rs
expression: op
---
module {
  func.func private @dora_fn_nop()
  func.func private @dora_fn_tracing(!llvm.ptr, i8, i64, !llvm.ptr, !llvm.ptr)
  func.func private @dora_fn_write_result(!llvm.ptr, i64, i64, i64, i8)
  func.func private @dora_fn_is_static(!llvm.ptr) -> i8
  func.func private @dora_fn_exp(!llvm.ptr, !llvm.ptr, !llvm.ptr)
  func.func private @dora_fn_keccak256_hasher(!llvm.ptr, i64, i64, !llvm.ptr)
  func.func private @dora_fn_calldata(!llvm.ptr) -> !llvm.ptr
  func.func private @dora_fn_calldata_size(!llvm.ptr) -> i64
  func.func private @dora_fn_calldata_copy(!llvm.ptr, i64, !llvm.ptr, i64)
  func.func private @dora_fn_data_load(!llvm.ptr, !llvm.ptr)
  func.func private @dora_fn_data_section(!llvm.ptr) -> !llvm.ptr
  func.func private @dora_fn_data_section_size(!llvm.ptr) -> i64
  func.func private @dora_fn_data_section_copy(!llvm.ptr, i64, !llvm.ptr, i64)
  func.func private @dora_fn_chainid(!llvm.ptr) -> i64
  func.func private @dora_fn_callvalue(!llvm.ptr, !llvm.ptr)
  func.func private @dora_fn_caller(!llvm.ptr, !llvm.ptr)
  func.func private @dora_fn_store_in_gasprice_ptr(!llvm.ptr, !llvm.ptr)
  func.func private @dora_fn_store_in_selfbalance_ptr(!llvm.ptr, !llvm.ptr) -> !llvm.ptr
  func.func private @dora_fn_store_in_blobbasefee_ptr(!llvm.ptr, !llvm.ptr)
  func.func private @dora_fn_store_in_gaslimit_ptr(!llvm.ptr, !llvm.ptr)
  func.func private @dora_fn_extend_memory(!llvm.ptr, i64) -> !llvm.ptr
  func.func private @dora_fn_memory_ptr(!llvm.ptr) -> !llvm.ptr
  func.func private @dora_fn_memory_size(!llvm.ptr) -> i64
  func.func private @dora_fn_code_copy(!llvm.ptr, i64, !llvm.ptr, i64)
  func.func private @dora_fn_sload(!llvm.ptr, !llvm.ptr, !llvm.ptr) -> !llvm.ptr
  func.func private @dora_fn_sstore(!llvm.ptr, !llvm.ptr, !llvm.ptr, i64) -> !llvm.ptr
  func.func private @dora_fn_append_log(!llvm.ptr, i64, i64)
  func.func private @dora_fn_append_log_with_one_topic(!llvm.ptr, i64, i64, !llvm.ptr)
  func.func private @dora_fn_append_log_with_two_topics(!llvm.ptr, i64, i64, !llvm.ptr, !llvm.ptr)
  func.func private @dora_fn_append_log_with_three_topics(!llvm.ptr, i64, i64, !llvm.ptr, !llvm.ptr, !llvm.ptr)
  func.func private @dora_fn_append_log_with_four_topics(!llvm.ptr, i64, i64, !llvm.ptr, !llvm.ptr, !llvm.ptr, !llvm.ptr)
  func.func private @dora_fn_origin(!llvm.ptr, !llvm.ptr)
  func.func private @dora_fn_coinbase(!llvm.ptr) -> !llvm.ptr
  func.func private @dora_fn_block_number(!llvm.ptr, !llvm.ptr)
  func.func private @dora_fn_extcodesize(!llvm.ptr, !llvm.ptr) -> !llvm.ptr
  func.func private @dora_fn_address(!llvm.ptr) -> !llvm.ptr
  func.func private @dora_fn_prevrando(!llvm.ptr, !llvm.ptr)
  func.func private @dora_fn_store_in_timestamp_ptr(!llvm.ptr, !llvm.ptr)
  func.func private @dora_fn_store_in_basefee_ptr(!llvm.ptr, !llvm.ptr)
  func.func private @dora_fn_store_in_balance(!llvm.ptr, !llvm.ptr) -> !llvm.ptr
  func.func private @dora_fn_ext_code_copy(!llvm.ptr, !llvm.ptr, !llvm.ptr, i64, i64) -> !llvm.ptr
  func.func private @dora_fn_blob_hash(!llvm.ptr, !llvm.ptr)
  func.func private @dora_fn_block_hash(!llvm.ptr, !llvm.ptr) -> !llvm.ptr
  func.func private @dora_fn_ext_code_hash(!llvm.ptr, !llvm.ptr) -> !llvm.ptr
  func.func private @dora_fn_eofcreate(!llvm.ptr, i8, i64, i64, !llvm.ptr, i64, !llvm.ptr) -> !llvm.ptr
  func.func private @dora_fn_returncontract(!llvm.ptr, i8, i64, i64, i64, i64, i8) -> !llvm.ptr
  func.func private @dora_fn_call(!llvm.ptr, !llvm.ptr, !llvm.ptr, !llvm.ptr, i64, i64, i64, i64, i64, i8) -> !llvm.ptr
  func.func private @dora_fn_create(!llvm.ptr, i64, i64, !llvm.ptr, i64) -> !llvm.ptr
  func.func private @dora_fn_create2(!llvm.ptr, i64, i64, !llvm.ptr, i64, !llvm.ptr) -> !llvm.ptr
  func.func private @dora_fn_extcall(!llvm.ptr, !llvm.ptr, !llvm.ptr, i64, i64, i64, i8) -> !llvm.ptr
  func.func private @dora_fn_returndata(!llvm.ptr) -> !llvm.ptr
  func.func private @dora_fn_returndata_size(!llvm.ptr) -> i64
  func.func private @dora_fn_returndata_copy(!llvm.ptr, i64, !llvm.ptr, i64) -> !llvm.ptr
  func.func private @dora_fn_selfdestruct(!llvm.ptr, !llvm.ptr) -> !llvm.ptr
  func.func private @dora_fn_tload(!llvm.ptr, !llvm.ptr, !llvm.ptr)
  func.func private @dora_fn_tstore(!llvm.ptr, !llvm.ptr, !llvm.ptr)
  func.func private @dora_fn_func_stack_push(!llvm.ptr, i64, i64) -> i8
  func.func private @dora_fn_func_stack_pop(!llvm.ptr) -> i64
  func.func private @dora_fn_func_stack_grow(!llvm.ptr)
  func.func private @op160(%arg0: !llvm.ptr, %arg1: !llvm.ptr, %arg2: !llvm.ptr, %arg3: !llvm.ptr, %arg4: !llvm.ptr) -> i8 {
    cf.br ^bb3
  ^bb1(%0: i8):  // 11 preds: ^bb3, ^bb4, ^bb6, ^bb7, ^bb8, ^bb9, ^bb13, ^bb14, ^bb15, ^bb18, ^bb19
    %c0_i64 = arith.constant 0 : i64
    %1 = llvm.load %arg1 : !llvm.ptr -> i64
    call @dora_fn_write_result(%arg0, %c0_i64, %c0_i64, %1, %0) : (!llvm.ptr, i64, i64, i64, i8) -> ()
    return %0 : i8
  ^bb2(%2: i8):  // no predecessors
    return %2 : i8
  ^bb3:  // pred: ^bb0
    %3 = llvm.load %arg1 : !llvm.ptr -> i64
    %c375_i64 = arith.constant 375 : i64
    call @dora_fn_nop() : () -> ()
    %4 = arith.cmpi uge, %3, %c375_i64 : i64
    %c80_i8 = arith.constant 80 : i8
    cf.cond_br %4, ^bb5, ^bb1(%c80_i8 : i8)
  ^bb4:  // pred: ^bb5
    %c1024_i64 = arith.constant 1024 : i64
    %5 = llvm.load %arg3 : !llvm.ptr -> i64
    %c-2_i64 = arith.constant -2 : i64
    %6 = arith.addi %5, %c-2_i64 : i64
    llvm.store %6, %arg3 : i64, !llvm.ptr
    %c2_i64 = arith.constant 2 : i64
    %7 = arith.cmpi ult, %5, %c2_i64 : i64
    %c91_i8 = arith.constant 91 : i8
    cf.cond_br %7, ^bb1(%c91_i8 : i8), ^bb6
  ^bb5:  // pred: ^bb3
    %8 = arith.subi %3, %c375_i64 : i64
    llvm.store %8, %arg1 : i64, !llvm.ptr
    cf.br ^bb4
  ^bb6:  // pred: ^bb4
    %9 = llvm.load %arg4 : !llvm.ptr -> !llvm.ptr
    %10 = llvm.getelementptr %9[-1] : (!llvm.ptr) -> !llvm.ptr, i256
    %11 = llvm.load %10 : !llvm.ptr -> i256
    llvm.store %10, %arg4 : !llvm.ptr, !llvm.ptr
    %12 = llvm.load %arg4 : !llvm.ptr -> !llvm.ptr
    %13 = llvm.getelementptr %12[-1] : (!llvm.ptr) -> !llvm.ptr, i256
    %14 = llvm.load %13 : !llvm.ptr -> i256
    llvm.store %13, %arg4 : !llvm.ptr, !llvm.ptr
    %15 = call @dora_fn_is_static(%arg0) : (!llvm.ptr) -> i8
    %c0_i8 = arith.constant 0 : i8
    %16 = arith.cmpi ne, %15, %c0_i8 : i8
    %c87_i8 = arith.constant 87 : i8
    cf.cond_br %16, ^bb1(%c87_i8 : i8), ^bb7
  ^bb7:  // pred: ^bb6
    %c18446744073709551615_i256 = arith.constant 18446744073709551615 : i256
    %17 = arith.cmpi ugt, %14, %c18446744073709551615_i256 : i256
    %c84_i8 = arith.constant 84 : i8
    cf.cond_br %17, ^bb1(%c84_i8 : i8), ^bb8
  ^bb8:  // pred: ^bb7
    %18 = arith.trunci %14 : i256 to i64
    %c0_i64_0 = arith.constant 0 : i64
    %19 = arith.cmpi slt, %18, %c0_i64_0 : i64
    %c84_i8_1 = arith.constant 84 : i8
    cf.cond_br %19, ^bb1(%c84_i8_1 : i8), ^bb9
  ^bb9:  // pred: ^bb8
    %c8_i64 = arith.constant 8 : i64
    %20 = arith.muli %18, %c8_i64 : i64
    %21 = llvm.load %arg1 : !llvm.ptr -> i64
    %22 = arith.cmpi ult, %21, %20 : i64
    scf.if %22 {
    } else {
      %53 = arith.subi %21, %20 : i64
      llvm.store %53, %arg1 : i64, !llvm.ptr
    }
    %c80_i8_2 = arith.constant 80 : i8
    cf.cond_br %22, ^bb1(%c80_i8_2 : i8), ^bb10
  ^bb10:  // pred: ^bb9
    %c0_i64_3 = arith.constant 0 : i64
    %23 = arith.cmpi ne, %18, %c0_i64_3 : i64
    cf.cond_br %23, ^bb13, ^bb11
  ^bb11:  // 2 preds: ^bb10, ^bb17
    %24 = arith.trunci %11 : i256 to i64
    call @dora_fn_append_log(%arg0, %24, %18) : (!llvm.ptr, i64, i64) -> ()
    cf.br ^bb12
  ^bb12:  // pred: ^bb11
    %c0_i8_4 = arith.constant 0 : i8
    return %c0_i8_4 : i8
  ^bb13:  // pred: ^bb10
    %c18446744073709551615_i256_5 = arith.constant 18446744073709551615 : i256
    %25 = arith.cmpi ugt, %11, %c18446744073709551615_i256_5 : i256
    %c84_i8_6 = arith.constant 84 : i8
    cf.cond_br %25, ^bb1(%c84_i8_6 : i8), ^bb14
  ^bb14:  // pred: ^bb13
    %26 = arith.trunci %11 : i256 to i64
    %c0_i64_7 = arith.constant 0 : i64
    %27 = arith.cmpi slt, %26, %c0_i64_7 : i64
    %c84_i8_8 = arith.constant 84 : i8
    cf.cond_br %27, ^bb1(%c84_i8_8 : i8), ^bb15
  ^bb15:  // pred: ^bb14
    %28 = arith.addi %26, %18 : i64
    %c0_i64_9 = arith.constant 0 : i64
    %29 = arith.cmpi slt, %28, %c0_i64_9 : i64
    %c84_i8_10 = arith.constant 84 : i8
    cf.cond_br %29, ^bb1(%c84_i8_10 : i8), ^bb16
  ^bb16:  // pred: ^bb15
    %c31_i64 = arith.constant 31 : i64
    %c32_i64 = arith.constant 32 : i64
    %30 = arith.addi %28, %c31_i64 : i64
    %31 = arith.divui %30, %c32_i64 : i64
    %c32_i64_11 = arith.constant 32 : i64
    %32 = arith.muli %31, %c32_i64_11 : i64
    %33 = call @dora_fn_memory_size(%arg0) : (!llvm.ptr) -> i64
    %c31_i64_12 = arith.constant 31 : i64
    %c32_i64_13 = arith.constant 32 : i64
    %34 = arith.addi %33, %c31_i64_12 : i64
    %35 = arith.divui %34, %c32_i64_13 : i64
    %36 = arith.muli %35, %c32_i64_11 : i64
    %37 = arith.cmpi ult, %36, %32 : i64
    cf.cond_br %37, ^bb18, ^bb17
  ^bb17:  // 2 preds: ^bb16, ^bb20
    cf.br ^bb11
  ^bb18:  // pred: ^bb16
    %c3_i64 = arith.constant 3 : i64
    %c512_i64 = arith.constant 512 : i64
    %38 = arith.muli %35, %35 : i64
    %39 = arith.divui %38, %c512_i64 : i64
    %40 = arith.muli %35, %c3_i64 : i64
    %41 = arith.addi %39, %40 : i64
    %c3_i64_14 = arith.constant 3 : i64
    %c512_i64_15 = arith.constant 512 : i64
    %42 = arith.muli %31, %31 : i64
    %43 = arith.divui %42, %c512_i64_15 : i64
    %44 = arith.muli %31, %c3_i64_14 : i64
    %45 = arith.addi %43, %44 : i64
    %46 = arith.subi %45, %41 : i64
    %47 = llvm.load %arg1 : !llvm.ptr -> i64
    %48 = arith.cmpi ult, %47, %46 : i64
    scf.if %48 {
    } else {
      %53 = arith.subi %47, %46 : i64
      llvm.store %53, %arg1 : i64, !llvm.ptr
    }
    %c80_i8_16 = arith.constant 80 : i8
    cf.cond_br %48, ^bb1(%c80_i8_16 : i8), ^bb19
  ^bb19:  // pred: ^bb18
    %49 = call @dora_fn_extend_memory(%arg0, %32) : (!llvm.ptr, i64) -> !llvm.ptr
    %50 = llvm.getelementptr %49[0] : (!llvm.ptr) -> !llvm.ptr, i8
    %51 = llvm.load %50 : !llvm.ptr -> i8
    %c0_i8_17 = arith.constant 0 : i8
    %52 = arith.cmpi ne, %51, %c0_i8_17 : i8
    cf.cond_br %52, ^bb1(%51 : i8), ^bb20
  ^bb20:  // pred: ^bb19
    cf.br ^bb17
  }
  func.func public @call(%arg0: !llvm.ptr, %arg1: !llvm.ptr, %arg2: !llvm.ptr, %arg3: !llvm.ptr) -> i8 attributes {llvm.emit_c_interface} {
    %c0_i64 = arith.constant 0 : i64
    %0 = llvm.alloca %c0_i64 x !llvm.ptr : (i64) -> !llvm.ptr
    llvm.store %arg2, %0 : !llvm.ptr, !llvm.ptr
    %c0_i8 = arith.constant 0 : i8
    %c0_i8_0 = arith.constant 0 : i8
    %1 = arith.cmpi ne, %c0_i8, %c0_i8_0 : i8
    cf.cond_br %1, ^bb1(%c0_i8 : i8), ^bb4
  ^bb1(%2: i8):  // 7 preds: ^bb0, ^bb2, ^bb4, ^bb5, ^bb7, ^bb9, ^bb10
    %c0_i64_1 = arith.constant 0 : i64
    %3 = llvm.load %arg1 : !llvm.ptr -> i64
    call @dora_fn_write_result(%arg0, %c0_i64_1, %c0_i64_1, %3, %2) : (!llvm.ptr, i64, i64, i64, i8) -> ()
    return %2 : i8
  ^bb2(%4: i256):  // no predecessors
    %c89_i8 = arith.constant 89 : i8
    cf.switch %4 : i256, [
      default: ^bb1(%c89_i8 : i8)
    ]
  ^bb3(%5: i8):  // 2 preds: ^bb6, ^bb12
    return %5 : i8
  ^bb4:  // pred: ^bb0
    %6 = llvm.load %arg1 : !llvm.ptr -> i64
    %c3_i64 = arith.constant 3 : i64
    call @dora_fn_nop() : () -> ()
    %7 = arith.cmpi uge, %6, %c3_i64 : i64
    %c80_i8 = arith.constant 80 : i8
    cf.cond_br %7, ^bb8, ^bb1(%c80_i8 : i8)
  ^bb5:  // pred: ^bb9
    %8 = llvm.load %arg1 : !llvm.ptr -> i64
    %c3_i64_2 = arith.constant 3 : i64
    call @dora_fn_nop() : () -> ()
    %9 = arith.cmpi uge, %8, %c3_i64_2 : i64
    %c80_i8_3 = arith.constant 80 : i8
    cf.cond_br %9, ^bb11, ^bb1(%c80_i8_3 : i8)
  ^bb6:  // pred: ^bb12
    %10 = call @op160(%arg0, %arg1, %arg2, %arg3, %0) : (!llvm.ptr, !llvm.ptr, !llvm.ptr, !llvm.ptr, !llvm.ptr) -> i8
    %11 = arith.cmpi ne, %10, %c0_i8_0 : i8
    cf.cond_br %11, ^bb3(%10 : i8), ^bb13
  ^bb7:  // pred: ^bb8
    %c1024_i64 = arith.constant 1024 : i64
    %12 = llvm.load %arg3 : !llvm.ptr -> i64
    %c1_i64 = arith.constant 1 : i64
    %13 = arith.addi %12, %c1_i64 : i64
    llvm.store %13, %arg3 : i64, !llvm.ptr
    %14 = arith.cmpi ult, %c1024_i64, %13 : i64
    %c92_i8 = arith.constant 92 : i8
    cf.cond_br %14, ^bb1(%c92_i8 : i8), ^bb9
  ^bb8:  // pred: ^bb4
    %15 = arith.subi %6, %c3_i64 : i64
    llvm.store %15, %arg1 : i64, !llvm.ptr
    cf.br ^bb7
  ^bb9:  // pred: ^bb7
    %c64_i256 = arith.constant 64 : i256
    %16 = llvm.load %0 : !llvm.ptr -> !llvm.ptr
    llvm.store %c64_i256, %16 : i256, !llvm.ptr
    %17 = llvm.getelementptr %16[1] : (!llvm.ptr) -> !llvm.ptr, i256
    llvm.store %17, %0 : !llvm.ptr, !llvm.ptr
    %c0_i8_4 = arith.constant 0 : i8
    %18 = arith.cmpi ne, %c0_i8_4, %c0_i8_0 : i8
    cf.cond_br %18, ^bb1(%c0_i8_4 : i8), ^bb5
  ^bb10:  // pred: ^bb11
    %c1024_i64_5 = arith.constant 1024 : i64
    %19 = llvm.load %arg3 : !llvm.ptr -> i64
    %c1_i64_6 = arith.constant 1 : i64
    %20 = arith.addi %19, %c1_i64_6 : i64
    llvm.store %20, %arg3 : i64, !llvm.ptr
    %21 = arith.cmpi ult, %c1024_i64_5, %20 : i64
    %c92_i8_7 = arith.constant 92 : i8
    cf.cond_br %21, ^bb1(%c92_i8_7 : i8), ^bb12
  ^bb11:  // pred: ^bb5
    %22 = arith.subi %8, %c3_i64_2 : i64
    llvm.store %22, %arg1 : i64, !llvm.ptr
    cf.br ^bb10
  ^bb12:  // pred: ^bb10
    %c32_i256 = arith.constant 32 : i256
    %23 = llvm.load %0 : !llvm.ptr -> !llvm.ptr
    llvm.store %c32_i256, %23 : i256, !llvm.ptr
    %24 = llvm.getelementptr %23[1] : (!llvm.ptr) -> !llvm.ptr, i256
    llvm.store %24, %0 : !llvm.ptr, !llvm.ptr
    %c0_i8_8 = arith.constant 0 : i8
    %25 = arith.cmpi ne, %c0_i8_8, %c0_i8_0 : i8
    cf.cond_br %25, ^bb3(%c0_i8_8 : i8), ^bb6
  ^bb13:  // pred: ^bb6
    %c0_i64_9 = arith.constant 0 : i64
    %c2_i8 = arith.constant 2 : i8
    %26 = llvm.load %arg1 : !llvm.ptr -> i64
    call @dora_fn_write_result(%arg0, %c0_i64_9, %c0_i64_9, %26, %c2_i8) : (!llvm.ptr, i64, i64, i64, i8) -> ()
    return %c2_i8 : i8
  }
}
