---
source: crates/dora-compiler/src/dora/tests/operations.rs
expression: op
snapshot_kind: text
---
module {
  llvm.mlir.global internal @dora_global_stack_ptr() {addr_space = 0 : i32} : !llvm.ptr
  llvm.mlir.global internal @dora_global_stack_length() {addr_space = 0 : i32} : i64
  llvm.mlir.global internal @dora_global_memory_ptr() {addr_space = 0 : i32} : !llvm.ptr
  llvm.mlir.global internal @dora_global_memory_size() {addr_space = 0 : i32} : i64
  llvm.mlir.global internal @dora_global_calldata_ptr() {addr_space = 0 : i32} : !llvm.ptr
  llvm.mlir.global internal @dora_global_calldata_size() {addr_space = 0 : i32} : i64
  llvm.mlir.global internal @dora_global_gas_counter() {addr_space = 0 : i32} : i64
  llvm.mlir.global external @dora_global_ctx_is_static() {addr_space = 0 : i32} : !llvm.ptr
  func.func private @dora_fn_tracing(!llvm.ptr, i8, i64)
  func.func private @dora_fn_write_result(!llvm.ptr, i64, i64, i64, i8)
  func.func private @dora_fn_keccak256_hasher(!llvm.ptr, i64, i64, !llvm.ptr)
  func.func private @dora_fn_calldata(!llvm.ptr) -> !llvm.ptr
  func.func private @dora_fn_calldata_size(!llvm.ptr) -> i64
  func.func private @dora_fn_chainid(!llvm.ptr) -> i64
  func.func private @dora_fn_callvalue(!llvm.ptr, !llvm.ptr)
  func.func private @dora_fn_caller(!llvm.ptr, !llvm.ptr)
  func.func private @dora_fn_store_in_gasprice_ptr(!llvm.ptr, !llvm.ptr)
  func.func private @dora_fn_store_in_selfbalance_ptr(!llvm.ptr, !llvm.ptr) -> !llvm.ptr
  func.func private @dora_fn_store_in_blobbasefee_ptr(!llvm.ptr, !llvm.ptr)
  func.func private @dora_fn_gaslimit(!llvm.ptr) -> i64
  func.func private @dora_fn_extend_memory(!llvm.ptr, i64) -> !llvm.ptr
  func.func private @dora_fn_code_copy(!llvm.ptr, i64, i64, i64)
  func.func private @dora_fn_sload(!llvm.ptr, !llvm.ptr, !llvm.ptr) -> !llvm.ptr
  func.func private @dora_fn_sstore(!llvm.ptr, !llvm.ptr, !llvm.ptr, i64) -> !llvm.ptr
  func.func private @dora_fn_append_log(!llvm.ptr, i64, i64)
  func.func private @dora_fn_append_log_with_one_topic(!llvm.ptr, i64, i64, !llvm.ptr)
  func.func private @dora_fn_append_log_with_two_topics(!llvm.ptr, i64, i64, !llvm.ptr, !llvm.ptr)
  func.func private @dora_fn_append_log_with_three_topics(!llvm.ptr, i64, i64, !llvm.ptr, !llvm.ptr, !llvm.ptr)
  func.func private @dora_fn_append_log_with_four_topics(!llvm.ptr, i64, i64, !llvm.ptr, !llvm.ptr, !llvm.ptr, !llvm.ptr)
  func.func private @dora_fn_origin(!llvm.ptr, !llvm.ptr)
  func.func private @dora_fn_coinbase(!llvm.ptr) -> !llvm.ptr
  func.func private @dora_fn_block_number(!llvm.ptr, !llvm.ptr)
  func.func private @dora_fn_extcodesize(!llvm.ptr, !llvm.ptr) -> !llvm.ptr
  func.func private @dora_fn_address(!llvm.ptr) -> !llvm.ptr
  func.func private @dora_fn_prevrando(!llvm.ptr, !llvm.ptr)
  func.func private @dora_fn_store_in_timestamp_ptr(!llvm.ptr, !llvm.ptr)
  func.func private @dora_fn_store_in_basefee_ptr(!llvm.ptr, !llvm.ptr)
  func.func private @dora_fn_call(!llvm.ptr, i64, !llvm.ptr, !llvm.ptr, i64, i64, i64, i64, i64, i8) -> !llvm.ptr
  func.func private @dora_fn_store_in_balance(!llvm.ptr, !llvm.ptr) -> !llvm.ptr
  func.func private @dora_fn_ext_code_copy(!llvm.ptr, !llvm.ptr, i64, i64, i64) -> !llvm.ptr
  func.func private @dora_fn_blob_hash(!llvm.ptr, !llvm.ptr)
  func.func private @dora_fn_block_hash(!llvm.ptr, !llvm.ptr) -> !llvm.ptr
  func.func private @dora_fn_ext_code_hash(!llvm.ptr, !llvm.ptr) -> !llvm.ptr
  func.func private @dora_fn_create(!llvm.ptr, i64, i64, !llvm.ptr, i64) -> !llvm.ptr
  func.func private @dora_fn_create2(!llvm.ptr, i64, i64, !llvm.ptr, i64, !llvm.ptr) -> !llvm.ptr
  func.func private @dora_fn_returndata_size(!llvm.ptr) -> i64
  func.func private @dora_fn_returndata_copy(!llvm.ptr, i64, i64, i64) -> !llvm.ptr
  func.func private @dora_fn_selfdestruct(!llvm.ptr, !llvm.ptr) -> !llvm.ptr
  func.func private @dora_fn_tload(!llvm.ptr, !llvm.ptr, !llvm.ptr)
  func.func private @dora_fn_tstore(!llvm.ptr, !llvm.ptr, !llvm.ptr)
  func.func public @main(%arg0: !llvm.ptr, %arg1: i64) -> i8 attributes {llvm.emit_c_interface} {
    %c1024_i256 = arith.constant 1024 : i256
    %0 = llvm.alloca %c1024_i256 x i256 : (i256) -> !llvm.ptr
    %1 = llvm.mlir.addressof @dora_global_stack_ptr : !llvm.ptr
    llvm.store %0, %1 : !llvm.ptr, !llvm.ptr
    %c0_i64 = arith.constant 0 : i64
    %2 = llvm.mlir.addressof @dora_global_stack_length : !llvm.ptr
    llvm.store %c0_i64, %2 : i64, !llvm.ptr
    %c0_i64_0 = arith.constant 0 : i64
    %3 = llvm.mlir.addressof @dora_global_memory_size : !llvm.ptr
    llvm.store %c0_i64_0, %3 : i64, !llvm.ptr
    %4 = call @dora_fn_calldata(%arg0) : (!llvm.ptr) -> !llvm.ptr
    %5 = llvm.mlir.addressof @dora_global_calldata_ptr : !llvm.ptr
    llvm.store %4, %5 : !llvm.ptr, !llvm.ptr
    %6 = call @dora_fn_calldata_size(%arg0) : (!llvm.ptr) -> i64
    %7 = llvm.mlir.addressof @dora_global_calldata_size : !llvm.ptr
    llvm.store %6, %7 : i64, !llvm.ptr
    %8 = llvm.mlir.addressof @dora_global_gas_counter : !llvm.ptr
    llvm.store %arg1, %8 : i64, !llvm.ptr
    cf.br ^bb5
  ^bb1(%9: i8):  // 22 preds: ^bb2, ^bb4, ^bb5, ^bb8, ^bb9, ^bb12, ^bb13, ^bb16, ^bb17, ^bb20, ^bb21, ^bb24, ^bb25, ^bb27, ^bb28, ^bb29, ^bb30, ^bb33, ^bb34, ^bb37, ^bb40, ^bb41
    %c0_i64_1 = arith.constant 0 : i64
    %10 = llvm.mlir.addressof @dora_global_gas_counter : !llvm.ptr
    %11 = llvm.load %10 : !llvm.ptr -> i64
    call @dora_fn_write_result(%arg0, %c0_i64_1, %c0_i64_1, %11, %9) : (!llvm.ptr, i64, i64, i64, i8) -> ()
    return %9 : i8
  ^bb2(%12: i256):  // no predecessors
    %c89_i8 = arith.constant 89 : i8
    cf.switch %12 : i256, [
      default: ^bb1(%c89_i8 : i8)
    ]
  ^bb3:  // pred: ^bb4
    %c32_i256 = arith.constant 32 : i256
    %13 = llvm.mlir.addressof @dora_global_stack_ptr : !llvm.ptr
    %14 = llvm.load %13 : !llvm.ptr -> !llvm.ptr
    llvm.store %c32_i256, %14 : i256, !llvm.ptr
    %15 = llvm.getelementptr %14[1] : (!llvm.ptr) -> !llvm.ptr, i256
    llvm.store %15, %13 : !llvm.ptr, !llvm.ptr
    cf.br ^bb9
  ^bb4:  // pred: ^bb6
    %16 = llvm.mlir.addressof @dora_global_stack_length : !llvm.ptr
    %c1024_i64 = arith.constant 1024 : i64
    %17 = llvm.load %16 : !llvm.ptr -> i64
    %c1_i64 = arith.constant 1 : i64
    %18 = arith.addi %17, %c1_i64 : i64
    llvm.store %18, %16 : i64, !llvm.ptr
    %19 = arith.cmpi ult, %c1024_i64, %18 : i64
    %c92_i8 = arith.constant 92 : i8
    cf.cond_br %19, ^bb1(%c92_i8 : i8), ^bb3
  ^bb5:  // pred: ^bb0
    %20 = llvm.mlir.addressof @dora_global_gas_counter : !llvm.ptr
    %21 = llvm.load %20 : !llvm.ptr -> i64
    %c3_i64 = arith.constant 3 : i64
    %22 = arith.cmpi uge, %21, %c3_i64 : i64
    %c80_i8 = arith.constant 80 : i8
    cf.cond_br %22, ^bb6, ^bb1(%c80_i8 : i8)
  ^bb6:  // pred: ^bb5
    %23 = arith.subi %21, %c3_i64 : i64
    llvm.store %23, %20 : i64, !llvm.ptr
    cf.br ^bb4
  ^bb7:  // pred: ^bb8
    %c10_i256 = arith.constant 10 : i256
    %24 = llvm.mlir.addressof @dora_global_stack_ptr : !llvm.ptr
    %25 = llvm.load %24 : !llvm.ptr -> !llvm.ptr
    llvm.store %c10_i256, %25 : i256, !llvm.ptr
    %26 = llvm.getelementptr %25[1] : (!llvm.ptr) -> !llvm.ptr, i256
    llvm.store %26, %24 : !llvm.ptr, !llvm.ptr
    cf.br ^bb13
  ^bb8:  // pred: ^bb10
    %27 = llvm.mlir.addressof @dora_global_stack_length : !llvm.ptr
    %c1024_i64_2 = arith.constant 1024 : i64
    %28 = llvm.load %27 : !llvm.ptr -> i64
    %c1_i64_3 = arith.constant 1 : i64
    %29 = arith.addi %28, %c1_i64_3 : i64
    llvm.store %29, %27 : i64, !llvm.ptr
    %30 = arith.cmpi ult, %c1024_i64_2, %29 : i64
    %c92_i8_4 = arith.constant 92 : i8
    cf.cond_br %30, ^bb1(%c92_i8_4 : i8), ^bb7
  ^bb9:  // pred: ^bb3
    %31 = llvm.mlir.addressof @dora_global_gas_counter : !llvm.ptr
    %32 = llvm.load %31 : !llvm.ptr -> i64
    %c3_i64_5 = arith.constant 3 : i64
    %33 = arith.cmpi uge, %32, %c3_i64_5 : i64
    %c80_i8_6 = arith.constant 80 : i8
    cf.cond_br %33, ^bb10, ^bb1(%c80_i8_6 : i8)
  ^bb10:  // pred: ^bb9
    %34 = arith.subi %32, %c3_i64_5 : i64
    llvm.store %34, %31 : i64, !llvm.ptr
    cf.br ^bb8
  ^bb11:  // pred: ^bb12
    %c1_i256 = arith.constant 1 : i256
    %35 = llvm.mlir.addressof @dora_global_stack_ptr : !llvm.ptr
    %36 = llvm.load %35 : !llvm.ptr -> !llvm.ptr
    llvm.store %c1_i256, %36 : i256, !llvm.ptr
    %37 = llvm.getelementptr %36[1] : (!llvm.ptr) -> !llvm.ptr, i256
    llvm.store %37, %35 : !llvm.ptr, !llvm.ptr
    cf.br ^bb17
  ^bb12:  // pred: ^bb14
    %38 = llvm.mlir.addressof @dora_global_stack_length : !llvm.ptr
    %c1024_i64_7 = arith.constant 1024 : i64
    %39 = llvm.load %38 : !llvm.ptr -> i64
    %c1_i64_8 = arith.constant 1 : i64
    %40 = arith.addi %39, %c1_i64_8 : i64
    llvm.store %40, %38 : i64, !llvm.ptr
    %41 = arith.cmpi ult, %c1024_i64_7, %40 : i64
    %c92_i8_9 = arith.constant 92 : i8
    cf.cond_br %41, ^bb1(%c92_i8_9 : i8), ^bb11
  ^bb13:  // pred: ^bb7
    %42 = llvm.mlir.addressof @dora_global_gas_counter : !llvm.ptr
    %43 = llvm.load %42 : !llvm.ptr -> i64
    %c3_i64_10 = arith.constant 3 : i64
    %44 = arith.cmpi uge, %43, %c3_i64_10 : i64
    %c80_i8_11 = arith.constant 80 : i8
    cf.cond_br %44, ^bb14, ^bb1(%c80_i8_11 : i8)
  ^bb14:  // pred: ^bb13
    %45 = arith.subi %43, %c3_i64_10 : i64
    llvm.store %45, %42 : i64, !llvm.ptr
    cf.br ^bb12
  ^bb15:  // pred: ^bb16
    %c2_i256 = arith.constant 2 : i256
    %46 = llvm.mlir.addressof @dora_global_stack_ptr : !llvm.ptr
    %47 = llvm.load %46 : !llvm.ptr -> !llvm.ptr
    llvm.store %c2_i256, %47 : i256, !llvm.ptr
    %48 = llvm.getelementptr %47[1] : (!llvm.ptr) -> !llvm.ptr, i256
    llvm.store %48, %46 : !llvm.ptr, !llvm.ptr
    cf.br ^bb21
  ^bb16:  // pred: ^bb18
    %49 = llvm.mlir.addressof @dora_global_stack_length : !llvm.ptr
    %c1024_i64_12 = arith.constant 1024 : i64
    %50 = llvm.load %49 : !llvm.ptr -> i64
    %c1_i64_13 = arith.constant 1 : i64
    %51 = arith.addi %50, %c1_i64_13 : i64
    llvm.store %51, %49 : i64, !llvm.ptr
    %52 = arith.cmpi ult, %c1024_i64_12, %51 : i64
    %c92_i8_14 = arith.constant 92 : i8
    cf.cond_br %52, ^bb1(%c92_i8_14 : i8), ^bb15
  ^bb17:  // pred: ^bb11
    %53 = llvm.mlir.addressof @dora_global_gas_counter : !llvm.ptr
    %54 = llvm.load %53 : !llvm.ptr -> i64
    %c3_i64_15 = arith.constant 3 : i64
    %55 = arith.cmpi uge, %54, %c3_i64_15 : i64
    %c80_i8_16 = arith.constant 80 : i8
    cf.cond_br %55, ^bb18, ^bb1(%c80_i8_16 : i8)
  ^bb18:  // pred: ^bb17
    %56 = arith.subi %54, %c3_i64_15 : i64
    llvm.store %56, %53 : i64, !llvm.ptr
    cf.br ^bb16
  ^bb19:  // pred: ^bb20
    %c3_i256 = arith.constant 3 : i256
    %57 = llvm.mlir.addressof @dora_global_stack_ptr : !llvm.ptr
    %58 = llvm.load %57 : !llvm.ptr -> !llvm.ptr
    llvm.store %c3_i256, %58 : i256, !llvm.ptr
    %59 = llvm.getelementptr %58[1] : (!llvm.ptr) -> !llvm.ptr, i256
    llvm.store %59, %57 : !llvm.ptr, !llvm.ptr
    cf.br ^bb25
  ^bb20:  // pred: ^bb22
    %60 = llvm.mlir.addressof @dora_global_stack_length : !llvm.ptr
    %c1024_i64_17 = arith.constant 1024 : i64
    %61 = llvm.load %60 : !llvm.ptr -> i64
    %c1_i64_18 = arith.constant 1 : i64
    %62 = arith.addi %61, %c1_i64_18 : i64
    llvm.store %62, %60 : i64, !llvm.ptr
    %63 = arith.cmpi ult, %c1024_i64_17, %62 : i64
    %c92_i8_19 = arith.constant 92 : i8
    cf.cond_br %63, ^bb1(%c92_i8_19 : i8), ^bb19
  ^bb21:  // pred: ^bb15
    %64 = llvm.mlir.addressof @dora_global_gas_counter : !llvm.ptr
    %65 = llvm.load %64 : !llvm.ptr -> i64
    %c3_i64_20 = arith.constant 3 : i64
    %66 = arith.cmpi uge, %65, %c3_i64_20 : i64
    %c80_i8_21 = arith.constant 80 : i8
    cf.cond_br %66, ^bb22, ^bb1(%c80_i8_21 : i8)
  ^bb22:  // pred: ^bb21
    %67 = arith.subi %65, %c3_i64_20 : i64
    llvm.store %67, %64 : i64, !llvm.ptr
    cf.br ^bb20
  ^bb23:  // pred: ^bb24
    %c4_i256 = arith.constant 4 : i256
    %68 = llvm.mlir.addressof @dora_global_stack_ptr : !llvm.ptr
    %69 = llvm.load %68 : !llvm.ptr -> !llvm.ptr
    llvm.store %c4_i256, %69 : i256, !llvm.ptr
    %70 = llvm.getelementptr %69[1] : (!llvm.ptr) -> !llvm.ptr, i256
    llvm.store %70, %68 : !llvm.ptr, !llvm.ptr
    cf.br ^bb34
  ^bb24:  // pred: ^bb26
    %71 = llvm.mlir.addressof @dora_global_stack_length : !llvm.ptr
    %c1024_i64_22 = arith.constant 1024 : i64
    %72 = llvm.load %71 : !llvm.ptr -> i64
    %c1_i64_23 = arith.constant 1 : i64
    %73 = arith.addi %72, %c1_i64_23 : i64
    llvm.store %73, %71 : i64, !llvm.ptr
    %74 = arith.cmpi ult, %c1024_i64_22, %73 : i64
    %c92_i8_24 = arith.constant 92 : i8
    cf.cond_br %74, ^bb1(%c92_i8_24 : i8), ^bb23
  ^bb25:  // pred: ^bb19
    %75 = llvm.mlir.addressof @dora_global_gas_counter : !llvm.ptr
    %76 = llvm.load %75 : !llvm.ptr -> i64
    %c3_i64_25 = arith.constant 3 : i64
    %77 = arith.cmpi uge, %76, %c3_i64_25 : i64
    %c80_i8_26 = arith.constant 80 : i8
    cf.cond_br %77, ^bb26, ^bb1(%c80_i8_26 : i8)
  ^bb26:  // pred: ^bb25
    %78 = arith.subi %76, %c3_i64_25 : i64
    llvm.store %78, %75 : i64, !llvm.ptr
    cf.br ^bb24
  ^bb27:  // pred: ^bb33
    %79 = llvm.mlir.addressof @dora_global_stack_ptr : !llvm.ptr
    %80 = llvm.load %79 : !llvm.ptr -> !llvm.ptr
    %81 = llvm.getelementptr %80[-1] : (!llvm.ptr) -> !llvm.ptr, i256
    %82 = llvm.load %81 : !llvm.ptr -> i256
    llvm.store %81, %79 : !llvm.ptr, !llvm.ptr
    %83 = llvm.mlir.addressof @dora_global_stack_ptr : !llvm.ptr
    %84 = llvm.load %83 : !llvm.ptr -> !llvm.ptr
    %85 = llvm.getelementptr %84[-1] : (!llvm.ptr) -> !llvm.ptr, i256
    %86 = llvm.load %85 : !llvm.ptr -> i256
    llvm.store %85, %83 : !llvm.ptr, !llvm.ptr
    %87 = llvm.mlir.addressof @dora_global_stack_ptr : !llvm.ptr
    %88 = llvm.load %87 : !llvm.ptr -> !llvm.ptr
    %89 = llvm.getelementptr %88[-1] : (!llvm.ptr) -> !llvm.ptr, i256
    %90 = llvm.load %89 : !llvm.ptr -> i256
    llvm.store %89, %87 : !llvm.ptr, !llvm.ptr
    %91 = llvm.mlir.addressof @dora_global_stack_ptr : !llvm.ptr
    %92 = llvm.load %91 : !llvm.ptr -> !llvm.ptr
    %93 = llvm.getelementptr %92[-1] : (!llvm.ptr) -> !llvm.ptr, i256
    %94 = llvm.load %93 : !llvm.ptr -> i256
    llvm.store %93, %91 : !llvm.ptr, !llvm.ptr
    %95 = llvm.mlir.addressof @dora_global_stack_ptr : !llvm.ptr
    %96 = llvm.load %95 : !llvm.ptr -> !llvm.ptr
    %97 = llvm.getelementptr %96[-1] : (!llvm.ptr) -> !llvm.ptr, i256
    %98 = llvm.load %97 : !llvm.ptr -> i256
    llvm.store %97, %95 : !llvm.ptr, !llvm.ptr
    %99 = llvm.mlir.addressof @dora_global_stack_ptr : !llvm.ptr
    %100 = llvm.load %99 : !llvm.ptr -> !llvm.ptr
    %101 = llvm.getelementptr %100[-1] : (!llvm.ptr) -> !llvm.ptr, i256
    %102 = llvm.load %101 : !llvm.ptr -> i256
    llvm.store %101, %99 : !llvm.ptr, !llvm.ptr
    %103 = llvm.mlir.addressof @dora_global_ctx_is_static : !llvm.ptr
    %104 = llvm.load %103 : !llvm.ptr -> i1
    %c87_i8 = arith.constant 87 : i8
    cf.cond_br %104, ^bb1(%c87_i8 : i8), ^bb28
  ^bb28:  // pred: ^bb27
    %105 = arith.trunci %86 : i256 to i64
    %c0_i64_27 = arith.constant 0 : i64
    %106 = arith.cmpi slt, %105, %c0_i64_27 : i64
    %c84_i8 = arith.constant 84 : i8
    cf.cond_br %106, ^bb1(%c84_i8 : i8), ^bb29
  ^bb29:  // pred: ^bb28
    %c8_i64 = arith.constant 8 : i64
    %107 = arith.muli %105, %c8_i64 : i64
    %108 = llvm.mlir.addressof @dora_global_gas_counter : !llvm.ptr
    %109 = llvm.load %108 : !llvm.ptr -> i64
    %110 = arith.cmpi ult, %109, %107 : i64
    scf.if %110 {
    } else {
      %159 = arith.subi %109, %107 : i64
      llvm.store %159, %108 : i64, !llvm.ptr
    }
    %c80_i8_28 = arith.constant 80 : i8
    cf.cond_br %110, ^bb1(%c80_i8_28 : i8), ^bb30
  ^bb30:  // pred: ^bb29
    %111 = arith.trunci %82 : i256 to i64
    %c0_i64_29 = arith.constant 0 : i64
    %112 = arith.cmpi slt, %111, %c0_i64_29 : i64
    %c84_i8_30 = arith.constant 84 : i8
    cf.cond_br %112, ^bb1(%c84_i8_30 : i8), ^bb31
  ^bb31:  // pred: ^bb30
    %c0_i64_31 = arith.constant 0 : i64
    %113 = arith.cmpi ne, %105, %c0_i64_31 : i64
    cf.cond_br %113, ^bb37, ^bb32
  ^bb32:  // 2 preds: ^bb31, ^bb39
    %c1_i256_32 = arith.constant 1 : i256
    %114 = llvm.alloca %c1_i256_32 x i256 : (i256) -> !llvm.ptr
    llvm.store %90, %114 {alignment = 1 : i64} : i256, !llvm.ptr
    %c1_i256_33 = arith.constant 1 : i256
    %115 = llvm.alloca %c1_i256_33 x i256 : (i256) -> !llvm.ptr
    llvm.store %94, %115 {alignment = 1 : i64} : i256, !llvm.ptr
    %c1_i256_34 = arith.constant 1 : i256
    %116 = llvm.alloca %c1_i256_34 x i256 : (i256) -> !llvm.ptr
    llvm.store %98, %116 {alignment = 1 : i64} : i256, !llvm.ptr
    %c1_i256_35 = arith.constant 1 : i256
    %117 = llvm.alloca %c1_i256_35 x i256 : (i256) -> !llvm.ptr
    llvm.store %102, %117 {alignment = 1 : i64} : i256, !llvm.ptr
    call @dora_fn_append_log_with_four_topics(%arg0, %111, %105, %114, %115, %116, %117) : (!llvm.ptr, i64, i64, !llvm.ptr, !llvm.ptr, !llvm.ptr, !llvm.ptr) -> ()
    cf.br ^bb36
  ^bb33:  // pred: ^bb35
    %118 = llvm.mlir.addressof @dora_global_stack_length : !llvm.ptr
    %c1024_i64_36 = arith.constant 1024 : i64
    %119 = llvm.load %118 : !llvm.ptr -> i64
    %c-6_i64 = arith.constant -6 : i64
    %120 = arith.addi %119, %c-6_i64 : i64
    llvm.store %120, %118 : i64, !llvm.ptr
    %c6_i64 = arith.constant 6 : i64
    %121 = arith.cmpi ult, %119, %c6_i64 : i64
    %c91_i8 = arith.constant 91 : i8
    cf.cond_br %121, ^bb1(%c91_i8 : i8), ^bb27
  ^bb34:  // pred: ^bb23
    %122 = llvm.mlir.addressof @dora_global_gas_counter : !llvm.ptr
    %123 = llvm.load %122 : !llvm.ptr -> i64
    %c1875_i64 = arith.constant 1875 : i64
    %124 = arith.cmpi uge, %123, %c1875_i64 : i64
    %c80_i8_37 = arith.constant 80 : i8
    cf.cond_br %124, ^bb35, ^bb1(%c80_i8_37 : i8)
  ^bb35:  // pred: ^bb34
    %125 = arith.subi %123, %c1875_i64 : i64
    llvm.store %125, %122 : i64, !llvm.ptr
    cf.br ^bb33
  ^bb36:  // pred: ^bb32
    %c0_i64_38 = arith.constant 0 : i64
    %c1_i8 = arith.constant 1 : i8
    %126 = llvm.mlir.addressof @dora_global_gas_counter : !llvm.ptr
    %127 = llvm.load %126 : !llvm.ptr -> i64
    call @dora_fn_write_result(%arg0, %c0_i64_38, %c0_i64_38, %127, %c1_i8) : (!llvm.ptr, i64, i64, i64, i8) -> ()
    return %c1_i8 : i8
  ^bb37:  // pred: ^bb31
    %128 = arith.addi %111, %105 : i64
    %c0_i64_39 = arith.constant 0 : i64
    %129 = arith.cmpi slt, %128, %c0_i64_39 : i64
    %c84_i8_40 = arith.constant 84 : i8
    cf.cond_br %129, ^bb1(%c84_i8_40 : i8), ^bb38
  ^bb38:  // pred: ^bb37
    %c31_i64 = arith.constant 31 : i64
    %c32_i64 = arith.constant 32 : i64
    %130 = arith.addi %128, %c31_i64 : i64
    %131 = arith.divui %130, %c32_i64 : i64
    %c32_i64_41 = arith.constant 32 : i64
    %132 = arith.muli %131, %c32_i64_41 : i64
    %133 = llvm.mlir.addressof @dora_global_memory_size : !llvm.ptr
    %134 = llvm.load %133 : !llvm.ptr -> i64
    %c31_i64_42 = arith.constant 31 : i64
    %c32_i64_43 = arith.constant 32 : i64
    %135 = arith.addi %134, %c31_i64_42 : i64
    %136 = arith.divui %135, %c32_i64_43 : i64
    %137 = arith.muli %136, %c32_i64_41 : i64
    %138 = arith.cmpi ult, %137, %132 : i64
    cf.cond_br %138, ^bb40, ^bb39
  ^bb39:  // 2 preds: ^bb38, ^bb42
    cf.br ^bb32
  ^bb40:  // pred: ^bb38
    %c3_i64_44 = arith.constant 3 : i64
    %c512_i64 = arith.constant 512 : i64
    %139 = arith.muli %136, %136 : i64
    %140 = arith.divui %139, %c512_i64 : i64
    %141 = arith.muli %136, %c3_i64_44 : i64
    %142 = arith.addi %140, %141 : i64
    %c3_i64_45 = arith.constant 3 : i64
    %c512_i64_46 = arith.constant 512 : i64
    %143 = arith.muli %131, %131 : i64
    %144 = arith.divui %143, %c512_i64_46 : i64
    %145 = arith.muli %131, %c3_i64_45 : i64
    %146 = arith.addi %144, %145 : i64
    %147 = arith.subi %146, %142 : i64
    %148 = llvm.mlir.addressof @dora_global_gas_counter : !llvm.ptr
    %149 = llvm.load %148 : !llvm.ptr -> i64
    %150 = arith.cmpi ult, %149, %147 : i64
    scf.if %150 {
    } else {
      %159 = arith.subi %149, %147 : i64
      llvm.store %159, %148 : i64, !llvm.ptr
    }
    %c80_i8_47 = arith.constant 80 : i8
    cf.cond_br %150, ^bb1(%c80_i8_47 : i8), ^bb41
  ^bb41:  // pred: ^bb40
    %151 = call @dora_fn_extend_memory(%arg0, %132) : (!llvm.ptr, i64) -> !llvm.ptr
    %152 = llvm.getelementptr %151[16] : (!llvm.ptr) -> !llvm.ptr, i8
    %153 = llvm.load %152 : !llvm.ptr -> !llvm.ptr
    %154 = llvm.getelementptr %151[0] : (!llvm.ptr) -> !llvm.ptr, i8
    %155 = llvm.load %154 : !llvm.ptr -> i8
    %c0_i8 = arith.constant 0 : i8
    %156 = arith.cmpi ne, %155, %c0_i8 : i8
    cf.cond_br %156, ^bb1(%155 : i8), ^bb42
  ^bb42:  // pred: ^bb41
    %157 = llvm.mlir.addressof @dora_global_memory_ptr : !llvm.ptr
    llvm.store %153, %157 : !llvm.ptr, !llvm.ptr
    %158 = llvm.mlir.addressof @dora_global_memory_size : !llvm.ptr
    llvm.store %132, %158 : i64, !llvm.ptr
    cf.br ^bb39
  }
}
