---
source: crates/dora-compiler/src/dora/tests/operations.rs
expression: op
snapshot_kind: text
---
module {
  llvm.mlir.global internal @dora_global_memory_ptr() {addr_space = 0 : i32} : !llvm.ptr
  llvm.mlir.global internal @dora_global_memory_size() {addr_space = 0 : i32} : i64
  llvm.mlir.global internal @dora_global_gas_counter() {addr_space = 0 : i32} : i64
  func.func private @dora_fn_nop()
  func.func private @dora_fn_tracing(!llvm.ptr, i8, i64, !llvm.ptr, !llvm.ptr)
  func.func private @dora_fn_write_result(!llvm.ptr, i64, i64, i64, i8)
  func.func private @dora_fn_is_static(!llvm.ptr) -> i8
  func.func private @dora_fn_exp(!llvm.ptr, !llvm.ptr, !llvm.ptr)
  func.func private @dora_fn_keccak256_hasher(!llvm.ptr, i64, i64, !llvm.ptr)
  func.func private @dora_fn_calldata(!llvm.ptr) -> !llvm.ptr
  func.func private @dora_fn_calldata_copy(!llvm.ptr, i64, !llvm.ptr, i64)
  func.func private @dora_fn_calldata_size(!llvm.ptr) -> i64
  func.func private @dora_fn_chainid(!llvm.ptr) -> i64
  func.func private @dora_fn_callvalue(!llvm.ptr, !llvm.ptr)
  func.func private @dora_fn_caller(!llvm.ptr, !llvm.ptr)
  func.func private @dora_fn_store_in_gasprice_ptr(!llvm.ptr, !llvm.ptr)
  func.func private @dora_fn_store_in_selfbalance_ptr(!llvm.ptr, !llvm.ptr) -> !llvm.ptr
  func.func private @dora_fn_store_in_blobbasefee_ptr(!llvm.ptr, !llvm.ptr)
  func.func private @dora_fn_store_in_gaslimit_ptr(!llvm.ptr, !llvm.ptr)
  func.func private @dora_fn_extend_memory(!llvm.ptr, i64) -> !llvm.ptr
  func.func private @dora_fn_code_copy(!llvm.ptr, !llvm.ptr, i64, i64)
  func.func private @dora_fn_sload(!llvm.ptr, !llvm.ptr, !llvm.ptr) -> !llvm.ptr
  func.func private @dora_fn_sstore(!llvm.ptr, !llvm.ptr, !llvm.ptr, i64) -> !llvm.ptr
  func.func private @dora_fn_append_log(!llvm.ptr, i64, i64)
  func.func private @dora_fn_append_log_with_one_topic(!llvm.ptr, i64, i64, !llvm.ptr)
  func.func private @dora_fn_append_log_with_two_topics(!llvm.ptr, i64, i64, !llvm.ptr, !llvm.ptr)
  func.func private @dora_fn_append_log_with_three_topics(!llvm.ptr, i64, i64, !llvm.ptr, !llvm.ptr, !llvm.ptr)
  func.func private @dora_fn_append_log_with_four_topics(!llvm.ptr, i64, i64, !llvm.ptr, !llvm.ptr, !llvm.ptr, !llvm.ptr)
  func.func private @dora_fn_origin(!llvm.ptr, !llvm.ptr)
  func.func private @dora_fn_coinbase(!llvm.ptr) -> !llvm.ptr
  func.func private @dora_fn_block_number(!llvm.ptr, !llvm.ptr)
  func.func private @dora_fn_extcodesize(!llvm.ptr, !llvm.ptr) -> !llvm.ptr
  func.func private @dora_fn_address(!llvm.ptr) -> !llvm.ptr
  func.func private @dora_fn_prevrando(!llvm.ptr, !llvm.ptr)
  func.func private @dora_fn_store_in_timestamp_ptr(!llvm.ptr, !llvm.ptr)
  func.func private @dora_fn_store_in_basefee_ptr(!llvm.ptr, !llvm.ptr)
  func.func private @dora_fn_call(!llvm.ptr, !llvm.ptr, !llvm.ptr, !llvm.ptr, i64, i64, i64, i64, i64, i8) -> !llvm.ptr
  func.func private @dora_fn_store_in_balance(!llvm.ptr, !llvm.ptr) -> !llvm.ptr
  func.func private @dora_fn_ext_code_copy(!llvm.ptr, !llvm.ptr, !llvm.ptr, i64, i64) -> !llvm.ptr
  func.func private @dora_fn_blob_hash(!llvm.ptr, !llvm.ptr)
  func.func private @dora_fn_block_hash(!llvm.ptr, !llvm.ptr) -> !llvm.ptr
  func.func private @dora_fn_ext_code_hash(!llvm.ptr, !llvm.ptr) -> !llvm.ptr
  func.func private @dora_fn_create(!llvm.ptr, i64, i64, !llvm.ptr, i64) -> !llvm.ptr
  func.func private @dora_fn_create2(!llvm.ptr, i64, i64, !llvm.ptr, i64, !llvm.ptr) -> !llvm.ptr
  func.func private @dora_fn_returndata_size(!llvm.ptr) -> i64
  func.func private @dora_fn_returndata_copy(!llvm.ptr, i64, !llvm.ptr, i64) -> !llvm.ptr
  func.func private @dora_fn_selfdestruct(!llvm.ptr, !llvm.ptr) -> !llvm.ptr
  func.func private @dora_fn_tload(!llvm.ptr, !llvm.ptr, !llvm.ptr)
  func.func private @dora_fn_tstore(!llvm.ptr, !llvm.ptr, !llvm.ptr)
  func.func public @main(%arg0: !llvm.ptr, %arg1: i64, %arg2: !llvm.ptr, %arg3: !llvm.ptr) -> i8 attributes {llvm.emit_c_interface} {
    %c0_i64 = arith.constant 0 : i64
    %0 = llvm.mlir.addressof @dora_global_memory_size : !llvm.ptr
    llvm.store %c0_i64, %0 : i64, !llvm.ptr
    %1 = llvm.mlir.addressof @dora_global_gas_counter : !llvm.ptr
    llvm.store %arg1, %1 : i64, !llvm.ptr
    cf.br ^bb5
  ^bb1(%2: i8):  // 7 preds: ^bb2, ^bb4, ^bb5, ^bb8, ^bb9, ^bb12, ^bb13
    %c0_i64_0 = arith.constant 0 : i64
    %3 = llvm.mlir.addressof @dora_global_gas_counter : !llvm.ptr
    %4 = llvm.load %3 : !llvm.ptr -> i64
    call @dora_fn_write_result(%arg0, %c0_i64_0, %c0_i64_0, %4, %2) : (!llvm.ptr, i64, i64, i64, i8) -> ()
    return %2 : i8
  ^bb2(%5: i256):  // no predecessors
    %c89_i8 = arith.constant 89 : i8
    cf.switch %5 : i256, [
      default: ^bb1(%c89_i8 : i8)
    ]
  ^bb3:  // pred: ^bb4
    %c1_i256 = arith.constant 1 : i256
    %6 = llvm.load %arg3 : !llvm.ptr -> i64
    %7 = llvm.getelementptr %arg2[%6] : (!llvm.ptr, i64) -> !llvm.ptr, i256
    %c1_i64 = arith.constant 1 : i64
    %8 = arith.addi %6, %c1_i64 : i64
    llvm.store %8, %arg3 : i64, !llvm.ptr
    llvm.store %c1_i256, %7 : i256, !llvm.ptr
    cf.br ^bb9
  ^bb4:  // pred: ^bb6
    %c1024_i64 = arith.constant 1024 : i64
    %9 = llvm.load %arg3 : !llvm.ptr -> i64
    %c1_i64_1 = arith.constant 1 : i64
    %10 = arith.addi %9, %c1_i64_1 : i64
    %11 = arith.cmpi ult, %c1024_i64, %10 : i64
    %c92_i8 = arith.constant 92 : i8
    cf.cond_br %11, ^bb1(%c92_i8 : i8), ^bb3
  ^bb5:  // pred: ^bb0
    %12 = llvm.mlir.addressof @dora_global_gas_counter : !llvm.ptr
    %13 = llvm.load %12 : !llvm.ptr -> i64
    %c3_i64 = arith.constant 3 : i64
    call @dora_fn_nop() : () -> ()
    %14 = arith.cmpi uge, %13, %c3_i64 : i64
    %c80_i8 = arith.constant 80 : i8
    cf.cond_br %14, ^bb6, ^bb1(%c80_i8 : i8)
  ^bb6:  // pred: ^bb5
    %15 = arith.subi %13, %c3_i64 : i64
    llvm.store %15, %12 : i64, !llvm.ptr
    cf.br ^bb4
  ^bb7:  // pred: ^bb8
    %c0_i256 = arith.constant 0 : i256
    %16 = llvm.load %arg3 : !llvm.ptr -> i64
    %17 = llvm.getelementptr %arg2[%16] : (!llvm.ptr, i64) -> !llvm.ptr, i256
    %c1_i64_2 = arith.constant 1 : i64
    %18 = arith.addi %16, %c1_i64_2 : i64
    llvm.store %18, %arg3 : i64, !llvm.ptr
    llvm.store %c0_i256, %17 : i256, !llvm.ptr
    cf.br ^bb13
  ^bb8:  // pred: ^bb10
    %c1024_i64_3 = arith.constant 1024 : i64
    %19 = llvm.load %arg3 : !llvm.ptr -> i64
    %c1_i64_4 = arith.constant 1 : i64
    %20 = arith.addi %19, %c1_i64_4 : i64
    %21 = arith.cmpi ult, %c1024_i64_3, %20 : i64
    %c92_i8_5 = arith.constant 92 : i8
    cf.cond_br %21, ^bb1(%c92_i8_5 : i8), ^bb7
  ^bb9:  // pred: ^bb3
    %22 = llvm.mlir.addressof @dora_global_gas_counter : !llvm.ptr
    %23 = llvm.load %22 : !llvm.ptr -> i64
    %c3_i64_6 = arith.constant 3 : i64
    call @dora_fn_nop() : () -> ()
    %24 = arith.cmpi uge, %23, %c3_i64_6 : i64
    %c80_i8_7 = arith.constant 80 : i8
    cf.cond_br %24, ^bb10, ^bb1(%c80_i8_7 : i8)
  ^bb10:  // pred: ^bb9
    %25 = arith.subi %23, %c3_i64_6 : i64
    llvm.store %25, %22 : i64, !llvm.ptr
    cf.br ^bb8
  ^bb11:  // pred: ^bb12
    %26 = llvm.load %arg3 : !llvm.ptr -> i64
    %27 = llvm.getelementptr %arg2[%26] : (!llvm.ptr, i64) -> !llvm.ptr, i256
    %28 = llvm.getelementptr %27[-2] : (!llvm.ptr) -> !llvm.ptr, i256
    %29 = llvm.load %28 : !llvm.ptr -> i256
    %30 = llvm.load %arg3 : !llvm.ptr -> i64
    %31 = llvm.getelementptr %arg2[%30] : (!llvm.ptr, i64) -> !llvm.ptr, i256
    %c1_i64_8 = arith.constant 1 : i64
    %32 = arith.addi %30, %c1_i64_8 : i64
    llvm.store %32, %arg3 : i64, !llvm.ptr
    llvm.store %29, %31 : i256, !llvm.ptr
    cf.br ^bb15
  ^bb12:  // pred: ^bb14
    %c1024_i64_9 = arith.constant 1024 : i64
    %33 = llvm.load %arg3 : !llvm.ptr -> i64
    %c1_i64_10 = arith.constant 1 : i64
    %34 = arith.addi %33, %c1_i64_10 : i64
    %c2_i64 = arith.constant 2 : i64
    %35 = arith.cmpi ult, %33, %c2_i64 : i64
    %36 = arith.cmpi ult, %c1024_i64_9, %34 : i64
    %37 = arith.xori %35, %36 : i1
    %c92_i8_11 = arith.constant 92 : i8
    cf.cond_br %37, ^bb1(%c92_i8_11 : i8), ^bb11
  ^bb13:  // pred: ^bb7
    %38 = llvm.mlir.addressof @dora_global_gas_counter : !llvm.ptr
    %39 = llvm.load %38 : !llvm.ptr -> i64
    %c3_i64_12 = arith.constant 3 : i64
    call @dora_fn_nop() : () -> ()
    %40 = arith.cmpi uge, %39, %c3_i64_12 : i64
    %c80_i8_13 = arith.constant 80 : i8
    cf.cond_br %40, ^bb14, ^bb1(%c80_i8_13 : i8)
  ^bb14:  // pred: ^bb13
    %41 = arith.subi %39, %c3_i64_12 : i64
    llvm.store %41, %38 : i64, !llvm.ptr
    cf.br ^bb12
  ^bb15:  // pred: ^bb11
    %c0_i64_14 = arith.constant 0 : i64
    %c1_i8 = arith.constant 1 : i8
    %42 = llvm.mlir.addressof @dora_global_gas_counter : !llvm.ptr
    %43 = llvm.load %42 : !llvm.ptr -> i64
    call @dora_fn_write_result(%arg0, %c0_i64_14, %c0_i64_14, %43, %c1_i8) : (!llvm.ptr, i64, i64, i64, i8) -> ()
    return %c1_i8 : i8
  }
}
