---
source: crates/dora-compiler/src/dora/tests/operations.rs
expression: op
snapshot_kind: text
---
module {
  llvm.mlir.global internal @dora_stack_ptr() {addr_space = 0 : i32} : !llvm.ptr
  llvm.mlir.global internal @dora_stack_length() {addr_space = 0 : i32} : i32
  llvm.mlir.global internal @dora_memory_ptr() {addr_space = 0 : i32} : !llvm.ptr
  llvm.mlir.global internal @dora_memory_size() {addr_space = 0 : i32} : i32
  llvm.mlir.global internal @dora_calldata_ptr() {addr_space = 0 : i32} : !llvm.ptr
  llvm.mlir.global internal @dora_calldata_size() {addr_space = 0 : i32} : i32
  llvm.mlir.global internal @dora_gas_counter() {addr_space = 0 : i32} : i64
  llvm.mlir.global external @dora_ctx_is_static() {addr_space = 0 : i32} : !llvm.ptr
  func.func private @dora_debug_print(i32)
  func.func private @dora_write_result(!llvm.ptr, i32, i32, i64, i8)
  func.func private @dora_keccak256_hasher(!llvm.ptr, i32, i32, !llvm.ptr)
  func.func private @dora_get_calldata_ptr(!llvm.ptr) -> !llvm.ptr
  func.func private @dora_get_calldata_size(!llvm.ptr) -> i32
  func.func private @dora_get_chainid(!llvm.ptr) -> i64
  func.func private @dora_store_in_callvalue_ptr(!llvm.ptr, !llvm.ptr)
  func.func private @dora_store_in_caller_ptr(!llvm.ptr, !llvm.ptr)
  func.func private @dora_store_in_gasprice_ptr(!llvm.ptr, !llvm.ptr)
  func.func private @dora_store_in_selfbalance_ptr(!llvm.ptr, !llvm.ptr)
  func.func private @dora_store_in_blobbasefee_ptr(!llvm.ptr, !llvm.ptr)
  func.func private @dora_get_gaslimit(!llvm.ptr) -> i64
  func.func private @dora_extend_memory(!llvm.ptr, i32) -> !llvm.ptr
  func.func private @dora_copy_code_to_memory(!llvm.ptr, i32, i32, i32)
  func.func private @dora_read_storage(!llvm.ptr, !llvm.ptr, !llvm.ptr)
  func.func private @dora_write_storage(!llvm.ptr, !llvm.ptr, !llvm.ptr) -> i64
  func.func private @dora_append_log(!llvm.ptr, i32, i32)
  func.func private @dora_append_log_with_one_topic(!llvm.ptr, i32, i32, !llvm.ptr)
  func.func private @dora_append_log_with_two_topics(!llvm.ptr, i32, i32, !llvm.ptr, !llvm.ptr)
  func.func private @dora_append_log_with_three_topics(!llvm.ptr, i32, i32, !llvm.ptr, !llvm.ptr, !llvm.ptr)
  func.func private @dora_append_log_with_four_topics(!llvm.ptr, i32, i32, !llvm.ptr, !llvm.ptr, !llvm.ptr, !llvm.ptr)
  func.func private @dora_get_origin(!llvm.ptr, !llvm.ptr)
  func.func private @dora_get_coinbase_ptr(!llvm.ptr) -> !llvm.ptr
  func.func private @dora_get_block_number(!llvm.ptr, !llvm.ptr)
  func.func private @dora_get_codesize_from_address(!llvm.ptr, !llvm.ptr) -> i64
  func.func private @dora_get_address_ptr(!llvm.ptr) -> !llvm.ptr
  func.func private @dora_get_prevrandao(!llvm.ptr, !llvm.ptr)
  func.func private @dora_store_in_timestamp_ptr(!llvm.ptr, !llvm.ptr)
  func.func private @dora_store_in_basefee_ptr(!llvm.ptr, !llvm.ptr)
  func.func private @dora_call(!llvm.ptr, i64, !llvm.ptr, !llvm.ptr, i32, i32, i32, i32, i64, !llvm.ptr, i8) -> i8
  func.func private @dora_store_in_balance(!llvm.ptr, !llvm.ptr, !llvm.ptr)
  func.func private @dora_copy_ext_code_to_memory(!llvm.ptr, !llvm.ptr, i32, i32, i32)
  func.func private @dora_get_blob_hash_at_index(!llvm.ptr, !llvm.ptr, !llvm.ptr)
  func.func private @dora_get_block_hash(!llvm.ptr, !llvm.ptr)
  func.func private @dora_get_code_hash(!llvm.ptr, !llvm.ptr)
  func.func private @dora_create(!llvm.ptr, i32, i32, !llvm.ptr, !llvm.ptr) -> i8
  func.func private @dora_create2(!llvm.ptr, i32, i32, !llvm.ptr, !llvm.ptr, !llvm.ptr) -> i8
  func.func private @dora_get_return_data_size(!llvm.ptr) -> i32
  func.func private @dora_copy_return_data_into_memory(!llvm.ptr, i32, i32, i32)
  func.func private @dora_selfdestruct(!llvm.ptr, !llvm.ptr) -> i64
  func.func private @dora_transient_storage_read(!llvm.ptr, !llvm.ptr, !llvm.ptr)
  func.func private @dora_transient_storage_write(!llvm.ptr, !llvm.ptr, !llvm.ptr)
  func.func public @main(%arg0: !llvm.ptr, %arg1: i64) -> i8 attributes {llvm.emit_c_interface} {
    %c1024_i256 = arith.constant 1024 : i256
    %0 = llvm.alloca %c1024_i256 x i256 : (i256) -> !llvm.ptr
    %1 = llvm.mlir.addressof @dora_stack_ptr : !llvm.ptr
    llvm.store %0, %1 : !llvm.ptr, !llvm.ptr
    %c0_i32 = arith.constant 0 : i32
    %2 = llvm.mlir.addressof @dora_stack_length : !llvm.ptr
    llvm.store %c0_i32, %2 : i32, !llvm.ptr
    %c0_i32_0 = arith.constant 0 : i32
    %3 = llvm.mlir.addressof @dora_memory_size : !llvm.ptr
    llvm.store %c0_i32_0, %3 : i32, !llvm.ptr
    %4 = call @dora_get_calldata_ptr(%arg0) : (!llvm.ptr) -> !llvm.ptr
    %5 = llvm.mlir.addressof @dora_calldata_ptr : !llvm.ptr
    llvm.store %4, %5 : !llvm.ptr, !llvm.ptr
    %6 = call @dora_get_calldata_size(%arg0) : (!llvm.ptr) -> i32
    %7 = llvm.mlir.addressof @dora_calldata_size : !llvm.ptr
    llvm.store %6, %7 : i32, !llvm.ptr
    %8 = llvm.mlir.addressof @dora_gas_counter : !llvm.ptr
    llvm.store %arg1, %8 : i64, !llvm.ptr
    %9 = llvm.mlir.addressof @dora_stack_length : !llvm.ptr
    %c1024_i32 = arith.constant 1024 : i32
    cf.br ^bb3
  ^bb1:  // pred: ^bb2
    %c0_i32_1 = arith.constant 0 : i32
    %c0_i64 = arith.constant 0 : i64
    %c3_i8 = arith.constant 3 : i8
    call @dora_write_result(%arg0, %c0_i32_1, %c0_i32_1, %c0_i64, %c3_i8) : (!llvm.ptr, i32, i32, i64, i8) -> ()
    return %c3_i8 : i8
  ^bb2(%10: i256):  // no predecessors
    cf.switch %10 : i256, [
      default: ^bb1
    ]
  ^bb3:  // pred: ^bb0
    %c0_i256 = arith.constant 0 : i256
    %11 = llvm.mlir.addressof @dora_stack_ptr : !llvm.ptr
    %12 = llvm.load %11 : !llvm.ptr -> !llvm.ptr
    llvm.store %c0_i256, %12 : i256, !llvm.ptr
    %13 = llvm.getelementptr %12[1] : (!llvm.ptr) -> !llvm.ptr, i256
    llvm.store %13, %11 : !llvm.ptr, !llvm.ptr
    cf.br ^bb4
  ^bb4:  // pred: ^bb3
    %c10_i256 = arith.constant 10 : i256
    %14 = llvm.mlir.addressof @dora_stack_ptr : !llvm.ptr
    %15 = llvm.load %14 : !llvm.ptr -> !llvm.ptr
    llvm.store %c10_i256, %15 : i256, !llvm.ptr
    %16 = llvm.getelementptr %15[1] : (!llvm.ptr) -> !llvm.ptr, i256
    llvm.store %16, %14 : !llvm.ptr, !llvm.ptr
    cf.br ^bb5
  ^bb5:  // pred: ^bb4
    %c20_i256 = arith.constant 20 : i256
    %17 = llvm.mlir.addressof @dora_stack_ptr : !llvm.ptr
    %18 = llvm.load %17 : !llvm.ptr -> !llvm.ptr
    llvm.store %c20_i256, %18 : i256, !llvm.ptr
    %19 = llvm.getelementptr %18[1] : (!llvm.ptr) -> !llvm.ptr, i256
    llvm.store %19, %17 : !llvm.ptr, !llvm.ptr
    cf.br ^bb6
  ^bb6:  // pred: ^bb5
    %20 = llvm.mlir.addressof @dora_stack_ptr : !llvm.ptr
    %21 = llvm.load %20 : !llvm.ptr -> !llvm.ptr
    %22 = llvm.getelementptr %21[-1] : (!llvm.ptr) -> !llvm.ptr, i256
    %23 = llvm.load %22 : !llvm.ptr -> i256
    llvm.store %22, %20 : !llvm.ptr, !llvm.ptr
    %24 = llvm.mlir.addressof @dora_stack_ptr : !llvm.ptr
    %25 = llvm.load %24 : !llvm.ptr -> !llvm.ptr
    %26 = llvm.getelementptr %25[-1] : (!llvm.ptr) -> !llvm.ptr, i256
    %27 = llvm.load %26 : !llvm.ptr -> i256
    llvm.store %26, %24 : !llvm.ptr, !llvm.ptr
    %28 = llvm.mlir.addressof @dora_stack_ptr : !llvm.ptr
    %29 = llvm.load %28 : !llvm.ptr -> !llvm.ptr
    %30 = llvm.getelementptr %29[-1] : (!llvm.ptr) -> !llvm.ptr, i256
    %31 = llvm.load %30 : !llvm.ptr -> i256
    llvm.store %30, %28 : !llvm.ptr, !llvm.ptr
    %32 = arith.trunci %27 : i256 to i32
    %33 = arith.trunci %23 : i256 to i32
    %34 = arith.trunci %31 : i256 to i32
    %35 = arith.addi %33, %34 : i32
    %36 = llvm.mlir.addressof @dora_memory_size : !llvm.ptr
    %37 = llvm.load %36 : !llvm.ptr -> i32
    %c31_i32 = arith.constant 31 : i32
    %c32_i32 = arith.constant 32 : i32
    %38 = arith.addi %35, %c31_i32 : i32
    %39 = arith.divui %38, %c32_i32 : i32
    %40 = arith.muli %39, %c32_i32 : i32
    %41 = arith.cmpi ult, %37, %40 : i32
    scf.if %41 {
      %47 = func.call @dora_extend_memory(%arg0, %40) : (!llvm.ptr, i32) -> !llvm.ptr
      llvm.store %40, %36 : i32, !llvm.ptr
      %48 = llvm.mlir.addressof @dora_memory_ptr : !llvm.ptr
      llvm.store %47, %48 : !llvm.ptr, !llvm.ptr
    } else {
    }
    %42 = llvm.mlir.addressof @dora_memory_ptr : !llvm.ptr
    %43 = llvm.load %42 : !llvm.ptr -> !llvm.ptr
    %44 = llvm.getelementptr %43[%33] : (!llvm.ptr, i32) -> !llvm.ptr, i8
    %c0_i8 = arith.constant 0 : i8
    "llvm.intr.memset"(%44, %c0_i8, %34) <{isVolatile = false}> : (!llvm.ptr, i8, i32) -> ()
    %45 = call @dora_get_calldata_size(%arg0) : (!llvm.ptr) -> i32
    %46 = arith.cmpi ugt, %32, %45 : i32
    scf.if %46 {
      %47 = arith.subi %45, %32 : i32
      %48 = arith.minui %47, %34 : i32
      %49 = func.call @dora_get_calldata_ptr(%arg0) : (!llvm.ptr) -> !llvm.ptr
      %50 = llvm.getelementptr %49[%32] : (!llvm.ptr, i32) -> !llvm.ptr, i8
      "llvm.intr.memcpy"(%44, %50, %48) <{isVolatile = false}> : (!llvm.ptr, !llvm.ptr, i32) -> ()
    } else {
    }
    cf.br ^bb7
  ^bb7:  // pred: ^bb6
    %c0_i32_2 = arith.constant 0 : i32
    %c1_i8 = arith.constant 1 : i8
    call @dora_write_result(%arg0, %c0_i32_2, %c0_i32_2, %arg1, %c1_i8) : (!llvm.ptr, i32, i32, i64, i8) -> ()
    return %c1_i8 : i8
  }
}
