---
source: crates/dora-compiler/src/dora/tests/operations.rs
expression: op
snapshot_kind: text
---
module {
  llvm.mlir.global internal @dora_global_stack_ptr() {addr_space = 0 : i32} : !llvm.ptr
  llvm.mlir.global internal @dora_global_stack_length() {addr_space = 0 : i32} : i64
  llvm.mlir.global internal @dora_global_memory_ptr() {addr_space = 0 : i32} : !llvm.ptr
  llvm.mlir.global internal @dora_global_memory_size() {addr_space = 0 : i32} : i64
  llvm.mlir.global internal @dora_global_calldata_ptr() {addr_space = 0 : i32} : !llvm.ptr
  llvm.mlir.global internal @dora_global_calldata_size() {addr_space = 0 : i32} : i64
  llvm.mlir.global internal @dora_global_gas_counter() {addr_space = 0 : i32} : i64
  llvm.mlir.global external @dora_global_ctx_is_static() {addr_space = 0 : i32} : !llvm.ptr
  func.func private @dora_fn_debug_print(i32)
  func.func private @dora_fn_write_result(!llvm.ptr, i64, i64, i64, i8) -> !llvm.ptr
  func.func private @dora_fn_keccak256_hasher(!llvm.ptr, i64, i64, !llvm.ptr) -> !llvm.ptr
  func.func private @dora_fn_calldata(!llvm.ptr) -> !llvm.ptr
  func.func private @dora_fn_calldata_size(!llvm.ptr) -> i64
  func.func private @dora_fn_chainid(!llvm.ptr) -> !llvm.ptr
  func.func private @dora_fn_callvalue(!llvm.ptr, !llvm.ptr) -> !llvm.ptr
  func.func private @dora_fn_caller(!llvm.ptr, !llvm.ptr) -> !llvm.ptr
  func.func private @dora_fn_store_in_gasprice_ptr(!llvm.ptr, !llvm.ptr) -> !llvm.ptr
  func.func private @dora_fn_store_in_selfbalance_ptr(!llvm.ptr, !llvm.ptr) -> !llvm.ptr
  func.func private @dora_fn_store_in_blobbasefee_ptr(!llvm.ptr, !llvm.ptr)
  func.func private @dora_fn_gaslimit(!llvm.ptr) -> !llvm.ptr
  func.func private @dora_fn_extend_memory(!llvm.ptr, i64) -> !llvm.ptr
  func.func private @dora_fn_code_copy(!llvm.ptr, i64, i64, i64) -> !llvm.ptr
  func.func private @dora_fn_sload(!llvm.ptr, !llvm.ptr, !llvm.ptr) -> !llvm.ptr
  func.func private @dora_fn_sstore(!llvm.ptr, !llvm.ptr, !llvm.ptr) -> !llvm.ptr
  func.func private @dora_fn_append_log(!llvm.ptr, i64, i64)
  func.func private @dora_fn_append_log_with_one_topic(!llvm.ptr, i64, i64, !llvm.ptr)
  func.func private @dora_fn_append_log_with_two_topics(!llvm.ptr, i64, i64, !llvm.ptr, !llvm.ptr)
  func.func private @dora_fn_append_log_with_three_topics(!llvm.ptr, i64, i64, !llvm.ptr, !llvm.ptr, !llvm.ptr)
  func.func private @dora_fn_append_log_with_four_topics(!llvm.ptr, i64, i64, !llvm.ptr, !llvm.ptr, !llvm.ptr, !llvm.ptr)
  func.func private @dora_fn_origin(!llvm.ptr, !llvm.ptr) -> !llvm.ptr
  func.func private @dora_fn_coinbase(!llvm.ptr) -> !llvm.ptr
  func.func private @dora_fn_block_number(!llvm.ptr, !llvm.ptr) -> !llvm.ptr
  func.func private @dora_fn_extcodesize(!llvm.ptr, !llvm.ptr) -> !llvm.ptr
  func.func private @dora_fn_address(!llvm.ptr) -> !llvm.ptr
  func.func private @dora_fn_prevrando(!llvm.ptr, !llvm.ptr) -> !llvm.ptr
  func.func private @dora_fn_store_in_timestamp_ptr(!llvm.ptr, !llvm.ptr) -> !llvm.ptr
  func.func private @dora_fn_store_in_basefee_ptr(!llvm.ptr, !llvm.ptr) -> !llvm.ptr
  func.func private @dora_fn_call(!llvm.ptr, i64, !llvm.ptr, !llvm.ptr, i64, i64, i64, i64, i64, !llvm.ptr, i8) -> !llvm.ptr
  func.func private @dora_fn_store_in_balance(!llvm.ptr, !llvm.ptr) -> !llvm.ptr
  func.func private @dora_fn_ext_code_copy(!llvm.ptr, !llvm.ptr, i64, i64, i64) -> !llvm.ptr
  func.func private @dora_fn_blob_hash(!llvm.ptr, !llvm.ptr)
  func.func private @dora_fn_block_hash(!llvm.ptr, !llvm.ptr) -> !llvm.ptr
  func.func private @dora_fn_ext_code_hash(!llvm.ptr, !llvm.ptr) -> !llvm.ptr
  func.func private @dora_fn_create(!llvm.ptr, i64, i64, !llvm.ptr, !llvm.ptr) -> !llvm.ptr
  func.func private @dora_fn_create2(!llvm.ptr, i64, i64, !llvm.ptr, !llvm.ptr, !llvm.ptr) -> !llvm.ptr
  func.func private @dora_fn_return_data_size(!llvm.ptr) -> !llvm.ptr
  func.func private @dora_fn_return_data_copy(!llvm.ptr, i64, i64, i64) -> !llvm.ptr
  func.func private @dora_fn_selfdestruct(!llvm.ptr, !llvm.ptr) -> !llvm.ptr
  func.func private @dora_fn_transient_storage_read(!llvm.ptr, !llvm.ptr, !llvm.ptr) -> !llvm.ptr
  func.func private @dora_fn_transient_storage_write(!llvm.ptr, !llvm.ptr, !llvm.ptr) -> !llvm.ptr
  func.func public @main(%arg0: !llvm.ptr, %arg1: i64) -> i8 attributes {llvm.emit_c_interface} {
    %c1024_i256 = arith.constant 1024 : i256
    %0 = llvm.alloca %c1024_i256 x i256 : (i256) -> !llvm.ptr
    %1 = llvm.mlir.addressof @dora_global_stack_ptr : !llvm.ptr
    llvm.store %0, %1 : !llvm.ptr, !llvm.ptr
    %c0_i64 = arith.constant 0 : i64
    %2 = llvm.mlir.addressof @dora_global_stack_length : !llvm.ptr
    llvm.store %c0_i64, %2 : i64, !llvm.ptr
    %c0_i64_0 = arith.constant 0 : i64
    %3 = llvm.mlir.addressof @dora_global_memory_size : !llvm.ptr
    llvm.store %c0_i64_0, %3 : i64, !llvm.ptr
    %4 = call @dora_fn_calldata(%arg0) : (!llvm.ptr) -> !llvm.ptr
    %5 = llvm.mlir.addressof @dora_global_calldata_ptr : !llvm.ptr
    llvm.store %4, %5 : !llvm.ptr, !llvm.ptr
    %6 = call @dora_fn_calldata_size(%arg0) : (!llvm.ptr) -> i64
    %7 = llvm.mlir.addressof @dora_global_calldata_size : !llvm.ptr
    llvm.store %6, %7 : i64, !llvm.ptr
    %8 = llvm.mlir.addressof @dora_global_gas_counter : !llvm.ptr
    llvm.store %arg1, %8 : i64, !llvm.ptr
    cf.br ^bb5
  ^bb1(%9: i8):  // 9 preds: ^bb2, ^bb4, ^bb5, ^bb8, ^bb9, ^bb12, ^bb13, ^bb16, ^bb17
    %c0_i64_1 = arith.constant 0 : i64
    %10 = llvm.mlir.addressof @dora_global_gas_counter : !llvm.ptr
    %11 = llvm.load %10 : !llvm.ptr -> i64
    %12 = call @dora_fn_write_result(%arg0, %c0_i64_1, %c0_i64_1, %11, %9) : (!llvm.ptr, i64, i64, i64, i8) -> !llvm.ptr
    return %9 : i8
  ^bb2(%13: i256):  // no predecessors
    %c89_i8 = arith.constant 89 : i8
    cf.switch %13 : i256, [
      default: ^bb1(%c89_i8 : i8)
    ]
  ^bb3:  // pred: ^bb4
    %c340282366920938463463374607431768211455_i256 = arith.constant 340282366920938463463374607431768211455 : i256
    %14 = llvm.mlir.addressof @dora_global_stack_ptr : !llvm.ptr
    %15 = llvm.load %14 : !llvm.ptr -> !llvm.ptr
    llvm.store %c340282366920938463463374607431768211455_i256, %15 : i256, !llvm.ptr
    %16 = llvm.getelementptr %15[1] : (!llvm.ptr) -> !llvm.ptr, i256
    llvm.store %16, %14 : !llvm.ptr, !llvm.ptr
    cf.br ^bb9
  ^bb4:  // pred: ^bb6
    %17 = llvm.mlir.addressof @dora_global_stack_length : !llvm.ptr
    %c1024_i64 = arith.constant 1024 : i64
    %18 = llvm.load %17 : !llvm.ptr -> i64
    %c1_i64 = arith.constant 1 : i64
    %19 = arith.addi %18, %c1_i64 : i64
    llvm.store %19, %17 : i64, !llvm.ptr
    %20 = arith.cmpi ult, %c1024_i64, %19 : i64
    %c92_i8 = arith.constant 92 : i8
    cf.cond_br %20, ^bb1(%c92_i8 : i8), ^bb3
  ^bb5:  // pred: ^bb0
    %21 = llvm.mlir.addressof @dora_global_gas_counter : !llvm.ptr
    %22 = llvm.load %21 : !llvm.ptr -> i64
    %c3_i64 = arith.constant 3 : i64
    %23 = arith.cmpi uge, %22, %c3_i64 : i64
    %c80_i8 = arith.constant 80 : i8
    cf.cond_br %23, ^bb6, ^bb1(%c80_i8 : i8)
  ^bb6:  // pred: ^bb5
    %24 = arith.subi %22, %c3_i64 : i64
    llvm.store %24, %21 : i64, !llvm.ptr
    cf.br ^bb4
  ^bb7:  // pred: ^bb8
    %c340282366920938463463374607431768211455_i256_2 = arith.constant 340282366920938463463374607431768211455 : i256
    %25 = llvm.mlir.addressof @dora_global_stack_ptr : !llvm.ptr
    %26 = llvm.load %25 : !llvm.ptr -> !llvm.ptr
    llvm.store %c340282366920938463463374607431768211455_i256_2, %26 : i256, !llvm.ptr
    %27 = llvm.getelementptr %26[1] : (!llvm.ptr) -> !llvm.ptr, i256
    llvm.store %27, %25 : !llvm.ptr, !llvm.ptr
    cf.br ^bb13
  ^bb8:  // pred: ^bb10
    %28 = llvm.mlir.addressof @dora_global_stack_length : !llvm.ptr
    %c1024_i64_3 = arith.constant 1024 : i64
    %29 = llvm.load %28 : !llvm.ptr -> i64
    %c1_i64_4 = arith.constant 1 : i64
    %30 = arith.addi %29, %c1_i64_4 : i64
    llvm.store %30, %28 : i64, !llvm.ptr
    %31 = arith.cmpi ult, %c1024_i64_3, %30 : i64
    %c92_i8_5 = arith.constant 92 : i8
    cf.cond_br %31, ^bb1(%c92_i8_5 : i8), ^bb7
  ^bb9:  // pred: ^bb3
    %32 = llvm.mlir.addressof @dora_global_gas_counter : !llvm.ptr
    %33 = llvm.load %32 : !llvm.ptr -> i64
    %c3_i64_6 = arith.constant 3 : i64
    %34 = arith.cmpi uge, %33, %c3_i64_6 : i64
    %c80_i8_7 = arith.constant 80 : i8
    cf.cond_br %34, ^bb10, ^bb1(%c80_i8_7 : i8)
  ^bb10:  // pred: ^bb9
    %35 = arith.subi %33, %c3_i64_6 : i64
    llvm.store %35, %32 : i64, !llvm.ptr
    cf.br ^bb8
  ^bb11:  // pred: ^bb12
    %c100_i256 = arith.constant 100 : i256
    %36 = llvm.mlir.addressof @dora_global_stack_ptr : !llvm.ptr
    %37 = llvm.load %36 : !llvm.ptr -> !llvm.ptr
    llvm.store %c100_i256, %37 : i256, !llvm.ptr
    %38 = llvm.getelementptr %37[1] : (!llvm.ptr) -> !llvm.ptr, i256
    llvm.store %38, %36 : !llvm.ptr, !llvm.ptr
    cf.br ^bb17
  ^bb12:  // pred: ^bb14
    %39 = llvm.mlir.addressof @dora_global_stack_length : !llvm.ptr
    %c1024_i64_8 = arith.constant 1024 : i64
    %40 = llvm.load %39 : !llvm.ptr -> i64
    %c1_i64_9 = arith.constant 1 : i64
    %41 = arith.addi %40, %c1_i64_9 : i64
    llvm.store %41, %39 : i64, !llvm.ptr
    %42 = arith.cmpi ult, %c1024_i64_8, %41 : i64
    %c92_i8_10 = arith.constant 92 : i8
    cf.cond_br %42, ^bb1(%c92_i8_10 : i8), ^bb11
  ^bb13:  // pred: ^bb7
    %43 = llvm.mlir.addressof @dora_global_gas_counter : !llvm.ptr
    %44 = llvm.load %43 : !llvm.ptr -> i64
    %c3_i64_11 = arith.constant 3 : i64
    %45 = arith.cmpi uge, %44, %c3_i64_11 : i64
    %c80_i8_12 = arith.constant 80 : i8
    cf.cond_br %45, ^bb14, ^bb1(%c80_i8_12 : i8)
  ^bb14:  // pred: ^bb13
    %46 = arith.subi %44, %c3_i64_11 : i64
    llvm.store %46, %43 : i64, !llvm.ptr
    cf.br ^bb12
  ^bb15:  // pred: ^bb16
    %47 = llvm.mlir.addressof @dora_global_stack_ptr : !llvm.ptr
    %48 = llvm.load %47 : !llvm.ptr -> !llvm.ptr
    %49 = llvm.getelementptr %48[-1] : (!llvm.ptr) -> !llvm.ptr, i256
    %50 = llvm.load %49 : !llvm.ptr -> i256
    llvm.store %49, %47 : !llvm.ptr, !llvm.ptr
    %51 = llvm.mlir.addressof @dora_global_stack_ptr : !llvm.ptr
    %52 = llvm.load %51 : !llvm.ptr -> !llvm.ptr
    %53 = llvm.getelementptr %52[-1] : (!llvm.ptr) -> !llvm.ptr, i256
    %54 = llvm.load %53 : !llvm.ptr -> i256
    llvm.store %53, %51 : !llvm.ptr, !llvm.ptr
    %55 = llvm.mlir.addressof @dora_global_stack_ptr : !llvm.ptr
    %56 = llvm.load %55 : !llvm.ptr -> !llvm.ptr
    %57 = llvm.getelementptr %56[-1] : (!llvm.ptr) -> !llvm.ptr, i256
    %58 = llvm.load %57 : !llvm.ptr -> i256
    llvm.store %57, %55 : !llvm.ptr, !llvm.ptr
    %59 = arith.extui %50 : i256 to i257
    %60 = arith.extui %54 : i256 to i257
    %61 = arith.extui %58 : i256 to i257
    %62 = arith.addi %59, %60 : i257
    %63 = arith.remui %62, %61 : i257
    %64 = arith.trunci %63 : i257 to i256
    %65 = llvm.mlir.addressof @dora_global_stack_ptr : !llvm.ptr
    %66 = llvm.load %65 : !llvm.ptr -> !llvm.ptr
    llvm.store %64, %66 : i256, !llvm.ptr
    %67 = llvm.getelementptr %66[1] : (!llvm.ptr) -> !llvm.ptr, i256
    llvm.store %67, %65 : !llvm.ptr, !llvm.ptr
    cf.br ^bb19
  ^bb16:  // pred: ^bb18
    %68 = llvm.mlir.addressof @dora_global_stack_length : !llvm.ptr
    %c1024_i64_13 = arith.constant 1024 : i64
    %69 = llvm.load %68 : !llvm.ptr -> i64
    %c-2_i64 = arith.constant -2 : i64
    %70 = arith.addi %69, %c-2_i64 : i64
    llvm.store %70, %68 : i64, !llvm.ptr
    %c3_i64_14 = arith.constant 3 : i64
    %71 = arith.cmpi ult, %69, %c3_i64_14 : i64
    %c91_i8 = arith.constant 91 : i8
    cf.cond_br %71, ^bb1(%c91_i8 : i8), ^bb15
  ^bb17:  // pred: ^bb11
    %72 = llvm.mlir.addressof @dora_global_gas_counter : !llvm.ptr
    %73 = llvm.load %72 : !llvm.ptr -> i64
    %c8_i64 = arith.constant 8 : i64
    %74 = arith.cmpi uge, %73, %c8_i64 : i64
    %c80_i8_15 = arith.constant 80 : i8
    cf.cond_br %74, ^bb18, ^bb1(%c80_i8_15 : i8)
  ^bb18:  // pred: ^bb17
    %75 = arith.subi %73, %c8_i64 : i64
    llvm.store %75, %72 : i64, !llvm.ptr
    cf.br ^bb16
  ^bb19:  // pred: ^bb15
    %c0_i64_16 = arith.constant 0 : i64
    %c1_i8 = arith.constant 1 : i8
    %76 = llvm.mlir.addressof @dora_global_gas_counter : !llvm.ptr
    %77 = llvm.load %76 : !llvm.ptr -> i64
    %78 = call @dora_fn_write_result(%arg0, %c0_i64_16, %c0_i64_16, %77, %c1_i8) : (!llvm.ptr, i64, i64, i64, i8) -> !llvm.ptr
    return %c1_i8 : i8
  }
}
