---
source: crates/dora-compiler/src/dora/tests/operations.rs
expression: op
snapshot_kind: text
---
module {
  llvm.mlir.global internal @dora_global_stack_ptr() {addr_space = 0 : i32} : !llvm.ptr
  llvm.mlir.global internal @dora_global_stack_length() {addr_space = 0 : i32} : i64
  llvm.mlir.global internal @dora_global_memory_ptr() {addr_space = 0 : i32} : !llvm.ptr
  llvm.mlir.global internal @dora_global_memory_size() {addr_space = 0 : i32} : i64
  llvm.mlir.global internal @dora_global_calldata_ptr() {addr_space = 0 : i32} : !llvm.ptr
  llvm.mlir.global internal @dora_global_calldata_size() {addr_space = 0 : i32} : i64
  llvm.mlir.global internal @dora_global_gas_counter() {addr_space = 0 : i32} : i64
  llvm.mlir.global external @dora_global_ctx_is_static() {addr_space = 0 : i32} : !llvm.ptr
  func.func private @dora_fn_debug_print(i32)
  func.func private @dora_fn_write_result(!llvm.ptr, i64, i64, i64, i8) -> !llvm.ptr
  func.func private @dora_fn_keccak256_hasher(!llvm.ptr, i64, i64, !llvm.ptr) -> !llvm.ptr
  func.func private @dora_fn_calldata(!llvm.ptr) -> !llvm.ptr
  func.func private @dora_fn_calldata_size(!llvm.ptr) -> i64
  func.func private @dora_fn_chainid(!llvm.ptr) -> !llvm.ptr
  func.func private @dora_fn_callvalue(!llvm.ptr, !llvm.ptr) -> !llvm.ptr
  func.func private @dora_fn_caller(!llvm.ptr, !llvm.ptr) -> !llvm.ptr
  func.func private @dora_fn_store_in_gasprice_ptr(!llvm.ptr, !llvm.ptr) -> !llvm.ptr
  func.func private @dora_fn_store_in_selfbalance_ptr(!llvm.ptr, !llvm.ptr) -> !llvm.ptr
  func.func private @dora_fn_store_in_blobbasefee_ptr(!llvm.ptr, !llvm.ptr) -> !llvm.ptr
  func.func private @dora_fn_gaslimit(!llvm.ptr) -> !llvm.ptr
  func.func private @dora_fn_extend_memory(!llvm.ptr, i64) -> !llvm.ptr
  func.func private @dora_fn_code_copy(!llvm.ptr, i64, i64, i64) -> !llvm.ptr
  func.func private @dora_fn_read_storage(!llvm.ptr, !llvm.ptr, !llvm.ptr) -> !llvm.ptr
  func.func private @dora_fn_write_storage(!llvm.ptr, !llvm.ptr, !llvm.ptr) -> !llvm.ptr
  func.func private @dora_fn_append_log(!llvm.ptr, i64, i64) -> !llvm.ptr
  func.func private @dora_fn_append_log_with_one_topic(!llvm.ptr, i64, i64, !llvm.ptr) -> !llvm.ptr
  func.func private @dora_fn_append_log_with_two_topics(!llvm.ptr, i64, i64, !llvm.ptr, !llvm.ptr) -> !llvm.ptr
  func.func private @dora_fn_append_log_with_three_topics(!llvm.ptr, i64, i64, !llvm.ptr, !llvm.ptr, !llvm.ptr) -> !llvm.ptr
  func.func private @dora_fn_append_log_with_four_topics(!llvm.ptr, i64, i64, !llvm.ptr, !llvm.ptr, !llvm.ptr, !llvm.ptr) -> !llvm.ptr
  func.func private @dora_fn_origin(!llvm.ptr, !llvm.ptr) -> !llvm.ptr
  func.func private @dora_fn_coinbase(!llvm.ptr) -> !llvm.ptr
  func.func private @dora_fn_block_number(!llvm.ptr, !llvm.ptr) -> !llvm.ptr
  func.func private @dora_fn_extcodesize(!llvm.ptr, !llvm.ptr) -> !llvm.ptr
  func.func private @dora_fn_address(!llvm.ptr) -> !llvm.ptr
  func.func private @dora_fn_prevrando(!llvm.ptr, !llvm.ptr) -> !llvm.ptr
  func.func private @dora_fn_store_in_timestamp_ptr(!llvm.ptr, !llvm.ptr) -> !llvm.ptr
  func.func private @dora_fn_store_in_basefee_ptr(!llvm.ptr, !llvm.ptr) -> !llvm.ptr
  func.func private @dora_fn_call(!llvm.ptr, i64, !llvm.ptr, !llvm.ptr, i64, i64, i64, i64, i64, !llvm.ptr, i8) -> !llvm.ptr
  func.func private @dora_fn_store_in_balance(!llvm.ptr, !llvm.ptr, !llvm.ptr) -> !llvm.ptr
  func.func private @dora_fn_ext_code_copy(!llvm.ptr, !llvm.ptr, i64, i64, i64) -> !llvm.ptr
  func.func private @dora_fn_blob_hash(!llvm.ptr, !llvm.ptr, !llvm.ptr) -> !llvm.ptr
  func.func private @dora_fn_block_hash(!llvm.ptr, !llvm.ptr) -> !llvm.ptr
  func.func private @dora_fn_ext_code_hash(!llvm.ptr, !llvm.ptr) -> !llvm.ptr
  func.func private @dora_fn_create(!llvm.ptr, i64, i64, !llvm.ptr, !llvm.ptr) -> !llvm.ptr
  func.func private @dora_fn_create2(!llvm.ptr, i64, i64, !llvm.ptr, !llvm.ptr, !llvm.ptr) -> !llvm.ptr
  func.func private @dora_fn_return_data_size(!llvm.ptr) -> !llvm.ptr
  func.func private @dora_fn_return_data_copy(!llvm.ptr, i64, i64, i64) -> !llvm.ptr
  func.func private @dora_fn_selfdestruct(!llvm.ptr, !llvm.ptr) -> !llvm.ptr
  func.func private @dora_fn_transient_storage_read(!llvm.ptr, !llvm.ptr, !llvm.ptr) -> !llvm.ptr
  func.func private @dora_fn_transient_storage_write(!llvm.ptr, !llvm.ptr, !llvm.ptr) -> !llvm.ptr
  func.func public @main(%arg0: !llvm.ptr, %arg1: i64) -> i8 attributes {llvm.emit_c_interface} {
    %c1024_i256 = arith.constant 1024 : i256
    %0 = llvm.alloca %c1024_i256 x i256 : (i256) -> !llvm.ptr
    %1 = llvm.mlir.addressof @dora_global_stack_ptr : !llvm.ptr
    llvm.store %0, %1 : !llvm.ptr, !llvm.ptr
    %c0_i64 = arith.constant 0 : i64
    %2 = llvm.mlir.addressof @dora_global_stack_length : !llvm.ptr
    llvm.store %c0_i64, %2 : i64, !llvm.ptr
    %c0_i64_0 = arith.constant 0 : i64
    %3 = llvm.mlir.addressof @dora_global_memory_size : !llvm.ptr
    llvm.store %c0_i64_0, %3 : i64, !llvm.ptr
    %4 = call @dora_fn_calldata(%arg0) : (!llvm.ptr) -> !llvm.ptr
    %5 = llvm.mlir.addressof @dora_global_calldata_ptr : !llvm.ptr
    llvm.store %4, %5 : !llvm.ptr, !llvm.ptr
    %6 = call @dora_fn_calldata_size(%arg0) : (!llvm.ptr) -> i64
    %7 = llvm.mlir.addressof @dora_global_calldata_size : !llvm.ptr
    llvm.store %6, %7 : i64, !llvm.ptr
    %8 = llvm.mlir.addressof @dora_global_gas_counter : !llvm.ptr
    llvm.store %arg1, %8 : i64, !llvm.ptr
    %9 = llvm.mlir.addressof @dora_global_stack_length : !llvm.ptr
    %c1024_i64 = arith.constant 1024 : i64
    %10 = llvm.load %9 : !llvm.ptr -> i64
    %c1_i64 = arith.constant 1 : i64
    %11 = arith.addi %10, %c1_i64 : i64
    llvm.store %11, %9 : i64, !llvm.ptr
    %12 = arith.cmpi ult, %c1024_i64, %11 : i64
    %c92_i8 = arith.constant 92 : i8
    cf.cond_br %12, ^bb1(%c92_i8 : i8), ^bb3
  ^bb1(%13: i8):  // 5 preds: ^bb0, ^bb2, ^bb3, ^bb6, ^bb8
    %c0_i64_1 = arith.constant 0 : i64
    %14 = call @dora_fn_write_result(%arg0, %c0_i64_1, %c0_i64_1, %c0_i64_1, %13) : (!llvm.ptr, i64, i64, i64, i8) -> !llvm.ptr
    return %13 : i8
  ^bb2(%15: i256):  // pred: ^bb4
    %c89_i8 = arith.constant 89 : i8
    cf.switch %15 : i256, [
      default: ^bb1(%c89_i8 : i8),
      1: ^bb8
    ]
  ^bb3:  // pred: ^bb0
    %c4_i256 = arith.constant 4 : i256
    %16 = llvm.mlir.addressof @dora_global_stack_ptr : !llvm.ptr
    %17 = llvm.load %16 : !llvm.ptr -> !llvm.ptr
    llvm.store %c4_i256, %17 : i256, !llvm.ptr
    %18 = llvm.getelementptr %17[1] : (!llvm.ptr) -> !llvm.ptr, i256
    llvm.store %18, %16 : !llvm.ptr, !llvm.ptr
    %19 = llvm.load %9 : !llvm.ptr -> i64
    %c-1_i64 = arith.constant -1 : i64
    %20 = arith.addi %19, %c-1_i64 : i64
    llvm.store %20, %9 : i64, !llvm.ptr
    %c1_i64_2 = arith.constant 1 : i64
    %21 = arith.cmpi ult, %19, %c1_i64_2 : i64
    %c91_i8 = arith.constant 91 : i8
    cf.cond_br %21, ^bb1(%c91_i8 : i8), ^bb4
  ^bb4:  // pred: ^bb3
    %22 = llvm.mlir.addressof @dora_global_stack_ptr : !llvm.ptr
    %23 = llvm.load %22 : !llvm.ptr -> !llvm.ptr
    %24 = llvm.getelementptr %23[-1] : (!llvm.ptr) -> !llvm.ptr, i256
    %25 = llvm.load %24 : !llvm.ptr -> i256
    llvm.store %24, %22 : !llvm.ptr, !llvm.ptr
    cf.br ^bb2(%25 : i256)
  ^bb5:  // no predecessors
    %26 = llvm.load %9 : !llvm.ptr -> i64
    %c0_i64_3 = arith.constant 0 : i64
    %27 = arith.addi %26, %c0_i64_3 : i64
    llvm.store %27, %9 : i64, !llvm.ptr
    cf.br ^bb6
  ^bb6:  // pred: ^bb5
    %c88_i8 = arith.constant 88 : i8
    cf.br ^bb1(%c88_i8 : i8)
  ^bb7:  // no predecessors
    %28 = llvm.load %9 : !llvm.ptr -> i64
    %c0_i64_4 = arith.constant 0 : i64
    %29 = arith.addi %28, %c0_i64_4 : i64
    llvm.store %29, %9 : i64, !llvm.ptr
    cf.br ^bb8
  ^bb8:  // 2 preds: ^bb2, ^bb7
    %30 = llvm.load %9 : !llvm.ptr -> i64
    %c1_i64_5 = arith.constant 1 : i64
    %31 = arith.addi %30, %c1_i64_5 : i64
    llvm.store %31, %9 : i64, !llvm.ptr
    %32 = arith.cmpi ult, %c1024_i64, %31 : i64
    %c92_i8_6 = arith.constant 92 : i8
    cf.cond_br %32, ^bb1(%c92_i8_6 : i8), ^bb9
  ^bb9:  // pred: ^bb8
    %c1_i256 = arith.constant 1 : i256
    %33 = llvm.mlir.addressof @dora_global_stack_ptr : !llvm.ptr
    %34 = llvm.load %33 : !llvm.ptr -> !llvm.ptr
    llvm.store %c1_i256, %34 : i256, !llvm.ptr
    %35 = llvm.getelementptr %34[1] : (!llvm.ptr) -> !llvm.ptr, i256
    llvm.store %35, %33 : !llvm.ptr, !llvm.ptr
    cf.br ^bb10
  ^bb10:  // pred: ^bb9
    %c0_i64_7 = arith.constant 0 : i64
    %c1_i8 = arith.constant 1 : i8
    %36 = call @dora_fn_write_result(%arg0, %c0_i64_7, %c0_i64_7, %arg1, %c1_i8) : (!llvm.ptr, i64, i64, i64, i8) -> !llvm.ptr
    return %c1_i8 : i8
  }
}
