---
source: crates/dora-compiler/src/dora/tests/operations.rs
expression: op
snapshot_kind: text
---
module {
  func.func private @dora_fn_nop()
  func.func private @dora_fn_tracing(!llvm.ptr, i8, i64, !llvm.ptr, !llvm.ptr)
  func.func private @dora_fn_write_result(!llvm.ptr, i64, i64, i64, i8)
  func.func private @dora_fn_is_static(!llvm.ptr) -> i8
  func.func private @dora_fn_exp(!llvm.ptr, !llvm.ptr, !llvm.ptr)
  func.func private @dora_fn_keccak256_hasher(!llvm.ptr, i64, i64, !llvm.ptr)
  func.func private @dora_fn_calldata(!llvm.ptr) -> !llvm.ptr
  func.func private @dora_fn_calldata_size(!llvm.ptr) -> i64
  func.func private @dora_fn_calldata_copy(!llvm.ptr, i64, !llvm.ptr, i64)
  func.func private @dora_fn_data_section(!llvm.ptr) -> !llvm.ptr
  func.func private @dora_fn_data_section_size(!llvm.ptr) -> i64
  func.func private @dora_fn_data_section_copy(!llvm.ptr, i64, !llvm.ptr, i64)
  func.func private @dora_fn_chainid(!llvm.ptr) -> i64
  func.func private @dora_fn_callvalue(!llvm.ptr, !llvm.ptr)
  func.func private @dora_fn_caller(!llvm.ptr, !llvm.ptr)
  func.func private @dora_fn_store_in_gasprice_ptr(!llvm.ptr, !llvm.ptr)
  func.func private @dora_fn_store_in_selfbalance_ptr(!llvm.ptr, !llvm.ptr) -> !llvm.ptr
  func.func private @dora_fn_store_in_blobbasefee_ptr(!llvm.ptr, !llvm.ptr)
  func.func private @dora_fn_store_in_gaslimit_ptr(!llvm.ptr, !llvm.ptr)
  func.func private @dora_fn_extend_memory(!llvm.ptr, i64) -> !llvm.ptr
  func.func private @dora_fn_memory_ptr(!llvm.ptr) -> !llvm.ptr
  func.func private @dora_fn_memory_size(!llvm.ptr) -> i64
  func.func private @dora_fn_code_copy(!llvm.ptr, i64, !llvm.ptr, i64)
  func.func private @dora_fn_sload(!llvm.ptr, !llvm.ptr, !llvm.ptr) -> !llvm.ptr
  func.func private @dora_fn_sstore(!llvm.ptr, !llvm.ptr, !llvm.ptr, i64) -> !llvm.ptr
  func.func private @dora_fn_append_log(!llvm.ptr, i64, i64)
  func.func private @dora_fn_append_log_with_one_topic(!llvm.ptr, i64, i64, !llvm.ptr)
  func.func private @dora_fn_append_log_with_two_topics(!llvm.ptr, i64, i64, !llvm.ptr, !llvm.ptr)
  func.func private @dora_fn_append_log_with_three_topics(!llvm.ptr, i64, i64, !llvm.ptr, !llvm.ptr, !llvm.ptr)
  func.func private @dora_fn_append_log_with_four_topics(!llvm.ptr, i64, i64, !llvm.ptr, !llvm.ptr, !llvm.ptr, !llvm.ptr)
  func.func private @dora_fn_origin(!llvm.ptr, !llvm.ptr)
  func.func private @dora_fn_coinbase(!llvm.ptr) -> !llvm.ptr
  func.func private @dora_fn_block_number(!llvm.ptr, !llvm.ptr)
  func.func private @dora_fn_extcodesize(!llvm.ptr, !llvm.ptr) -> !llvm.ptr
  func.func private @dora_fn_address(!llvm.ptr) -> !llvm.ptr
  func.func private @dora_fn_prevrando(!llvm.ptr, !llvm.ptr)
  func.func private @dora_fn_store_in_timestamp_ptr(!llvm.ptr, !llvm.ptr)
  func.func private @dora_fn_store_in_basefee_ptr(!llvm.ptr, !llvm.ptr)
  func.func private @dora_fn_store_in_balance(!llvm.ptr, !llvm.ptr) -> !llvm.ptr
  func.func private @dora_fn_ext_code_copy(!llvm.ptr, !llvm.ptr, !llvm.ptr, i64, i64) -> !llvm.ptr
  func.func private @dora_fn_blob_hash(!llvm.ptr, !llvm.ptr)
  func.func private @dora_fn_block_hash(!llvm.ptr, !llvm.ptr) -> !llvm.ptr
  func.func private @dora_fn_ext_code_hash(!llvm.ptr, !llvm.ptr) -> !llvm.ptr
  func.func private @dora_fn_eofcreate(!llvm.ptr, i8, i64, i64, !llvm.ptr, i64, !llvm.ptr) -> !llvm.ptr
  func.func private @dora_fn_returncontract(!llvm.ptr, i8, i64, i64, index, i64, i8) -> !llvm.ptr
  func.func private @dora_fn_call(!llvm.ptr, !llvm.ptr, !llvm.ptr, !llvm.ptr, i64, i64, i64, i64, i64, i8) -> !llvm.ptr
  func.func private @dora_fn_create(!llvm.ptr, i64, i64, !llvm.ptr, i64) -> !llvm.ptr
  func.func private @dora_fn_create2(!llvm.ptr, i64, i64, !llvm.ptr, i64, !llvm.ptr) -> !llvm.ptr
  func.func private @dora_fn_extcall(!llvm.ptr, !llvm.ptr, !llvm.ptr, i64, i64, i64, i8) -> !llvm.ptr
  func.func private @dora_fn_returndata(!llvm.ptr) -> !llvm.ptr
  func.func private @dora_fn_returndata_size(!llvm.ptr) -> i64
  func.func private @dora_fn_returndata_copy(!llvm.ptr, i64, !llvm.ptr, i64) -> !llvm.ptr
  func.func private @dora_fn_selfdestruct(!llvm.ptr, !llvm.ptr) -> !llvm.ptr
  func.func private @dora_fn_tload(!llvm.ptr, !llvm.ptr, !llvm.ptr)
  func.func private @dora_fn_tstore(!llvm.ptr, !llvm.ptr, !llvm.ptr)
  func.func private @op95(%arg0: !llvm.ptr, %arg1: !llvm.ptr, %arg2: !llvm.ptr, %arg3: !llvm.ptr, %arg4: !llvm.ptr) -> i8 {
    cf.br ^bb5
  ^bb1(%0: i8):  // 2 preds: ^bb4, ^bb5
    %c0_i64 = arith.constant 0 : i64
    %1 = llvm.load %arg1 : !llvm.ptr -> i64
    call @dora_fn_write_result(%arg0, %c0_i64, %c0_i64, %1, %0) : (!llvm.ptr, i64, i64, i64, i8) -> ()
    return %0 : i8
  ^bb2(%2: i8):  // no predecessors
    return %2 : i8
  ^bb3:  // pred: ^bb4
    %c0_i256 = arith.constant 0 : i256
    %3 = llvm.load %arg4 : !llvm.ptr -> !llvm.ptr
    llvm.store %c0_i256, %3 : i256, !llvm.ptr
    %4 = llvm.getelementptr %3[1] : (!llvm.ptr) -> !llvm.ptr, i256
    llvm.store %4, %arg4 : !llvm.ptr, !llvm.ptr
    cf.br ^bb7
  ^bb4:  // pred: ^bb6
    %c1024_i64 = arith.constant 1024 : i64
    %5 = llvm.load %arg3 : !llvm.ptr -> i64
    %c1_i64 = arith.constant 1 : i64
    %6 = arith.addi %5, %c1_i64 : i64
    llvm.store %6, %arg3 : i64, !llvm.ptr
    %7 = arith.cmpi ult, %c1024_i64, %6 : i64
    %c92_i8 = arith.constant 92 : i8
    cf.cond_br %7, ^bb1(%c92_i8 : i8), ^bb3
  ^bb5:  // pred: ^bb0
    %8 = llvm.load %arg1 : !llvm.ptr -> i64
    %c2_i64 = arith.constant 2 : i64
    call @dora_fn_nop() : () -> ()
    %9 = arith.cmpi uge, %8, %c2_i64 : i64
    %c80_i8 = arith.constant 80 : i8
    cf.cond_br %9, ^bb6, ^bb1(%c80_i8 : i8)
  ^bb6:  // pred: ^bb5
    %10 = arith.subi %8, %c2_i64 : i64
    llvm.store %10, %arg1 : i64, !llvm.ptr
    cf.br ^bb4
  ^bb7:  // pred: ^bb3
    %c0_i8 = arith.constant 0 : i8
    return %c0_i8 : i8
  }
  func.func private @op91(%arg0: !llvm.ptr, %arg1: !llvm.ptr, %arg2: !llvm.ptr, %arg3: !llvm.ptr, %arg4: !llvm.ptr) -> i8 {
    cf.br ^bb5
  ^bb1(%0: i8):  // pred: ^bb5
    %c0_i64 = arith.constant 0 : i64
    %1 = llvm.load %arg1 : !llvm.ptr -> i64
    call @dora_fn_write_result(%arg0, %c0_i64, %c0_i64, %1, %0) : (!llvm.ptr, i64, i64, i64, i8) -> ()
    return %0 : i8
  ^bb2(%2: i8):  // no predecessors
    return %2 : i8
  ^bb3:  // pred: ^bb4
    cf.br ^bb7
  ^bb4:  // pred: ^bb6
    %c1024_i64 = arith.constant 1024 : i64
    %3 = llvm.load %arg3 : !llvm.ptr -> i64
    %c0_i64_0 = arith.constant 0 : i64
    %4 = arith.addi %3, %c0_i64_0 : i64
    llvm.store %4, %arg3 : i64, !llvm.ptr
    cf.br ^bb3
  ^bb5:  // pred: ^bb0
    %5 = llvm.load %arg1 : !llvm.ptr -> i64
    %c1_i64 = arith.constant 1 : i64
    call @dora_fn_nop() : () -> ()
    %6 = arith.cmpi uge, %5, %c1_i64 : i64
    %c80_i8 = arith.constant 80 : i8
    cf.cond_br %6, ^bb6, ^bb1(%c80_i8 : i8)
  ^bb6:  // pred: ^bb5
    %7 = arith.subi %5, %c1_i64 : i64
    llvm.store %7, %arg1 : i64, !llvm.ptr
    cf.br ^bb4
  ^bb7:  // pred: ^bb3
    %c0_i8 = arith.constant 0 : i8
    return %c0_i8 : i8
  }
  func.func public @main(%arg0: !llvm.ptr, %arg1: !llvm.ptr, %arg2: !llvm.ptr, %arg3: !llvm.ptr) -> i8 attributes {llvm.emit_c_interface} {
    %c0_i64 = arith.constant 0 : i64
    %0 = llvm.alloca %c0_i64 x !llvm.ptr : (i64) -> !llvm.ptr
    llvm.store %arg2, %0 : !llvm.ptr, !llvm.ptr
    %c0_i8 = arith.constant 0 : i8
    %c0_i8_0 = arith.constant 0 : i8
    %1 = arith.cmpi ne, %c0_i8, %c0_i8_0 : i8
    cf.cond_br %1, ^bb1(%c0_i8 : i8), ^bb6
  ^bb1(%2: i8):  // 13 preds: ^bb0, ^bb2, ^bb4, ^bb5, ^bb6, ^bb10, ^bb11, ^bb13, ^bb15, ^bb16, ^bb18, ^bb20, ^bb21
    %c0_i64_1 = arith.constant 0 : i64
    %3 = llvm.load %arg1 : !llvm.ptr -> i64
    call @dora_fn_write_result(%arg0, %c0_i64_1, %c0_i64_1, %3, %2) : (!llvm.ptr, i64, i64, i64, i8) -> ()
    return %2 : i8
  ^bb2(%4: i256):  // pred: ^bb8
    %c89_i8 = arith.constant 89 : i8
    cf.switch %4 : i256, [
      default: ^bb1(%c89_i8 : i8),
      5: ^bb18
    ]
  ^bb3(%5: i8):  // 3 preds: ^bb9, ^bb14, ^bb19
    return %5 : i8
  ^bb4:  // pred: ^bb5
    %c5_i256 = arith.constant 5 : i256
    %6 = llvm.load %0 : !llvm.ptr -> !llvm.ptr
    llvm.store %c5_i256, %6 : i256, !llvm.ptr
    %7 = llvm.getelementptr %6[1] : (!llvm.ptr) -> !llvm.ptr, i256
    llvm.store %7, %0 : !llvm.ptr, !llvm.ptr
    %c0_i8_2 = arith.constant 0 : i8
    %8 = arith.cmpi ne, %c0_i8_2, %c0_i8_0 : i8
    cf.cond_br %8, ^bb1(%c0_i8_2 : i8), ^bb11
  ^bb5:  // pred: ^bb7
    %c1024_i64 = arith.constant 1024 : i64
    %9 = llvm.load %arg3 : !llvm.ptr -> i64
    %c1_i64 = arith.constant 1 : i64
    %10 = arith.addi %9, %c1_i64 : i64
    llvm.store %10, %arg3 : i64, !llvm.ptr
    %11 = arith.cmpi ult, %c1024_i64, %10 : i64
    %c92_i8 = arith.constant 92 : i8
    cf.cond_br %11, ^bb1(%c92_i8 : i8), ^bb4
  ^bb6:  // pred: ^bb0
    %12 = llvm.load %arg1 : !llvm.ptr -> i64
    %c3_i64 = arith.constant 3 : i64
    call @dora_fn_nop() : () -> ()
    %13 = arith.cmpi uge, %12, %c3_i64 : i64
    %c80_i8 = arith.constant 80 : i8
    cf.cond_br %13, ^bb7, ^bb1(%c80_i8 : i8)
  ^bb7:  // pred: ^bb6
    %14 = arith.subi %12, %c3_i64 : i64
    llvm.store %14, %arg1 : i64, !llvm.ptr
    cf.br ^bb5
  ^bb8:  // pred: ^bb10
    %15 = llvm.load %0 : !llvm.ptr -> !llvm.ptr
    %16 = llvm.getelementptr %15[-1] : (!llvm.ptr) -> !llvm.ptr, i256
    %17 = llvm.load %16 : !llvm.ptr -> i256
    llvm.store %16, %0 : !llvm.ptr, !llvm.ptr
    cf.br ^bb2(%17 : i256)
  ^bb9:  // no predecessors
    %c0_i8_3 = arith.constant 0 : i8
    %18 = arith.cmpi ne, %c0_i8_3, %c0_i8_0 : i8
    cf.cond_br %18, ^bb3(%c0_i8_3 : i8), ^bb13
  ^bb10:  // pred: ^bb12
    %c1024_i64_4 = arith.constant 1024 : i64
    %19 = llvm.load %arg3 : !llvm.ptr -> i64
    %c-1_i64 = arith.constant -1 : i64
    %20 = arith.addi %19, %c-1_i64 : i64
    llvm.store %20, %arg3 : i64, !llvm.ptr
    %c1_i64_5 = arith.constant 1 : i64
    %21 = arith.cmpi ult, %19, %c1_i64_5 : i64
    %c91_i8 = arith.constant 91 : i8
    cf.cond_br %21, ^bb1(%c91_i8 : i8), ^bb8
  ^bb11:  // pred: ^bb4
    %22 = llvm.load %arg1 : !llvm.ptr -> i64
    %c8_i64 = arith.constant 8 : i64
    call @dora_fn_nop() : () -> ()
    %23 = arith.cmpi uge, %22, %c8_i64 : i64
    %c80_i8_6 = arith.constant 80 : i8
    cf.cond_br %23, ^bb12, ^bb1(%c80_i8_6 : i8)
  ^bb12:  // pred: ^bb11
    %24 = arith.subi %22, %c8_i64 : i64
    llvm.store %24, %arg1 : i64, !llvm.ptr
    cf.br ^bb10
  ^bb13:  // pred: ^bb9
    %25 = call @op95(%arg0, %arg1, %arg2, %arg3, %0) : (!llvm.ptr, !llvm.ptr, !llvm.ptr, !llvm.ptr, !llvm.ptr) -> i8
    %26 = arith.cmpi ne, %25, %c0_i8_0 : i8
    cf.cond_br %26, ^bb1(%25 : i8), ^bb16
  ^bb14:  // pred: ^bb15
    %c1_i256 = arith.constant 1 : i256
    %27 = llvm.load %0 : !llvm.ptr -> !llvm.ptr
    llvm.store %c1_i256, %27 : i256, !llvm.ptr
    %28 = llvm.getelementptr %27[1] : (!llvm.ptr) -> !llvm.ptr, i256
    llvm.store %28, %0 : !llvm.ptr, !llvm.ptr
    %c0_i8_7 = arith.constant 0 : i8
    %29 = arith.cmpi ne, %c0_i8_7, %c0_i8_0 : i8
    cf.cond_br %29, ^bb3(%c0_i8_7 : i8), ^bb18
  ^bb15:  // pred: ^bb17
    %c1024_i64_8 = arith.constant 1024 : i64
    %30 = llvm.load %arg3 : !llvm.ptr -> i64
    %c1_i64_9 = arith.constant 1 : i64
    %31 = arith.addi %30, %c1_i64_9 : i64
    llvm.store %31, %arg3 : i64, !llvm.ptr
    %32 = arith.cmpi ult, %c1024_i64_8, %31 : i64
    %c92_i8_10 = arith.constant 92 : i8
    cf.cond_br %32, ^bb1(%c92_i8_10 : i8), ^bb14
  ^bb16:  // pred: ^bb13
    %33 = llvm.load %arg1 : !llvm.ptr -> i64
    %c3_i64_11 = arith.constant 3 : i64
    call @dora_fn_nop() : () -> ()
    %34 = arith.cmpi uge, %33, %c3_i64_11 : i64
    %c80_i8_12 = arith.constant 80 : i8
    cf.cond_br %34, ^bb17, ^bb1(%c80_i8_12 : i8)
  ^bb17:  // pred: ^bb16
    %35 = arith.subi %33, %c3_i64_11 : i64
    llvm.store %35, %arg1 : i64, !llvm.ptr
    cf.br ^bb15
  ^bb18:  // 2 preds: ^bb2, ^bb14
    %36 = call @op91(%arg0, %arg1, %arg2, %arg3, %0) : (!llvm.ptr, !llvm.ptr, !llvm.ptr, !llvm.ptr, !llvm.ptr) -> i8
    %37 = arith.cmpi ne, %36, %c0_i8_0 : i8
    cf.cond_br %37, ^bb1(%36 : i8), ^bb21
  ^bb19:  // pred: ^bb20
    %c2_i256 = arith.constant 2 : i256
    %38 = llvm.load %0 : !llvm.ptr -> !llvm.ptr
    llvm.store %c2_i256, %38 : i256, !llvm.ptr
    %39 = llvm.getelementptr %38[1] : (!llvm.ptr) -> !llvm.ptr, i256
    llvm.store %39, %0 : !llvm.ptr, !llvm.ptr
    %c0_i8_13 = arith.constant 0 : i8
    %40 = arith.cmpi ne, %c0_i8_13, %c0_i8_0 : i8
    cf.cond_br %40, ^bb3(%c0_i8_13 : i8), ^bb23
  ^bb20:  // pred: ^bb22
    %c1024_i64_14 = arith.constant 1024 : i64
    %41 = llvm.load %arg3 : !llvm.ptr -> i64
    %c1_i64_15 = arith.constant 1 : i64
    %42 = arith.addi %41, %c1_i64_15 : i64
    llvm.store %42, %arg3 : i64, !llvm.ptr
    %43 = arith.cmpi ult, %c1024_i64_14, %42 : i64
    %c92_i8_16 = arith.constant 92 : i8
    cf.cond_br %43, ^bb1(%c92_i8_16 : i8), ^bb19
  ^bb21:  // pred: ^bb18
    %44 = llvm.load %arg1 : !llvm.ptr -> i64
    %c3_i64_17 = arith.constant 3 : i64
    call @dora_fn_nop() : () -> ()
    %45 = arith.cmpi uge, %44, %c3_i64_17 : i64
    %c80_i8_18 = arith.constant 80 : i8
    cf.cond_br %45, ^bb22, ^bb1(%c80_i8_18 : i8)
  ^bb22:  // pred: ^bb21
    %46 = arith.subi %44, %c3_i64_17 : i64
    llvm.store %46, %arg1 : i64, !llvm.ptr
    cf.br ^bb20
  ^bb23:  // pred: ^bb19
    %c0_i64_19 = arith.constant 0 : i64
    %c2_i8 = arith.constant 2 : i8
    %47 = llvm.load %arg1 : !llvm.ptr -> i64
    call @dora_fn_write_result(%arg0, %c0_i64_19, %c0_i64_19, %47, %c2_i8) : (!llvm.ptr, i64, i64, i64, i8) -> ()
    return %c2_i8 : i8
  }
}
