---
source: crates/dora-compiler/src/dora/tests/operations.rs
expression: op
snapshot_kind: text
---
module {
  llvm.mlir.global internal @dora_global_stack_ptr() {addr_space = 0 : i32} : !llvm.ptr
  llvm.mlir.global internal @dora_global_stack_length() {addr_space = 0 : i32} : i64
  llvm.mlir.global internal @dora_global_memory_ptr() {addr_space = 0 : i32} : !llvm.ptr
  llvm.mlir.global internal @dora_global_memory_size() {addr_space = 0 : i32} : i64
  llvm.mlir.global internal @dora_global_calldata_ptr() {addr_space = 0 : i32} : !llvm.ptr
  llvm.mlir.global internal @dora_global_calldata_size() {addr_space = 0 : i32} : i64
  llvm.mlir.global internal @dora_global_gas_counter() {addr_space = 0 : i32} : i64
  llvm.mlir.global external @dora_global_ctx_is_static() {addr_space = 0 : i32} : !llvm.ptr
  func.func private @dora_fn_nop()
  func.func private @dora_fn_tracing(!llvm.ptr, i8, i64, !llvm.ptr, i64)
  func.func private @dora_fn_write_result(!llvm.ptr, i64, i64, i64, i8)
  func.func private @dora_fn_keccak256_hasher(!llvm.ptr, i64, i64, !llvm.ptr)
  func.func private @dora_fn_calldata(!llvm.ptr) -> !llvm.ptr
  func.func private @dora_fn_calldata_size(!llvm.ptr) -> i64
  func.func private @dora_fn_chainid(!llvm.ptr) -> i64
  func.func private @dora_fn_callvalue(!llvm.ptr, !llvm.ptr)
  func.func private @dora_fn_caller(!llvm.ptr, !llvm.ptr)
  func.func private @dora_fn_store_in_gasprice_ptr(!llvm.ptr, !llvm.ptr)
  func.func private @dora_fn_store_in_selfbalance_ptr(!llvm.ptr, !llvm.ptr) -> !llvm.ptr
  func.func private @dora_fn_store_in_blobbasefee_ptr(!llvm.ptr, !llvm.ptr)
  func.func private @dora_fn_store_in_gaslimit_ptr(!llvm.ptr, !llvm.ptr)
  func.func private @dora_fn_extend_memory(!llvm.ptr, i64) -> !llvm.ptr
  func.func private @dora_fn_code_copy(!llvm.ptr, i64, i64, i64)
  func.func private @dora_fn_sload(!llvm.ptr, !llvm.ptr, !llvm.ptr) -> !llvm.ptr
  func.func private @dora_fn_sstore(!llvm.ptr, !llvm.ptr, !llvm.ptr, i64) -> !llvm.ptr
  func.func private @dora_fn_append_log(!llvm.ptr, i64, i64)
  func.func private @dora_fn_append_log_with_one_topic(!llvm.ptr, i64, i64, !llvm.ptr)
  func.func private @dora_fn_append_log_with_two_topics(!llvm.ptr, i64, i64, !llvm.ptr, !llvm.ptr)
  func.func private @dora_fn_append_log_with_three_topics(!llvm.ptr, i64, i64, !llvm.ptr, !llvm.ptr, !llvm.ptr)
  func.func private @dora_fn_append_log_with_four_topics(!llvm.ptr, i64, i64, !llvm.ptr, !llvm.ptr, !llvm.ptr, !llvm.ptr)
  func.func private @dora_fn_origin(!llvm.ptr, !llvm.ptr)
  func.func private @dora_fn_coinbase(!llvm.ptr) -> !llvm.ptr
  func.func private @dora_fn_block_number(!llvm.ptr, !llvm.ptr)
  func.func private @dora_fn_extcodesize(!llvm.ptr, !llvm.ptr) -> !llvm.ptr
  func.func private @dora_fn_address(!llvm.ptr) -> !llvm.ptr
  func.func private @dora_fn_prevrando(!llvm.ptr, !llvm.ptr)
  func.func private @dora_fn_store_in_timestamp_ptr(!llvm.ptr, !llvm.ptr)
  func.func private @dora_fn_store_in_basefee_ptr(!llvm.ptr, !llvm.ptr)
  func.func private @dora_fn_call(!llvm.ptr, i64, !llvm.ptr, !llvm.ptr, i64, i64, i64, i64, i64, i8) -> !llvm.ptr
  func.func private @dora_fn_store_in_balance(!llvm.ptr, !llvm.ptr) -> !llvm.ptr
  func.func private @dora_fn_ext_code_copy(!llvm.ptr, !llvm.ptr, i64, i64, i64) -> !llvm.ptr
  func.func private @dora_fn_blob_hash(!llvm.ptr, !llvm.ptr)
  func.func private @dora_fn_block_hash(!llvm.ptr, !llvm.ptr) -> !llvm.ptr
  func.func private @dora_fn_ext_code_hash(!llvm.ptr, !llvm.ptr) -> !llvm.ptr
  func.func private @dora_fn_create(!llvm.ptr, i64, i64, !llvm.ptr, i64) -> !llvm.ptr
  func.func private @dora_fn_create2(!llvm.ptr, i64, i64, !llvm.ptr, i64, !llvm.ptr) -> !llvm.ptr
  func.func private @dora_fn_returndata_size(!llvm.ptr) -> i64
  func.func private @dora_fn_returndata_copy(!llvm.ptr, i64, i64, i64) -> !llvm.ptr
  func.func private @dora_fn_selfdestruct(!llvm.ptr, !llvm.ptr) -> !llvm.ptr
  func.func private @dora_fn_tload(!llvm.ptr, !llvm.ptr, !llvm.ptr)
  func.func private @dora_fn_tstore(!llvm.ptr, !llvm.ptr, !llvm.ptr)
  func.func public @main(%arg0: !llvm.ptr, %arg1: i64) -> i8 attributes {llvm.emit_c_interface} {
    %c1024_i256 = arith.constant 1024 : i256
    %0 = llvm.alloca %c1024_i256 x i256 : (i256) -> !llvm.ptr
    %1 = llvm.mlir.addressof @dora_global_stack_ptr : !llvm.ptr
    llvm.store %0, %1 : !llvm.ptr, !llvm.ptr
    %c0_i64 = arith.constant 0 : i64
    %2 = llvm.mlir.addressof @dora_global_stack_length : !llvm.ptr
    llvm.store %c0_i64, %2 : i64, !llvm.ptr
    %c0_i64_0 = arith.constant 0 : i64
    %3 = llvm.mlir.addressof @dora_global_memory_size : !llvm.ptr
    llvm.store %c0_i64_0, %3 : i64, !llvm.ptr
    %4 = call @dora_fn_calldata(%arg0) : (!llvm.ptr) -> !llvm.ptr
    %5 = llvm.mlir.addressof @dora_global_calldata_ptr : !llvm.ptr
    llvm.store %4, %5 : !llvm.ptr, !llvm.ptr
    %6 = call @dora_fn_calldata_size(%arg0) : (!llvm.ptr) -> i64
    %7 = llvm.mlir.addressof @dora_global_calldata_size : !llvm.ptr
    llvm.store %6, %7 : i64, !llvm.ptr
    %8 = llvm.mlir.addressof @dora_global_gas_counter : !llvm.ptr
    llvm.store %arg1, %8 : i64, !llvm.ptr
    cf.br ^bb5
  ^bb1(%9: i8):  // 3 preds: ^bb2, ^bb4, ^bb5
    %c0_i64_1 = arith.constant 0 : i64
    %10 = llvm.mlir.addressof @dora_global_gas_counter : !llvm.ptr
    %11 = llvm.load %10 : !llvm.ptr -> i64
    call @dora_fn_write_result(%arg0, %c0_i64_1, %c0_i64_1, %11, %9) : (!llvm.ptr, i64, i64, i64, i8) -> ()
    return %9 : i8
  ^bb2(%12: i256):  // no predecessors
    %c89_i8 = arith.constant 89 : i8
    cf.switch %12 : i256, [
      default: ^bb1(%c89_i8 : i8)
    ]
  ^bb3:  // pred: ^bb4
    %c1_i256 = arith.constant 1 : i256
    %13 = llvm.alloca %c1_i256 x i256 : (i256) -> !llvm.ptr
    call @dora_fn_block_number(%arg0, %13) : (!llvm.ptr, !llvm.ptr) -> ()
    %14 = llvm.load %13 : !llvm.ptr -> i256
    %15 = llvm.mlir.addressof @dora_global_stack_ptr : !llvm.ptr
    %16 = llvm.load %15 : !llvm.ptr -> !llvm.ptr
    llvm.store %14, %16 : i256, !llvm.ptr
    %17 = llvm.getelementptr %16[1] : (!llvm.ptr) -> !llvm.ptr, i256
    llvm.store %17, %15 : !llvm.ptr, !llvm.ptr
    cf.br ^bb7
  ^bb4:  // pred: ^bb6
    %18 = llvm.mlir.addressof @dora_global_stack_length : !llvm.ptr
    %c1024_i64 = arith.constant 1024 : i64
    %19 = llvm.load %18 : !llvm.ptr -> i64
    %c1_i64 = arith.constant 1 : i64
    %20 = arith.addi %19, %c1_i64 : i64
    llvm.store %20, %18 : i64, !llvm.ptr
    %21 = arith.cmpi ult, %c1024_i64, %20 : i64
    %c92_i8 = arith.constant 92 : i8
    cf.cond_br %21, ^bb1(%c92_i8 : i8), ^bb3
  ^bb5:  // pred: ^bb0
    %22 = llvm.mlir.addressof @dora_global_gas_counter : !llvm.ptr
    %23 = llvm.load %22 : !llvm.ptr -> i64
    %c2_i64 = arith.constant 2 : i64
    call @dora_fn_nop() : () -> ()
    %24 = arith.cmpi uge, %23, %c2_i64 : i64
    %c80_i8 = arith.constant 80 : i8
    cf.cond_br %24, ^bb6, ^bb1(%c80_i8 : i8)
  ^bb6:  // pred: ^bb5
    %25 = arith.subi %23, %c2_i64 : i64
    llvm.store %25, %22 : i64, !llvm.ptr
    cf.br ^bb4
  ^bb7:  // pred: ^bb3
    %c0_i64_2 = arith.constant 0 : i64
    %c1_i8 = arith.constant 1 : i8
    %26 = llvm.mlir.addressof @dora_global_gas_counter : !llvm.ptr
    %27 = llvm.load %26 : !llvm.ptr -> i64
    call @dora_fn_write_result(%arg0, %c0_i64_2, %c0_i64_2, %27, %c1_i8) : (!llvm.ptr, i64, i64, i64, i8) -> ()
    return %c1_i8 : i8
  }
}
